Archive member included because of file (symbol)

.\CortexM0\ARM_GCC_484\Debug\PSoC_4_BLE_Central_IAS.a(cyfitter_cfg.o)
                              .\CortexM0\ARM_GCC_484\Debug\Cm0Start.o (cyfitter_cfg)
.\CortexM0\ARM_GCC_484\Debug\PSoC_4_BLE_Central_IAS.a(BLE.o)
                              .\CortexM0\ARM_GCC_484\Debug\main.o (CyBle_Start)
.\CortexM0\ARM_GCC_484\Debug\PSoC_4_BLE_Central_IAS.a(BLE_gatt.o)
                              .\CortexM0\ARM_GCC_484\Debug\BLEclient.o (cyBle_state)
.\CortexM0\ARM_GCC_484\Debug\PSoC_4_BLE_Central_IAS.a(BLE_ias.o)
                              .\CortexM0\ARM_GCC_484\Debug\PSoC_4_BLE_Central_IAS.a(BLE.o) (CyBle_IasInit)
.\CortexM0\ARM_GCC_484\Debug\PSoC_4_BLE_Central_IAS.a(BLE_eventHandler.o)
                              .\CortexM0\ARM_GCC_484\Debug\PSoC_4_BLE_Central_IAS.a(BLE_gatt.o) (cyBle_connHandle)
.\CortexM0\ARM_GCC_484\Debug\PSoC_4_BLE_Central_IAS.a(User_Button.o)
                              .\CortexM0\ARM_GCC_484\Debug\BLEApplications.o (User_Button_Read)
.\CortexM0\ARM_GCC_484\Debug\PSoC_4_BLE_Central_IAS.a(Status_LED.o)
                              .\CortexM0\ARM_GCC_484\Debug\BLEclient.o (Status_LED_Write)
.\CortexM0\ARM_GCC_484\Debug\PSoC_4_BLE_Central_IAS.a(isr_button.o)
                              .\CortexM0\ARM_GCC_484\Debug\main.o (isr_button_StartEx)
.\CortexM0\ARM_GCC_484\Debug\PSoC_4_BLE_Central_IAS.a(CyBootAsmGnu.o)
                              .\CortexM0\ARM_GCC_484\Debug\PSoC_4_BLE_Central_IAS.a(cyfitter_cfg.o) (CyDelayCycles)
.\CortexM0\ARM_GCC_484\Debug\PSoC_4_BLE_Central_IAS.a(CyLib.o)
                              .\CortexM0\ARM_GCC_484\Debug\PSoC_4_BLE_Central_IAS.a(cyfitter_cfg.o) (CyDelayUs)
.\CortexM0\ARM_GCC_484\Debug\PSoC_4_BLE_Central_IAS.a(cyPm.o)
                              .\CortexM0\ARM_GCC_484\Debug\HandleLowPower.o (CySysPmSleep)
.\CortexM0\ARM_GCC_484\Debug\PSoC_4_BLE_Central_IAS.a(Pin_LED.o)
                              .\CortexM0\ARM_GCC_484\Debug\BLEApplications.o (Pin_LED_Write)
C:\Program Files (x86)\Cypress\PSoC Creator\3.1\PSoC Creator\psoc\content\cycomponentlibrary\CyComponentLibrary.cylib\BLE_v1_20\Library\gccCyBLEStack_BLE_SOC_CENTRAL.a(CyBle.o)
                              .\CortexM0\ARM_GCC_484\Debug\HandleLowPower.o (CyBle_EnterLPM)
C:\Program Files (x86)\Cypress\PSoC Creator\3.1\PSoC Creator\psoc\content\cycomponentlibrary\CyComponentLibrary.cylib\BLE_v1_20\Library\gccCyBLEStack_BLE_SOC_CENTRAL.a(CyBleStackMgrIP_Interface.o)
                              C:\Program Files (x86)\Cypress\PSoC Creator\3.1\PSoC Creator\psoc\content\cycomponentlibrary\CyComponentLibrary.cylib\BLE_v1_20\Library\gccCyBLEStack_BLE_SOC_CENTRAL.a(CyBle.o) (CyBleStackMgr_BleGetConfigData)
C:\Program Files (x86)\Cypress\PSoC Creator\3.1\PSoC Creator\psoc\content\cycomponentlibrary\CyComponentLibrary.cylib\BLE_v1_20\Library\gccCyBLEStack_BLE_SOC_CENTRAL.a(BT_os.o)
                              C:\Program Files (x86)\Cypress\PSoC Creator\3.1\PSoC Creator\psoc\content\cycomponentlibrary\CyComponentLibrary.cylib\BLE_v1_20\Library\gccCyBLEStack_BLE_SOC_CENTRAL.a(CyBleStackMgrIP_Interface.o) (bt_stack_init_os)
C:\Program Files (x86)\Cypress\PSoC Creator\3.1\PSoC Creator\psoc\content\cycomponentlibrary\CyComponentLibrary.cylib\BLE_v1_20\Library\gccCyBLEStack_BLE_SOC_CENTRAL.a(CyBleStackMgr_StackTaskHandler.o)
                              C:\Program Files (x86)\Cypress\PSoC Creator\3.1\PSoC Creator\psoc\content\cycomponentlibrary\CyComponentLibrary.cylib\BLE_v1_20\Library\gccCyBLEStack_BLE_SOC_CENTRAL.a(CyBleStackMgrIP_Interface.o) (CyBle_CreateBleStackTask)
C:\Program Files (x86)\Cypress\PSoC Creator\3.1\PSoC Creator\psoc\content\cycomponentlibrary\CyComponentLibrary.cylib\BLE_v1_20\Library\gccCyBLEStack_BLE_SOC_CENTRAL.a(transport_sf.o)
                              C:\Program Files (x86)\Cypress\PSoC Creator\3.1\PSoC Creator\psoc\content\cycomponentlibrary\CyComponentLibrary.cylib\BLE_v1_20\Library\gccCyBLEStack_BLE_SOC_CENTRAL.a(CyBleStackMgr_StackTaskHandler.o) (hci_soft_transport_notify_data_received)
C:\Program Files (x86)\Cypress\PSoC Creator\3.1\PSoC Creator\psoc\content\cycomponentlibrary\CyComponentLibrary.cylib\BLE_v1_20\Library\gccCyBLEStack_BLE_SOC_CENTRAL.a(CyBleStackMgr_PSoCHal.o)
                              C:\Program Files (x86)\Cypress\PSoC Creator\3.1\PSoC Creator\psoc\content\cycomponentlibrary\CyComponentLibrary.cylib\BLE_v1_20\Library\gccCyBLEStack_BLE_SOC_CENTRAL.a(CyBleStackMgrIP_Interface.o) (CyBleStackMgr_HalInit)
C:\Program Files (x86)\Cypress\PSoC Creator\3.1\PSoC Creator\psoc\content\cycomponentlibrary\CyComponentLibrary.cylib\BLE_v1_20\Library\gccCyBLEStack_BLE_SOC_CENTRAL.a(CyBleStackMgr_BleSSDriver.o)
                              C:\Program Files (x86)\Cypress\PSoC Creator\3.1\PSoC Creator\psoc\content\cycomponentlibrary\CyComponentLibrary.cylib\BLE_v1_20\Library\gccCyBLEStack_BLE_SOC_CENTRAL.a(CyBleStackMgrIP_Interface.o) (CyBleStackMgr_BleSSInit)
[...]
Memory Configuration

Name             Origin             Length             Attributes
rom              0x00000000         0x00020000         xr
ram              0x20000000         0x00004000         xrw
*default*        0x00000000         0xffffffff

Linker script and memory map

LOAD c:/program files (x86)/cypress/psoc creator/3.1/psoc creator/import/gnu_cs/arm/4.8.4/bin/../lib/gcc/arm-none-eabi/4.8.4/armv6-m/crti.o
LOAD c:/program files (x86)/cypress/psoc creator/3.1/psoc creator/import/gnu_cs/arm/4.8.4/bin/../lib/gcc/arm-none-eabi/4.8.4/armv6-m/crtbegin.o
LOAD c:/program files (x86)/cypress/psoc creator/3.1/psoc creator/import/gnu_cs/arm/4.8.4/bin/../lib/gcc/arm-none-eabi/4.8.4/../../../../arm-none-eabi/lib/armv6-m/crt0.o
START GROUP
LOAD .\CortexM0\ARM_GCC_484\Debug\main.o
LOAD .\CortexM0\ARM_GCC_484\Debug\BLEclient.o
LOAD .\CortexM0\ARM_GCC_484\Debug\BLEApplications.o
LOAD .\CortexM0\ARM_GCC_484\Debug\HandleLowPower.o
LOAD .\CortexM0\ARM_GCC_484\Debug\cymetadata.o
LOAD .\CortexM0\ARM_GCC_484\Debug\Cm0Start.o
LOAD .\CortexM0\ARM_GCC_484\Debug\PSoC_4_BLE_Central_IAS.a
LOAD C:\Program Files (x86)\Cypress\PSoC Creator\3.1\PSoC Creator\psoc\content\cycomponentlibrary\CyComponentLibrary.cylib\BLE_v1_20\Library\gccCyBLEStack_BLE_SOC_CENTRAL.a
LOAD C:\Program Files (x86)\Cypress\PSoC Creator\3.1\PSoC Creator\psoc\content\cycomponentlibrary\CyComponentLibrary.cylib\CortexM0\ARM_GCC_484\Debug\CyComponentLibrary.a
END GROUP
START GROUP
LOAD c:/program files (x86)/cypress/psoc creator/3.1/psoc creator/import/gnu_cs/arm/4.8.4/bin/../lib/gcc/arm-none-eabi/4.8.4/armv6-m\libgcc.a
LOAD c:/program files (x86)/cypress/psoc creator/3.1/psoc creator/import/gnu_cs/arm/4.8.4/bin/../lib/gcc/arm-none-eabi/4.8.4/../../../../arm-none-eabi/lib/armv6-m\libg_s.a
LOAD c:/program files (x86)/cypress/psoc creator/3.1/psoc creator/import/gnu_cs/arm/4.8.4/bin/../lib/gcc/arm-none-eabi/4.8.4/../../../../arm-none-eabi/lib/armv6-m\libc_s.a
END GROUP
START GROUP
LOAD c:/program files (x86)/cypress/psoc creator/3.1/psoc creator/import/gnu_cs/arm/4.8.4/bin/../lib/gcc/arm-none-eabi/4.8.4/armv6-m\libgcc.a
LOAD c:/program files (x86)/cypress/psoc creator/3.1/psoc creator/import/gnu_cs/arm/4.8.4/bin/../lib/gcc/arm-none-eabi/4.8.4/../../../../arm-none-eabi/lib/armv6-m\libc_s.a
END GROUP
LOAD c:/program files (x86)/cypress/psoc creator/3.1/psoc creator/import/gnu_cs/arm/4.8.4/bin/../lib/gcc/arm-none-eabi/4.8.4/armv6-m/crtend.o
LOAD c:/program files (x86)/cypress/psoc creator/3.1/psoc creator/import/gnu_cs/arm/4.8.4/bin/../lib/gcc/arm-none-eabi/4.8.4/armv6-m/crtn.o
START GROUP
LOAD c:/program files (x86)/cypress/psoc creator/3.1/psoc creator/import/gnu_cs/arm/4.8.4/bin/../lib/gcc/arm-none-eabi/4.8.4/armv6-m\libgcc.a
LOAD c:/program files (x86)/cypress/psoc creator/3.1/psoc creator/import/gnu_cs/arm/4.8.4/bin/../lib/gcc/arm-none-eabi/4.8.4/../../../../arm-none-eabi/lib/armv6-m\libc.a
LOAD c:/program files (x86)/cypress/psoc creator/3.1/psoc creator/import/gnu_cs/arm/4.8.4/bin/../lib/gcc/arm-none-eabi/4.8.4/../../../../arm-none-eabi/lib/armv6-m\libnosys.a
END GROUP
                0x00000000                CY_APPL_ORIGIN = 0x0
                0x00000080                CY_FLASH_ROW_SIZE = 0x80
                0x00000001                CY_APPL_NUM = 0x1
                0x00000040                CY_METADATA_SIZE = 0x40
                0x20002618                PROVIDE (__cy_heap_start, _end)
                0x00000001                PROVIDE (__cy_region_num, ((__cy_regions_end - __cy_regions) / 0x10))
                0x20004000                PROVIDE (__cy_stack, (ORIGIN (ram) + 0x4000))
                0x20003800                PROVIDE (__cy_heap_end, (__cy_stack - 0x800))

.cybootloader   0x00000000        0x0
 *(.cybootloader)
                0x00000000                appl1_start = CY_APPL_ORIGIN?CY_APPL_ORIGIN:ALIGN (CY_FLASH_ROW_SIZE)
                0x0000ff80                appl2_start = (appl1_start + ALIGN ((((0x20000 - appl1_start) - (0x2 * CY_FLASH_ROW_SIZE)) / 0x2), CY_FLASH_ROW_SIZE))
                0x00000000                appl_start = (CY_APPL_NUM == 0x1)?appl1_start:appl2_start

.text           0x00000000     0x2cc8
 CREATE_OBJECT_SYMBOLS
                0x00000000                PROVIDE (__cy_interrupt_vector, RomVectors)
 *(.romvectors)
 .romvectors    0x00000000       0x10 .\CortexM0\ARM_GCC_484\Debug\Cm0Start.o
                0x00000000                RomVectors
                0x00000001                ASSERT ((. != __cy_interrupt_vector), No interrupt vector)
                0x00000001                ASSERT (CY_APPL_ORIGIN?(SIZEOF (.cybootloader) <= CY_APPL_ORIGIN):0x1, Wrong image location)
                0x00000010                PROVIDE (__cy_reset, Reset)
 *(.text.Reset)
 .text.Reset    0x00000010        0x8 .\CortexM0\ARM_GCC_484\Debug\Cm0Start.o
                0x00000010                Reset
                0x00000001                ASSERT ((. != __cy_reset), No reset code)
 *(.psocinit)
 .psocinit      0x00000018      0x298 .\CortexM0\ARM_GCC_484\Debug\PSoC_4_BLE_Central_IAS.a(cyfitter_cfg.o)
                0x00000170                cyfitter_cfg
                0x000002b0                . = MAX (., 0x100)
 *(.text .text.* .gnu.linkonce.t.*)
 .text          0x000002b0       0x60 c:/program files (x86)/cypress/psoc creator/3.1/psoc creator/import/gnu_cs/arm/4.8.4/bin/../lib/gcc/arm-none-eabi/4.8.4/armv6-m/crtbegin.o
 .text.main     0x00000310       0x70 .\CortexM0\ARM_GCC_484\Debug\main.o
                0x00000310                main
 .text.InitializeSystem
                0x00000380       0x28 .\CortexM0\ARM_GCC_484\Debug\main.o
                0x00000380                InitializeSystem
 .text.ApplicationEventHandler
                0x000003a8      0x1fc .\CortexM0\ARM_GCC_484\Debug\BLEclient.o
                0x000003a8                ApplicationEventHandler
 .text.HandleScanDevices
                0x000005a4      0x2a8 .\CortexM0\ARM_GCC_484\Debug\BLEclient.o
                0x000005a4                HandleScanDevices
 .text.LoadPeripheralDeviceData
                0x0000084c       0x30 .\CortexM0\ARM_GCC_484\Debug\BLEclient.o
                0x0000084c                LoadPeripheralDeviceData
 .text.CheckButtonStatus
                0x0000087c       0xe4 .\CortexM0\ARM_GCC_484\Debug\BLEApplications.o
                0x0000087c                CheckButtonStatus
 .text.HandleLEDs
                0x00000960       0xb8 .\CortexM0\ARM_GCC_484\Debug\BLEApplications.o
                0x00000960                HandleLEDs
 .text.SetAlertLevel
                0x00000a18       0x40 .\CortexM0\ARM_GCC_484\Debug\BLEApplications.o
                0x00000a18                SetAlertLevel
 .text.HandleLowPowerMode
                0x00000a58       0x50 .\CortexM0\ARM_GCC_484\Debug\HandleLowPower.o
                0x00000a58                HandleLowPowerMode
 .text.MyISR    0x00000aa8       0x10 .\CortexM0\ARM_GCC_484\Debug\HandleLowPower.o
                0x00000aa8                MyISR
 .text.IntDefaultHandler
                0x00000ab8        0x8 .\CortexM0\ARM_GCC_484\Debug\Cm0Start.o
                0x00000ab8                IntDefaultHandler
 .text.Start_c  0x00000ac0       0x98 .\CortexM0\ARM_GCC_484\Debug\Cm0Start.o
                0x00000ac0                Start_c
 .text.initialize_psoc
                0x00000b58       0x70 .\CortexM0\ARM_GCC_484\Debug\Cm0Start.o
                0x00000b58                initialize_psoc
 .text.CYMEMZERO
                0x00000bc8       0x20 .\CortexM0\ARM_GCC_484\Debug\PSoC_4_BLE_Central_IAS.a(cyfitter_cfg.o)
 .text.cfg_write_bytes32
                0x00000be8       0x80 .\CortexM0\ARM_GCC_484\Debug\PSoC_4_BLE_Central_IAS.a(cyfitter_cfg.o)
 .text.AnalogSetDefault
                0x00000c68       0x28 .\CortexM0\ARM_GCC_484\Debug\PSoC_4_BLE_Central_IAS.a(cyfitter_cfg.o)
 .text.CyBle_Init
                0x00000c90       0x84 .\CortexM0\ARM_GCC_484\Debug\PSoC_4_BLE_Central_IAS.a(BLE.o)
                0x00000c90                CyBle_Init
 .text.CyBle_ServiceInit
                0x00000d14       0x2c .\CortexM0\ARM_GCC_484\Debug\PSoC_4_BLE_Central_IAS.a(BLE.o)
                0x00000d14                CyBle_ServiceInit
 .text.CyBle_Start
                0x00000d40       0x80 .\CortexM0\ARM_GCC_484\Debug\PSoC_4_BLE_Central_IAS.a(BLE.o)
                0x00000d40                CyBle_Start
 .text.CyBle_GapcStartScan
                0x00000dc0       0x94 .\CortexM0\ARM_GCC_484\Debug\PSoC_4_BLE_Central_IAS.a(BLE.o)
                0x00000dc0                CyBle_GapcStartScan
 .text.CyBle_GapcStopScan
                0x00000e54       0x20 .\CortexM0\ARM_GCC_484\Debug\PSoC_4_BLE_Central_IAS.a(BLE.o)
                0x00000e54                CyBle_GapcStopScan
 .text.CyBle_GapcConnectDevice
                0x00000e74       0xb8 .\CortexM0\ARM_GCC_484\Debug\PSoC_4_BLE_Central_IAS.a(BLE.o)
                0x00000e74                CyBle_GapcConnectDevice
 .text.CyBle_GapcCancelDeviceConnection
                0x00000f2c       0x40 .\CortexM0\ARM_GCC_484\Debug\PSoC_4_BLE_Central_IAS.a(BLE.o)
                0x00000f2c                CyBle_GapcCancelDeviceConnection
 .text.CyBle_Get16ByPtr
                0x00000f6c       0x24 .\CortexM0\ARM_GCC_484\Debug\PSoC_4_BLE_Central_IAS.a(BLE.o)
                0x00000f6c                CyBle_Get16ByPtr
 .text.CyBle_GattcStartDiscovery
                0x00000f90       0xd0 .\CortexM0\ARM_GCC_484\Debug\PSoC_4_BLE_Central_IAS.a(BLE_gatt.o)
                0x00000f90                CyBle_GattcStartDiscovery
 .text.CyBle_GattcDiscoverCharacteristicsEventHandler
                0x00001060       0x50 .\CortexM0\ARM_GCC_484\Debug\PSoC_4_BLE_Central_IAS.a(BLE_gatt.o)
                0x00001060                CyBle_GattcDiscoverCharacteristicsEventHandler
 .text.CyBle_GattcDiscoverCharDescriptorsEventHandler
                0x000010b0       0x48 .\CortexM0\ARM_GCC_484\Debug\PSoC_4_BLE_Central_IAS.a(BLE_gatt.o)
                0x000010b0                CyBle_GattcDiscoverCharDescriptorsEventHandler
 .text.CyBle_GattcIndicationEventHandler
                0x000010f8       0x48 .\CortexM0\ARM_GCC_484\Debug\PSoC_4_BLE_Central_IAS.a(BLE_gatt.o)
                0x000010f8                CyBle_GattcIndicationEventHandler
 .text.CyBle_IasInit
                0x00001140       0x14 .\CortexM0\ARM_GCC_484\Debug\PSoC_4_BLE_Central_IAS.a(BLE_ias.o)
                0x00001140                CyBle_IasInit
 .text.CyBle_IascDiscoverCharacteristicsEventHandler
                0x00001154       0x58 .\CortexM0\ARM_GCC_484\Debug\PSoC_4_BLE_Central_IAS.a(BLE_ias.o)
                0x00001154                CyBle_IascDiscoverCharacteristicsEventHandler
 .text.CyBle_IascSetCharacteristicValue
                0x000011ac       0xb0 .\CortexM0\ARM_GCC_484\Debug\PSoC_4_BLE_Central_IAS.a(BLE_ias.o)
                0x000011ac                CyBle_IascSetCharacteristicValue
 .text.CyBle_GattcWriteResponseEventHandler
                0x0000125c       0x10 .\CortexM0\ARM_GCC_484\Debug\PSoC_4_BLE_Central_IAS.a(BLE_eventHandler.o)
 .text.CyBle_NotificationEventHandler
                0x0000126c       0x10 .\CortexM0\ARM_GCC_484\Debug\PSoC_4_BLE_Central_IAS.a(BLE_eventHandler.o)
 .text.CyBle_IndicationEventHandler
                0x0000127c       0x10 .\CortexM0\ARM_GCC_484\Debug\PSoC_4_BLE_Central_IAS.a(BLE_eventHandler.o)
 .text.CyBle_ReadResponseEventHandler
                0x0000128c       0x10 .\CortexM0\ARM_GCC_484\Debug\PSoC_4_BLE_Central_IAS.a(BLE_eventHandler.o)
 .text.CyBle_GattDisconnectEventHandler
                0x0000129c       0x34 .\CortexM0\ARM_GCC_484\Debug\PSoC_4_BLE_Central_IAS.a(BLE_eventHandler.o)
 .text.CyBle_TimeOutEventHandler
                0x000012d0       0xb8 .\CortexM0\ARM_GCC_484\Debug\PSoC_4_BLE_Central_IAS.a(BLE_eventHandler.o)
 .text.CyBle_GattConnectReqHandler
                0x00001388        0x8 .\CortexM0\ARM_GCC_484\Debug\PSoC_4_BLE_Central_IAS.a(BLE_eventHandler.o)
 .text.CyBle_IsDeviceAddressValid
                0x00001390       0x60 .\CortexM0\ARM_GCC_484\Debug\PSoC_4_BLE_Central_IAS.a(BLE_eventHandler.o)
 .text.CyBle_L2Cap_ConnParamUpdateRspEventHandler
                0x000013f0       0x14 .\CortexM0\ARM_GCC_484\Debug\PSoC_4_BLE_Central_IAS.a(BLE_eventHandler.o)
 .text.CyBle_GapConnUpdateCompleteEventHandler
                0x00001404       0x10 .\CortexM0\ARM_GCC_484\Debug\PSoC_4_BLE_Central_IAS.a(BLE_eventHandler.o)
 .text.CyBle_EventHandler
                0x00001414      0x2e0 .\CortexM0\ARM_GCC_484\Debug\PSoC_4_BLE_Central_IAS.a(BLE_eventHandler.o)
                0x00001414                CyBle_EventHandler
 .text.CyBle_ReadByGroupEventHandler
                0x000016f4      0x1fc .\CortexM0\ARM_GCC_484\Debug\PSoC_4_BLE_Central_IAS.a(BLE_eventHandler.o)
                0x000016f4                CyBle_ReadByGroupEventHandler
 .text.CyBle_NextInclDiscovery
                0x000018f0       0x80 .\CortexM0\ARM_GCC_484\Debug\PSoC_4_BLE_Central_IAS.a(BLE_eventHandler.o)
                0x000018f0                CyBle_NextInclDiscovery
 .text.CyBle_GapcDiscoverCharacteristicsEventHandler
                0x00001970       0xf8 .\CortexM0\ARM_GCC_484\Debug\PSoC_4_BLE_Central_IAS.a(BLE_eventHandler.o)
 .text.CyBle_ReadByTypeEventHandler
                0x00001a68      0x47c .\CortexM0\ARM_GCC_484\Debug\PSoC_4_BLE_Central_IAS.a(BLE_eventHandler.o)
                0x00001a68                CyBle_ReadByTypeEventHandler
 .text.CyBle_NextCharDiscovery
                0x00001ee4       0x8c .\CortexM0\ARM_GCC_484\Debug\PSoC_4_BLE_Central_IAS.a(BLE_eventHandler.o)
                0x00001ee4                CyBle_NextCharDiscovery
 .text.CyBle_GetCharRange
                0x00001f70       0x64 .\CortexM0\ARM_GCC_484\Debug\PSoC_4_BLE_Central_IAS.a(BLE_eventHandler.o)
 .text.CyBle_FindInfoEventHandler
                0x00001fd4      0x190 .\CortexM0\ARM_GCC_484\Debug\PSoC_4_BLE_Central_IAS.a(BLE_eventHandler.o)
                0x00001fd4                CyBle_FindInfoEventHandler
 .text.CyBle_NextCharDscrDiscovery
                0x00002164       0x94 .\CortexM0\ARM_GCC_484\Debug\PSoC_4_BLE_Central_IAS.a(BLE_eventHandler.o)
                0x00002164                CyBle_NextCharDscrDiscovery
 .text.CyBle_ErrorResponseEventHandler
                0x000021f8      0x2c8 .\CortexM0\ARM_GCC_484\Debug\PSoC_4_BLE_Central_IAS.a(BLE_eventHandler.o)
                0x000021f8                CyBle_ErrorResponseEventHandler
 .text.User_Button_Read
                0x000024c0       0x1c .\CortexM0\ARM_GCC_484\Debug\PSoC_4_BLE_Central_IAS.a(User_Button.o)
                0x000024c0                User_Button_Read
 .text.User_Button_ClearInterrupt
                0x000024dc       0x30 .\CortexM0\ARM_GCC_484\Debug\PSoC_4_BLE_Central_IAS.a(User_Button.o)
                0x000024dc                User_Button_ClearInterrupt
 .text.Status_LED_Write
                0x0000250c       0x48 .\CortexM0\ARM_GCC_484\Debug\PSoC_4_BLE_Central_IAS.a(Status_LED.o)
                0x0000250c                Status_LED_Write
 .text.Status_LED_Read
                0x00002554       0x1c .\CortexM0\ARM_GCC_484\Debug\PSoC_4_BLE_Central_IAS.a(Status_LED.o)
                0x00002554                Status_LED_Read
 .text.isr_button_StartEx
                0x00002570       0x24 .\CortexM0\ARM_GCC_484\Debug\PSoC_4_BLE_Central_IAS.a(isr_button.o)
                0x00002570                isr_button_StartEx
 .text.isr_button_SetVector
                0x00002594       0x18 .\CortexM0\ARM_GCC_484\Debug\PSoC_4_BLE_Central_IAS.a(isr_button.o)
                0x00002594                isr_button_SetVector
 .text.isr_button_SetPriority
                0x000025ac       0x50 .\CortexM0\ARM_GCC_484\Debug\PSoC_4_BLE_Central_IAS.a(isr_button.o)
                0x000025ac                isr_button_SetPriority
 .text.isr_button_Enable
                0x000025fc       0x14 .\CortexM0\ARM_GCC_484\Debug\PSoC_4_BLE_Central_IAS.a(isr_button.o)
                0x000025fc                isr_button_Enable
 .text.isr_button_Disable
                0x00002610       0x14 .\CortexM0\ARM_GCC_484\Debug\PSoC_4_BLE_Central_IAS.a(isr_button.o)
                0x00002610                isr_button_Disable
 .text.isr_button_ClearPending
                0x00002624       0x14 .\CortexM0\ARM_GCC_484\Debug\PSoC_4_BLE_Central_IAS.a(isr_button.o)
                0x00002624                isr_button_ClearPending
 .text          0x00002638       0x20 .\CortexM0\ARM_GCC_484\Debug\PSoC_4_BLE_Central_IAS.a(CyBootAsmGnu.o)
                0x00002638                CyDelayCycles
                0x0000264a                CyEnterCriticalSection
                0x00002652                CyExitCriticalSection
 .text.CySysClkWcoSetHighPowerMode
                0x00002658       0x3c .\CortexM0\ARM_GCC_484\Debug\PSoC_4_BLE_Central_IAS.a(CyLib.o)
 .text.CySysClkWcoSetLowPowerMode
                0x00002694       0x48 .\CortexM0\ARM_GCC_484\Debug\PSoC_4_BLE_Central_IAS.a(CyLib.o)
 .text.CySysClkWriteSysclkDiv
                0x000026dc       0x44 .\CortexM0\ARM_GCC_484\Debug\PSoC_4_BLE_Central_IAS.a(CyLib.o)
                0x000026dc                CySysClkWriteSysclkDiv
 .text.CySysClkEcoStart
                0x00002720       0x74 .\CortexM0\ARM_GCC_484\Debug\PSoC_4_BLE_Central_IAS.a(CyLib.o)
                0x00002720                CySysClkEcoStart
 .text.CySysClkEcoReadStatus
                0x00002794       0x18 .\CortexM0\ARM_GCC_484\Debug\PSoC_4_BLE_Central_IAS.a(CyLib.o)
                0x00002794                CySysClkEcoReadStatus
 .text.CySysClkWcoStart
                0x000027ac       0x20 .\CortexM0\ARM_GCC_484\Debug\PSoC_4_BLE_Central_IAS.a(CyLib.o)
                0x000027ac                CySysClkWcoStart
 .text.CySysClkWcoSetPowerMode
                0x000027cc       0x40 .\CortexM0\ARM_GCC_484\Debug\PSoC_4_BLE_Central_IAS.a(CyLib.o)
                0x000027cc                CySysClkWcoSetPowerMode
 .text.CyHalt   0x0000280c       0x14 .\CortexM0\ARM_GCC_484\Debug\PSoC_4_BLE_Central_IAS.a(CyLib.o)
                0x0000280c                CyHalt
 .text.CyDelay  0x00002820       0x48 .\CortexM0\ARM_GCC_484\Debug\PSoC_4_BLE_Central_IAS.a(CyLib.o)
                0x00002820                CyDelay
 .text.CyDelayUs
                0x00002868       0x28 .\CortexM0\ARM_GCC_484\Debug\PSoC_4_BLE_Central_IAS.a(CyLib.o)
                0x00002868                CyDelayUs
 .text.CySysPmSleep
                0x00002890       0x34 .\CortexM0\ARM_GCC_484\Debug\PSoC_4_BLE_Central_IAS.a(cyPm.o)
                0x00002890                CySysPmSleep
 .text.CySysPmDeepSleep
                0x000028c4       0x6c .\CortexM0\ARM_GCC_484\Debug\PSoC_4_BLE_Central_IAS.a(cyPm.o)
                0x000028c4                CySysPmDeepSleep
 .text.Pin_LED_Write
                0x00002930       0x4c .\CortexM0\ARM_GCC_484\Debug\PSoC_4_BLE_Central_IAS.a(Pin_LED.o)
                0x00002930                Pin_LED_Write
 .text.CyBLE_Bless_LlRegWrite
                0x0000297c       0x1c .\CortexM0\ARM_GCC_484\Debug\PSoC_4_BLE_Central_IAS.a(BLE_HAL_PVT.o)
                0x0000297c                CyBLE_Bless_LlRegWrite
 .text.CyBLE_Bless_RfRegWrite
                0x00002998       0x1c .\CortexM0\ARM_GCC_484\Debug\PSoC_4_BLE_Central_IAS.a(BLE_HAL_PVT.o)
                0x00002998                CyBLE_Bless_RfRegWrite
 .text.CyBleHal_DelayUs
                0x000029b4       0x1c .\CortexM0\ARM_GCC_484\Debug\PSoC_4_BLE_Central_IAS.a(BLE_HAL_PVT.o)
                0x000029b4                CyBleHal_DelayUs
 .text.CyBleHal_EnableGlobalInterrupts
                0x000029d0        0xc .\CortexM0\ARM_GCC_484\Debug\PSoC_4_BLE_Central_IAS.a(BLE_HAL_PVT.o)
                0x000029d0                CyBleHal_EnableGlobalInterrupts
 .text.CyBleHal_DisableGlobalInterrupts
                0x000029dc        0xc .\CortexM0\ARM_GCC_484\Debug\PSoC_4_BLE_Central_IAS.a(BLE_HAL_PVT.o)
                0x000029dc                CyBleHal_DisableGlobalInterrupts
 .text.CyBle_HalInit
                0x000029e8       0x20 .\CortexM0\ARM_GCC_484\Debug\PSoC_4_BLE_Central_IAS.a(BLE_HAL_PVT.o)
                0x000029e8                CyBle_HalInit
 .text.CYBLE_BlessStart
                0x00002a08       0x14 .\CortexM0\ARM_GCC_484\Debug\PSoC_4_BLE_Central_IAS.a(BLE_HAL_PVT.o)
                0x00002a08                CYBLE_BlessStart
 .text.BLE_bless_isr_StartEx
                0x00002a1c       0x24 .\CortexM0\ARM_GCC_484\Debug\PSoC_4_BLE_Central_IAS.a(BLE_bless_isr.o)
                0x00002a1c                BLE_bless_isr_StartEx
 .text.BLE_bless_isr_SetVector
                0x00002a40       0x18 .\CortexM0\ARM_GCC_484\Debug\PSoC_4_BLE_Central_IAS.a(BLE_bless_isr.o)
                0x00002a40                BLE_bless_isr_SetVector
 .text.BLE_bless_isr_SetPriority
                0x00002a58       0x50 .\CortexM0\ARM_GCC_484\Debug\PSoC_4_BLE_Central_IAS.a(BLE_bless_isr.o)
                0x00002a58                BLE_bless_isr_SetPriority
 .text.BLE_bless_isr_Enable
                0x00002aa8       0x14 .\CortexM0\ARM_GCC_484\Debug\PSoC_4_BLE_Central_IAS.a(BLE_bless_isr.o)
                0x00002aa8                BLE_bless_isr_Enable
 .text.BLE_bless_isr_Disable
                0x00002abc       0x14 .\CortexM0\ARM_GCC_484\Debug\PSoC_4_BLE_Central_IAS.a(BLE_bless_isr.o)
                0x00002abc                BLE_bless_isr_Disable
 .text.CyBLE_Bless_Interrupt
                0x00002ad0        0xc .\CortexM0\ARM_GCC_484\Debug\PSoC_4_BLE_Central_IAS.a(BLE_HAL_INT.o)
                0x00002ad0                CyBLE_Bless_Interrupt
 .text          0x00002adc       0x9c c:/program files (x86)/cypress/psoc creator/3.1/psoc creator/import/gnu_cs/arm/4.8.4/bin/../lib/gcc/arm-none-eabi/4.8.4/armv6-m\libgcc.a(_udivsi3.o)
                0x00002adc                __aeabi_uidiv
                0x00002adc                __udivsi3
                0x00002b64                __aeabi_uidivmod
 .text          0x00002b78       0xc0 c:/program files (x86)/cypress/psoc creator/3.1/psoc creator/import/gnu_cs/arm/4.8.4/bin/../lib/gcc/arm-none-eabi/4.8.4/armv6-m\libgcc.a(_divsi3.o)
                0x00002b78                __divsi3
                0x00002b78                __aeabi_idiv
                0x00002c24                __aeabi_idivmod
 .text          0x00002c38        0x4 c:/program files (x86)/cypress/psoc creator/3.1/psoc creator/import/gnu_cs/arm/4.8.4/bin/../lib/gcc/arm-none-eabi/4.8.4/armv6-m\libgcc.a(_dvmd_tls.o)
                0x00002c38                __aeabi_idiv0
                0x00002c38                __aeabi_ldiv0
 .text.__libc_init_array
                0x00002c3c       0x4c c:/program files (x86)/cypress/psoc creator/3.1/psoc creator/import/gnu_cs/arm/4.8.4/bin/../lib/gcc/arm-none-eabi/4.8.4/../../../../arm-none-eabi/lib/armv6-m\libg_s.a(lib_a-init.o)
                0x00002c3c                __libc_init_array
 .text.memcmp   0x00002c88       0x1e c:/program files (x86)/cypress/psoc creator/3.1/psoc creator/import/gnu_cs/arm/4.8.4/bin/../lib/gcc/arm-none-eabi/4.8.4/../../../../arm-none-eabi/lib/armv6-m\libg_s.a(lib_a-memcmp.o)
                0x00002c88                memcmp
 .text.memcpy   0x00002ca6       0x12 c:/program files (x86)/cypress/psoc creator/3.1/psoc creator/import/gnu_cs/arm/4.8.4/bin/../lib/gcc/arm-none-eabi/4.8.4/../../../../arm-none-eabi/lib/armv6-m\libg_s.a(lib_a-memcpy-stub.o)
                0x00002ca6                memcpy
 .text.memset   0x00002cb8       0x10 c:/program files (x86)/cypress/psoc creator/3.1/psoc creator/import/gnu_cs/arm/4.8.4/bin/../lib/gcc/arm-none-eabi/4.8.4/../../../../arm-none-eabi/lib/armv6-m\libg_s.a(lib_a-memset.o)
                0x00002cb8                memset
 *(.plt)
 *(.gnu.warning)
 *(.glue_7t)
 .glue_7t       0x00000000        0x0 linker stubs
 *(.glue_7)
 .glue_7        0x00000000        0x0 linker stubs
 *(.vfp11_veneer)
 .vfp11_veneer  0x00000000        0x0 linker stubs
 *(.bootloader)
 *(.ARM.extab* .gnu.linkonce.armextab.*)
 *(.gcc_except_table)

.v4_bx          0x00002cc8        0x0
 .v4_bx         0x00000000        0x0 linker stubs

.iplt           0x00002cc8        0x0
 .iplt          0x00000000        0x0 c:/program files (x86)/cypress/psoc creator/3.1/psoc creator/import/gnu_cs/arm/4.8.4/bin/../lib/gcc/arm-none-eabi/4.8.4/armv6-m/crtbegin.o

i.CyBle_EnterLPM
                0x00002cc8        0x8
 i.CyBle_EnterLPM
                0x00002cc8        0x8 C:\Program Files (x86)\Cypress\PSoC Creator\3.1\PSoC Creator\psoc\content\cycomponentlibrary\CyComponentLibrary.cylib\BLE_v1_20\Library\gccCyBLEStack_BLE_SOC_CENTRAL.a(CyBle.o)
                0x00002cc8                CyBle_EnterLPM

i.CyBle_ExitLPM
                0x00002cd0        0x8
 i.CyBle_ExitLPM
                0x00002cd0        0x8 C:\Program Files (x86)\Cypress\PSoC Creator\3.1\PSoC Creator\psoc\content\cycomponentlibrary\CyComponentLibrary.cylib\BLE_v1_20\Library\gccCyBLEStack_BLE_SOC_CENTRAL.a(CyBle.o)
                0x00002cd0                CyBle_ExitLPM

i.CyBle_ProcessEvents
                0x00002cd8        0x8
 i.CyBle_ProcessEvents
                0x00002cd8        0x8 C:\Program Files (x86)\Cypress\PSoC Creator\3.1\PSoC Creator\psoc\content\cycomponentlibrary\CyComponentLibrary.cylib\BLE_v1_20\Library\gccCyBLEStack_BLE_SOC_CENTRAL.a(CyBle.o)
                0x00002cd8                CyBle_ProcessEvents

i.CyBle_SetDeviceAddress
                0x00002ce0       0x24
 i.CyBle_SetDeviceAddress
                0x00002ce0       0x24 C:\Program Files (x86)\Cypress\PSoC Creator\3.1\PSoC Creator\psoc\content\cycomponentlibrary\CyComponentLibrary.cylib\BLE_v1_20\Library\gccCyBLEStack_BLE_SOC_CENTRAL.a(CyBle.o)
                0x00002ce0                CyBle_SetDeviceAddress

i.CyBle_StackInit
                0x00002d04       0x84
 i.CyBle_StackInit
                0x00002d04       0x84 C:\Program Files (x86)\Cypress\PSoC Creator\3.1\PSoC Creator\psoc\content\cycomponentlibrary\CyComponentLibrary.cylib\BLE_v1_20\Library\gccCyBLEStack_BLE_SOC_CENTRAL.a(CyBle.o)
                0x00002d04                CyBle_StackInit

i.CyBleStackMgr_BleGetConfigData
                0x00002d88        0x4
 i.CyBleStackMgr_BleGetConfigData
                0x00002d88        0x4 C:\Program Files (x86)\Cypress\PSoC Creator\3.1\PSoC Creator\psoc\content\cycomponentlibrary\CyComponentLibrary.cylib\BLE_v1_20\Library\gccCyBLEStack_BLE_SOC_CENTRAL.a(CyBleStackMgrIP_Interface.o)
                0x00002d88                CyBleStackMgr_BleGetConfigData

i.CyBleStackMgr_BleSetConfigData
                0x00002d8c        0x4
 i.CyBleStackMgr_BleSetConfigData
                0x00002d8c        0x4 C:\Program Files (x86)\Cypress\PSoC Creator\3.1\PSoC Creator\psoc\content\cycomponentlibrary\CyComponentLibrary.cylib\BLE_v1_20\Library\gccCyBLEStack_BLE_SOC_CENTRAL.a(CyBleStackMgrIP_Interface.o)
                0x00002d8c                CyBleStackMgr_BleSetConfigData

i.CyBleStackMgr_Init
                0x00002d90      0x104
 i.CyBleStackMgr_Init
                0x00002d90      0x104 C:\Program Files (x86)\Cypress\PSoC Creator\3.1\PSoC Creator\psoc\content\cycomponentlibrary\CyComponentLibrary.cylib\BLE_v1_20\Library\gccCyBLEStack_BLE_SOC_CENTRAL.a(CyBleStackMgrIP_Interface.o)
                0x00002d90                CyBleStackMgr_Init

i.CyBleStackMgr_ProcessBleEvents
                0x00002e94       0x14
 i.CyBleStackMgr_ProcessBleEvents
                0x00002e94       0x14 C:\Program Files (x86)\Cypress\PSoC Creator\3.1\PSoC Creator\psoc\content\cycomponentlibrary\CyComponentLibrary.cylib\BLE_v1_20\Library\gccCyBLEStack_BLE_SOC_CENTRAL.a(CyBleStackMgrIP_Interface.o)
                0x00002e94                CyBleStackMgr_ProcessBleEvents

i.ble_stack_idle_task_callback
                0x00002ea8        0x2
 i.ble_stack_idle_task_callback
                0x00002ea8        0x2 C:\Program Files (x86)\Cypress\PSoC Creator\3.1\PSoC Creator\psoc\content\cycomponentlibrary\CyComponentLibrary.cylib\BLE_v1_20\Library\gccCyBLEStack_BLE_SOC_CENTRAL.a(CyBleStackMgrIP_Interface.o)
                0x00002ea8                ble_stack_idle_task_callback

i.BT_OSFreeBuf  0x00002eac       0x18
 i.BT_OSFreeBuf
                0x00002eac       0x18 C:\Program Files (x86)\Cypress\PSoC Creator\3.1\PSoC Creator\psoc\content\cycomponentlibrary\CyComponentLibrary.cylib\BLE_v1_20\Library\gccCyBLEStack_BLE_SOC_CENTRAL.a(BT_os.o)
                0x00002eac                BT_OSFreeBuf

i.BT_OSGetBuF   0x00002ec4       0x1c
 i.BT_OSGetBuF  0x00002ec4       0x1c C:\Program Files (x86)\Cypress\PSoC Creator\3.1\PSoC Creator\psoc\content\cycomponentlibrary\CyComponentLibrary.cylib\BLE_v1_20\Library\gccCyBLEStack_BLE_SOC_CENTRAL.a(BT_os.o)
                0x00002ec4                BT_OSGetBuF

i.BT_OSMemCreate
                0x00002ee0       0x1c
 i.BT_OSMemCreate
                0x00002ee0       0x1c C:\Program Files (x86)\Cypress\PSoC Creator\3.1\PSoC Creator\psoc\content\cycomponentlibrary\CyComponentLibrary.cylib\BLE_v1_20\Library\gccCyBLEStack_BLE_SOC_CENTRAL.a(BT_os.o)
                0x00002ee0                BT_OSMemCreate

i.BT_alloc_mem_ext
                0x00002efc       0x34
 i.BT_alloc_mem_ext
                0x00002efc       0x34 C:\Program Files (x86)\Cypress\PSoC Creator\3.1\PSoC Creator\psoc\content\cycomponentlibrary\CyComponentLibrary.cylib\BLE_v1_20\Library\gccCyBLEStack_BLE_SOC_CENTRAL.a(BT_os.o)
                0x00002efc                BT_alloc_mem_ext

i.BT_free_mem   0x00002f30        0xc
 i.BT_free_mem  0x00002f30        0xc C:\Program Files (x86)\Cypress\PSoC Creator\3.1\PSoC Creator\psoc\content\cycomponentlibrary\CyComponentLibrary.cylib\BLE_v1_20\Library\gccCyBLEStack_BLE_SOC_CENTRAL.a(BT_os.o)
                0x00002f30                BT_free_mem

i.bt_stack_init_os
                0x00002f3c       0x34
 i.bt_stack_init_os
                0x00002f3c       0x34 C:\Program Files (x86)\Cypress\PSoC Creator\3.1\PSoC Creator\psoc\content\cycomponentlibrary\CyComponentLibrary.cylib\BLE_v1_20\Library\gccCyBLEStack_BLE_SOC_CENTRAL.a(BT_os.o)
                0x00002f3c                bt_stack_init_os

i.CyBle_CheckBleStackTaskStatus
                0x00002f70        0x4
 i.CyBle_CheckBleStackTaskStatus
                0x00002f70        0x4 C:\Program Files (x86)\Cypress\PSoC Creator\3.1\PSoC Creator\psoc\content\cycomponentlibrary\CyComponentLibrary.cylib\BLE_v1_20\Library\gccCyBLEStack_BLE_SOC_CENTRAL.a(CyBleStackMgr_StackTaskHandler.o)
                0x00002f70                CyBle_CheckBleStackTaskStatus

i.CyBle_CreateBleStackTask
                0x00002f74       0x2c
 i.CyBle_CreateBleStackTask
                0x00002f74       0x2c C:\Program Files (x86)\Cypress\PSoC Creator\3.1\PSoC Creator\psoc\content\cycomponentlibrary\CyComponentLibrary.cylib\BLE_v1_20\Library\gccCyBLEStack_BLE_SOC_CENTRAL.a(CyBleStackMgr_StackTaskHandler.o)
                0x00002f74                CyBle_CreateBleStackTask

i.CyBle_SignalBleStackTask
                0x00002fa0       0x50
 i.CyBle_SignalBleStackTask
                0x00002fa0       0x50 C:\Program Files (x86)\Cypress\PSoC Creator\3.1\PSoC Creator\psoc\content\cycomponentlibrary\CyComponentLibrary.cylib\BLE_v1_20\Library\gccCyBLEStack_BLE_SOC_CENTRAL.a(CyBleStackMgr_StackTaskHandler.o)
                0x00002fa0                CyBle_SignalBleStackTask

i.CyBle_StackTaskHandler
                0x00002ff0       0x5c
 i.CyBle_StackTaskHandler
                0x00002ff0       0x5c C:\Program Files (x86)\Cypress\PSoC Creator\3.1\PSoC Creator\psoc\content\cycomponentlibrary\CyComponentLibrary.cylib\BLE_v1_20\Library\gccCyBLEStack_BLE_SOC_CENTRAL.a(CyBleStackMgr_StackTaskHandler.o)
                0x00002ff0                CyBle_StackTaskHandler

i.__ARM_common_switch8
                0x0000304c       0x1a
 i.__ARM_common_switch8
                0x0000304c       0x1a C:\Program Files (x86)\Cypress\PSoC Creator\3.1\PSoC Creator\psoc\content\cycomponentlibrary\CyComponentLibrary.cylib\BLE_v1_20\Library\gccCyBLEStack_BLE_SOC_CENTRAL.a(CyBleStackMgr_StackTaskHandler.o)
                0x0000304c                __ARM_common_switch8

i.hci_soft_transport_notify_data_received
                0x00003068        0xc
 i.hci_soft_transport_notify_data_received
                0x00003068        0xc C:\Program Files (x86)\Cypress\PSoC Creator\3.1\PSoC Creator\psoc\content\cycomponentlibrary\CyComponentLibrary.cylib\BLE_v1_20\Library\gccCyBLEStack_BLE_SOC_CENTRAL.a(transport_sf.o)
                0x00003068                hci_soft_transport_notify_data_received

i.hci_soft_transport_rx_data
                0x00003074       0x40
 i.hci_soft_transport_rx_data
                0x00003074       0x40 C:\Program Files (x86)\Cypress\PSoC Creator\3.1\PSoC Creator\psoc\content\cycomponentlibrary\CyComponentLibrary.cylib\BLE_v1_20\Library\gccCyBLEStack_BLE_SOC_CENTRAL.a(transport_sf.o)
                0x00003074                hci_soft_transport_rx_data

i.hci_transport_bt_init
                0x000030b4        0x2
 i.hci_transport_bt_init
                0x000030b4        0x2 C:\Program Files (x86)\Cypress\PSoC Creator\3.1\PSoC Creator\psoc\content\cycomponentlibrary\CyComponentLibrary.cylib\BLE_v1_20\Library\gccCyBLEStack_BLE_SOC_CENTRAL.a(transport_sf.o)
                0x000030b4                hci_transport_bt_init

i.hci_transport_init
                0x000030b8       0x10
 i.hci_transport_init
                0x000030b8       0x10 C:\Program Files (x86)\Cypress\PSoC Creator\3.1\PSoC Creator\psoc\content\cycomponentlibrary\CyComponentLibrary.cylib\BLE_v1_20\Library\gccCyBLEStack_BLE_SOC_CENTRAL.a(transport_sf.o)
                0x000030b8                hci_transport_init

i.hci_transport_write_data
                0x000030c8       0xd4
 i.hci_transport_write_data
                0x000030c8       0xd4 C:\Program Files (x86)\Cypress\PSoC Creator\3.1\PSoC Creator\psoc\content\cycomponentlibrary\CyComponentLibrary.cylib\BLE_v1_20\Library\gccCyBLEStack_BLE_SOC_CENTRAL.a(transport_sf.o)
                0x000030c8                hci_transport_write_data

i.pf_hci_soft_transport_write
                0x0000319c       0x44
 i.pf_hci_soft_transport_write
                0x0000319c       0x44 C:\Program Files (x86)\Cypress\PSoC Creator\3.1\PSoC Creator\psoc\content\cycomponentlibrary\CyComponentLibrary.cylib\BLE_v1_20\Library\gccCyBLEStack_BLE_SOC_CENTRAL.a(transport_sf.o)
                0x0000319c                pf_hci_soft_transport_write

i.pf_soft_hci_transport_init
                0x000031e0        0xc
 i.pf_soft_hci_transport_init
                0x000031e0        0xc C:\Program Files (x86)\Cypress\PSoC Creator\3.1\PSoC Creator\psoc\content\cycomponentlibrary\CyComponentLibrary.cylib\BLE_v1_20\Library\gccCyBLEStack_BLE_SOC_CENTRAL.a(transport_sf.o)
                0x000031e0                pf_soft_hci_transport_init

i.CyBleStackMgr_GetTime
                0x000031ec       0x14
 i.CyBleStackMgr_GetTime
                0x000031ec       0x14 C:\Program Files (x86)\Cypress\PSoC Creator\3.1\PSoC Creator\psoc\content\cycomponentlibrary\CyComponentLibrary.cylib\BLE_v1_20\Library\gccCyBLEStack_BLE_SOC_CENTRAL.a(CyBleStackMgr_PSoCHal.o)
                0x000031ec                CyBleStackMgr_GetTime

i.CyBleStackMgr_HalInit
                0x00003200       0x24
 i.CyBleStackMgr_HalInit
                0x00003200       0x24 C:\Program Files (x86)\Cypress\PSoC Creator\3.1\PSoC Creator\psoc\content\cycomponentlibrary\CyComponentLibrary.cylib\BLE_v1_20\Library\gccCyBLEStack_BLE_SOC_CENTRAL.a(CyBleStackMgr_PSoCHal.o)
                0x00003200                CyBleStackMgr_HalInit

i.CyBleStackMgr_HalIntrEnable
                0x00003224        0x8
 i.CyBleStackMgr_HalIntrEnable
                0x00003224        0x8 C:\Program Files (x86)\Cypress\PSoC Creator\3.1\PSoC Creator\psoc\content\cycomponentlibrary\CyComponentLibrary.cylib\BLE_v1_20\Library\gccCyBLEStack_BLE_SOC_CENTRAL.a(CyBleStackMgr_PSoCHal.o)
                0x00003224                CyBleStackMgr_HalIntrEnable

i.CyBleStackMgr_HandleLinkLayerTick
                0x0000322c       0x5c
 i.CyBleStackMgr_HandleLinkLayerTick
                0x0000322c       0x5c C:\Program Files (x86)\Cypress\PSoC Creator\3.1\PSoC Creator\psoc\content\cycomponentlibrary\CyComponentLibrary.cylib\BLE_v1_20\Library\gccCyBLEStack_BLE_SOC_CENTRAL.a(CyBleStackMgr_PSoCHal.o)
                0x0000322c                CyBleStackMgr_HandleLinkLayerTick

i.CyBleStackMgr_HciPortInit
                0x00003288        0xc
 i.CyBleStackMgr_HciPortInit
                0x00003288        0xc C:\Program Files (x86)\Cypress\PSoC Creator\3.1\PSoC Creator\psoc\content\cycomponentlibrary\CyComponentLibrary.cylib\BLE_v1_20\Library\gccCyBLEStack_BLE_SOC_CENTRAL.a(CyBleStackMgr_PSoCHal.o)
                0x00003288                CyBleStackMgr_HciPortInit

i.CyBleStackMgr_HciPortReset
                0x00003294        0x2
 i.CyBleStackMgr_HciPortReset
                0x00003294        0x2 C:\Program Files (x86)\Cypress\PSoC Creator\3.1\PSoC Creator\psoc\content\cycomponentlibrary\CyComponentLibrary.cylib\BLE_v1_20\Library\gccCyBLEStack_BLE_SOC_CENTRAL.a(CyBleStackMgr_PSoCHal.o)
                0x00003294                CyBleStackMgr_HciPortReset

i.CyBleStackMgr_HciPortWrite
                0x00003296        0x8
 i.CyBleStackMgr_HciPortWrite
                0x00003296        0x8 C:\Program Files (x86)\Cypress\PSoC Creator\3.1\PSoC Creator\psoc\content\cycomponentlibrary\CyComponentLibrary.cylib\BLE_v1_20\Library\gccCyBLEStack_BLE_SOC_CENTRAL.a(CyBleStackMgr_PSoCHal.o)
                0x00003296                CyBleStackMgr_HciPortWrite

i.CyBleStackMgr_ResetLinkLayerTimerEntity
                0x000032a0       0x14
 i.CyBleStackMgr_ResetLinkLayerTimerEntity
                0x000032a0       0x14 C:\Program Files (x86)\Cypress\PSoC Creator\3.1\PSoC Creator\psoc\content\cycomponentlibrary\CyComponentLibrary.cylib\BLE_v1_20\Library\gccCyBLEStack_BLE_SOC_CENTRAL.a(CyBleStackMgr_PSoCHal.o)
                0x000032a0                CyBleStackMgr_ResetLinkLayerTimerEntity

i.CyBleStackMgr_TimerStart
                0x000032b4       0x2c
 i.CyBleStackMgr_TimerStart
                0x000032b4       0x2c C:\Program Files (x86)\Cypress\PSoC Creator\3.1\PSoC Creator\psoc\content\cycomponentlibrary\CyComponentLibrary.cylib\BLE_v1_20\Library\gccCyBLEStack_BLE_SOC_CENTRAL.a(CyBleStackMgr_PSoCHal.o)
                0x000032b4                CyBleStackMgr_TimerStart

i.CyBleStackMgr_TimerStop
                0x000032e0       0x18
 i.CyBleStackMgr_TimerStop
                0x000032e0       0x18 C:\Program Files (x86)\Cypress\PSoC Creator\3.1\PSoC Creator\psoc\content\cycomponentlibrary\CyComponentLibrary.cylib\BLE_v1_20\Library\gccCyBLEStack_BLE_SOC_CENTRAL.a(CyBleStackMgr_PSoCHal.o)
                0x000032e0                CyBleStackMgr_TimerStop

i.CyBleStackMgr_isTimerRunning
                0x000032f8       0x10
 i.CyBleStackMgr_isTimerRunning
                0x000032f8       0x10 C:\Program Files (x86)\Cypress\PSoC Creator\3.1\PSoC Creator\psoc\content\cycomponentlibrary\CyComponentLibrary.cylib\BLE_v1_20\Library\gccCyBLEStack_BLE_SOC_CENTRAL.a(CyBleStackMgr_PSoCHal.o)
                0x000032f8                CyBleStackMgr_isTimerRunning

i.CyBleAtlantisRadioInit
                0x00003308      0x1ac
 i.CyBleAtlantisRadioInit
                0x00003308      0x1ac C:\Program Files (x86)\Cypress\PSoC Creator\3.1\PSoC Creator\psoc\content\cycomponentlibrary\CyComponentLibrary.cylib\BLE_v1_20\Library\gccCyBLEStack_BLE_SOC_CENTRAL.a(CyBleStackMgr_BleSSDriver.o)

i.CyBleStackMgr_BleSSFifoRead
                0x000034b4       0x38
 i.CyBleStackMgr_BleSSFifoRead
                0x000034b4       0x38 C:\Program Files (x86)\Cypress\PSoC Creator\3.1\PSoC Creator\psoc\content\cycomponentlibrary\CyComponentLibrary.cylib\BLE_v1_20\Library\gccCyBLEStack_BLE_SOC_CENTRAL.a(CyBleStackMgr_BleSSDriver.o)
                0x000034b4                CyBleStackMgr_BleSSFifoRead

i.CyBleStackMgr_BleSSInit
                0x000034ec       0x50
 i.CyBleStackMgr_BleSSInit
                0x000034ec       0x50 C:\Program Files (x86)\Cypress\PSoC Creator\3.1\PSoC Creator\psoc\content\cycomponentlibrary\CyComponentLibrary.cylib\BLE_v1_20\Library\gccCyBLEStack_BLE_SOC_CENTRAL.a(CyBleStackMgr_BleSSDriver.o)
                0x000034ec                CyBleStackMgr_BleSSInit

i.CyBleStackMgr_BleSSMemRead
                0x0000353c       0x26
 i.CyBleStackMgr_BleSSMemRead
                0x0000353c       0x26 C:\Program Files (x86)\Cypress\PSoC Creator\3.1\PSoC Creator\psoc\content\cycomponentlibrary\CyComponentLibrary.cylib\BLE_v1_20\Library\gccCyBLEStack_BLE_SOC_CENTRAL.a(CyBleStackMgr_BleSSDriver.o)
                0x0000353c                CyBleStackMgr_BleSSMemRead

i.CyBleStackMgr_BleSSMemWrite
                0x00003564       0x34
 i.CyBleStackMgr_BleSSMemWrite
                0x00003564       0x34 C:\Program Files (x86)\Cypress\PSoC Creator\3.1\PSoC Creator\psoc\content\cycomponentlibrary\CyComponentLibrary.cylib\BLE_v1_20\Library\gccCyBLEStack_BLE_SOC_CENTRAL.a(CyBleStackMgr_BleSSDriver.o)
                0x00003564                CyBleStackMgr_BleSSMemWrite

i.CyBleStackMgr_BleSSRegRead
                0x00003598        0xc
 i.CyBleStackMgr_BleSSRegRead
                0x00003598        0xc C:\Program Files (x86)\Cypress\PSoC Creator\3.1\PSoC Creator\psoc\content\cycomponentlibrary\CyComponentLibrary.cylib\BLE_v1_20\Library\gccCyBLEStack_BLE_SOC_CENTRAL.a(CyBleStackMgr_BleSSDriver.o)
                0x00003598                CyBleStackMgr_BleSSRegRead

i.CyBleStackMgr_BleSSRegWrite
                0x000035a4        0xc
 i.CyBleStackMgr_BleSSRegWrite
                0x000035a4        0xc C:\Program Files (x86)\Cypress\PSoC Creator\3.1\PSoC Creator\psoc\content\cycomponentlibrary\CyComponentLibrary.cylib\BLE_v1_20\Library\gccCyBLEStack_BLE_SOC_CENTRAL.a(CyBleStackMgr_BleSSDriver.o)
                0x000035a4                CyBleStackMgr_BleSSRegWrite

i.CyBleStackMgr_BleSSReset
                0x000035b0       0x38
 i.CyBleStackMgr_BleSSReset
                0x000035b0       0x38 C:\Program Files (x86)\Cypress\PSoC Creator\3.1\PSoC Creator\psoc\content\cycomponentlibrary\CyComponentLibrary.cylib\BLE_v1_20\Library\gccCyBLEStack_BLE_SOC_CENTRAL.a(CyBleStackMgr_BleSSDriver.o)
                0x000035b0                CyBleStackMgr_BleSSReset

i.CyBleStackMgr_BleSSShutdown
                0x000035e8       0x24
 i.CyBleStackMgr_BleSSShutdown
                0x000035e8       0x24 C:\Program Files (x86)\Cypress\PSoC Creator\3.1\PSoC Creator\psoc\content\cycomponentlibrary\CyComponentLibrary.cylib\BLE_v1_20\Library\gccCyBLEStack_BLE_SOC_CENTRAL.a(CyBleStackMgr_BleSSDriver.o)
                0x000035e8                CyBleStackMgr_BleSSShutdown

i.CyBleStackMgr_GenericIface
                0x0000360c       0x3c
 i.CyBleStackMgr_GenericIface
                0x0000360c       0x3c C:\Program Files (x86)\Cypress\PSoC Creator\3.1\PSoC Creator\psoc\content\cycomponentlibrary\CyComponentLibrary.cylib\BLE_v1_20\Library\gccCyBLEStack_BLE_SOC_CENTRAL.a(CyBleStackMgr_BleSSDriver.o)
                0x0000360c                CyBleStackMgr_GenericIface

i.CyBleStackMgr_HandleBleSSIntr
                0x00003648       0x90
 i.CyBleStackMgr_HandleBleSSIntr
                0x00003648       0x90 C:\Program Files (x86)\Cypress\PSoC Creator\3.1\PSoC Creator\psoc\content\cycomponentlibrary\CyComponentLibrary.cylib\BLE_v1_20\Library\gccCyBLEStack_BLE_SOC_CENTRAL.a(CyBleStackMgr_BleSSDriver.o)
                0x00003648                CyBleStackMgr_HandleBleSSIntr

i.CyBleStackMgr_SetClockParam
                0x000036d8       0xb4
 i.CyBleStackMgr_SetClockParam
                0x000036d8       0xb4 C:\Program Files (x86)\Cypress\PSoC Creator\3.1\PSoC Creator\psoc\content\cycomponentlibrary\CyComponentLibrary.cylib\BLE_v1_20\Library\gccCyBLEStack_BLE_SOC_CENTRAL.a(CyBleStackMgr_BleSSDriver.o)

i.CyBleStackMgr_isXtalCpuClkSource
                0x0000378c       0x18
 i.CyBleStackMgr_isXtalCpuClkSource
                0x0000378c       0x18 C:\Program Files (x86)\Cypress\PSoC Creator\3.1\PSoC Creator\psoc\content\cycomponentlibrary\CyComponentLibrary.cylib\BLE_v1_20\Library\gccCyBLEStack_BLE_SOC_CENTRAL.a(CyBleStackMgr_BleSSDriver.o)
                0x0000378c                CyBleStackMgr_isXtalCpuClkSource

i.CyBle_EnterDsmMode
                0x000037a4       0x3c
 i.CyBle_EnterDsmMode
                0x000037a4       0x3c C:\Program Files (x86)\Cypress\PSoC Creator\3.1\PSoC Creator\psoc\content\cycomponentlibrary\CyComponentLibrary.cylib\BLE_v1_20\Library\gccCyBLEStack_BLE_SOC_CENTRAL.a(CyBleStackMgr_BleSSDriver.o)
                0x000037a4                CyBle_EnterDsmMode

i.CyBle_ExitDsmMode
                0x000037e0       0x2c
 i.CyBle_ExitDsmMode
                0x000037e0       0x2c C:\Program Files (x86)\Cypress\PSoC Creator\3.1\PSoC Creator\psoc\content\cycomponentlibrary\CyComponentLibrary.cylib\BLE_v1_20\Library\gccCyBLEStack_BLE_SOC_CENTRAL.a(CyBleStackMgr_BleSSDriver.o)
                0x000037e0                CyBle_ExitDsmMode

i.CyBle_GetBleSsOperationalMode
                0x0000380c        0xc
 i.CyBle_GetBleSsOperationalMode
                0x0000380c        0xc C:\Program Files (x86)\Cypress\PSoC Creator\3.1\PSoC Creator\psoc\content\cycomponentlibrary\CyComponentLibrary.cylib\BLE_v1_20\Library\gccCyBLEStack_BLE_SOC_CENTRAL.a(CyBleStackMgr_BleSSDriver.o)
                0x0000380c                CyBle_GetBleSsOperationalMode

i.CyBle_GetEventCloseState
                0x00003818       0x10
 i.CyBle_GetEventCloseState
                0x00003818       0x10 C:\Program Files (x86)\Cypress\PSoC Creator\3.1\PSoC Creator\psoc\content\cycomponentlibrary\CyComponentLibrary.cylib\BLE_v1_20\Library\gccCyBLEStack_BLE_SOC_CENTRAL.a(CyBleStackMgr_BleSSDriver.o)
                0x00003818                CyBle_GetEventCloseState

i.CyBle_GetLpMode
                0x00003828       0x26
 i.CyBle_GetLpMode
                0x00003828       0x26 C:\Program Files (x86)\Cypress\PSoC Creator\3.1\PSoC Creator\psoc\content\cycomponentlibrary\CyComponentLibrary.cylib\BLE_v1_20\Library\gccCyBLEStack_BLE_SOC_CENTRAL.a(CyBleStackMgr_BleSSDriver.o)
                0x00003828                CyBle_GetLpMode

i.CyBle_GetTxGainMode
                0x00003850       0x2c
 i.CyBle_GetTxGainMode
                0x00003850       0x2c C:\Program Files (x86)\Cypress\PSoC Creator\3.1\PSoC Creator\psoc\content\cycomponentlibrary\CyComponentLibrary.cylib\BLE_v1_20\Library\gccCyBLEStack_BLE_SOC_CENTRAL.a(CyBleStackMgr_BleSSDriver.o)
                0x00003850                CyBle_GetTxGainMode

i.CyBle_SetAutoWakeUp
                0x0000387c        0xc
 i.CyBle_SetAutoWakeUp
                0x0000387c        0xc C:\Program Files (x86)\Cypress\PSoC Creator\3.1\PSoC Creator\psoc\content\cycomponentlibrary\CyComponentLibrary.cylib\BLE_v1_20\Library\gccCyBLEStack_BLE_SOC_CENTRAL.a(CyBleStackMgr_BleSSDriver.o)
                0x0000387c                CyBle_SetAutoWakeUp

i.CyBle_SetBleSsOperationalMode
                0x00003888       0x20
 i.CyBle_SetBleSsOperationalMode
                0x00003888       0x20 C:\Program Files (x86)\Cypress\PSoC Creator\3.1\PSoC Creator\psoc\content\cycomponentlibrary\CyComponentLibrary.cylib\BLE_v1_20\Library\gccCyBLEStack_BLE_SOC_CENTRAL.a(CyBleStackMgr_BleSSDriver.o)
                0x00003888                CyBle_SetBleSsOperationalMode

i.CyBle_SetEventCloseState
                0x000038a8        0xc
 i.CyBle_SetEventCloseState
                0x000038a8        0xc C:\Program Files (x86)\Cypress\PSoC Creator\3.1\PSoC Creator\psoc\content\cycomponentlibrary\CyComponentLibrary.cylib\BLE_v1_20\Library\gccCyBLEStack_BLE_SOC_CENTRAL.a(CyBleStackMgr_BleSSDriver.o)
                0x000038a8                CyBle_SetEventCloseState

i.CyBle_SetRxGainMode
                0x000038b4       0x20
 i.CyBle_SetRxGainMode
                0x000038b4       0x20 C:\Program Files (x86)\Cypress\PSoC Creator\3.1\PSoC Creator\psoc\content\cycomponentlibrary\CyComponentLibrary.cylib\BLE_v1_20\Library\gccCyBLEStack_BLE_SOC_CENTRAL.a(CyBleStackMgr_BleSSDriver.o)
                0x000038b4                CyBle_SetRxGainMode

i.CyBle_SetTxGainMode
                0x000038d4       0x38
 i.CyBle_SetTxGainMode
                0x000038d4       0x38 C:\Program Files (x86)\Cypress\PSoC Creator\3.1\PSoC Creator\psoc\content\cycomponentlibrary\CyComponentLibrary.cylib\BLE_v1_20\Library\gccCyBLEStack_BLE_SOC_CENTRAL.a(CyBleStackMgr_BleSSDriver.o)
                0x000038d4                CyBle_SetTxGainMode

i.pf_rf_get_abs_rssi
                0x0000390c       0x24
 i.pf_rf_get_abs_rssi
                0x0000390c       0x24 C:\Program Files (x86)\Cypress\PSoC Creator\3.1\PSoC Creator\psoc\content\cycomponentlibrary\CyComponentLibrary.cylib\BLE_v1_20\Library\gccCyBLEStack_BLE_SOC_CENTRAL.a(CyBleStackMgr_BleSSDriver.o)
                0x0000390c                pf_rf_get_abs_rssi

i.OS_init       0x00003930       0x64
 i.OS_init      0x00003930       0x64 C:\Program Files (x86)\Cypress\PSoC Creator\3.1\PSoC Creator\psoc\content\cycomponentlibrary\CyComponentLibrary.cylib\BLE_v1_20\Library\gccCyBLEStack_BLE_SOC_CENTRAL.a(mint_os.o)
                0x00003930                OS_init

i.mintos_malloc
                0x00003994       0x34
 i.mintos_malloc
                0x00003994       0x34 C:\Program Files (x86)\Cypress\PSoC Creator\3.1\PSoC Creator\psoc\content\cycomponentlibrary\CyComponentLibrary.cylib\BLE_v1_20\Library\gccCyBLEStack_BLE_SOC_CENTRAL.a(mint_os.o)
                0x00003994                mintos_malloc

i.OS_create_queue
                0x000039c8       0x64
 i.OS_create_queue
                0x000039c8       0x64 C:\Program Files (x86)\Cypress\PSoC Creator\3.1\PSoC Creator\psoc\content\cycomponentlibrary\CyComponentLibrary.cylib\BLE_v1_20\Library\gccCyBLEStack_BLE_SOC_CENTRAL.a(mint_os_queue.o)
                0x000039c8                OS_create_queue

i.OS_enqueue_item
                0x00003a2c       0x8c
 i.OS_enqueue_item
                0x00003a2c       0x8c C:\Program Files (x86)\Cypress\PSoC Creator\3.1\PSoC Creator\psoc\content\cycomponentlibrary\CyComponentLibrary.cylib\BLE_v1_20\Library\gccCyBLEStack_BLE_SOC_CENTRAL.a(mint_os_queue.o)
                0x00003a2c                OS_enqueue_item

i.OS_queue_get_num_of_items
                0x00003ab8       0x28
 i.OS_queue_get_num_of_items
                0x00003ab8       0x28 C:\Program Files (x86)\Cypress\PSoC Creator\3.1\PSoC Creator\psoc\content\cycomponentlibrary\CyComponentLibrary.cylib\BLE_v1_20\Library\gccCyBLEStack_BLE_SOC_CENTRAL.a(mint_os_queue.o)
                0x00003ab8                OS_queue_get_num_of_items

i.OS_queue_mgmt_init
                0x00003ae0       0x40
 i.OS_queue_mgmt_init
                0x00003ae0       0x40 C:\Program Files (x86)\Cypress\PSoC Creator\3.1\PSoC Creator\psoc\content\cycomponentlibrary\CyComponentLibrary.cylib\BLE_v1_20\Library\gccCyBLEStack_BLE_SOC_CENTRAL.a(mint_os_queue.o)
                0x00003ae0                OS_queue_mgmt_init

i.OS_remove_item
                0x00003b20       0xa0
 i.OS_remove_item
                0x00003b20       0xa0 C:\Program Files (x86)\Cypress\PSoC Creator\3.1\PSoC Creator\psoc\content\cycomponentlibrary\CyComponentLibrary.cylib\BLE_v1_20\Library\gccCyBLEStack_BLE_SOC_CENTRAL.a(mint_os_queue.o)
                0x00003b20                OS_remove_item

i.OS_create_task
                0x00003bc0       0x88
 i.OS_create_task
                0x00003bc0       0x88 C:\Program Files (x86)\Cypress\PSoC Creator\3.1\PSoC Creator\psoc\content\cycomponentlibrary\CyComponentLibrary.cylib\BLE_v1_20\Library\gccCyBLEStack_BLE_SOC_CENTRAL.a(mint_os_task.o)
                0x00003bc0                OS_create_task

i.OS_isr_send_signal_to_task
                0x00003c48        0xc
 i.OS_isr_send_signal_to_task
                0x00003c48        0xc C:\Program Files (x86)\Cypress\PSoC Creator\3.1\PSoC Creator\psoc\content\cycomponentlibrary\CyComponentLibrary.cylib\BLE_v1_20\Library\gccCyBLEStack_BLE_SOC_CENTRAL.a(mint_os_task.o)
                0x00003c48                OS_isr_send_signal_to_task

i.OS_scheduler  0x00003c54       0x64
 i.OS_scheduler
                0x00003c54       0x64 C:\Program Files (x86)\Cypress\PSoC Creator\3.1\PSoC Creator\psoc\content\cycomponentlibrary\CyComponentLibrary.cylib\BLE_v1_20\Library\gccCyBLEStack_BLE_SOC_CENTRAL.a(mint_os_task.o)
                0x00003c54                OS_scheduler

i.OS_send_signal_to_task
                0x00003cb8        0xc
 i.OS_send_signal_to_task
                0x00003cb8        0xc C:\Program Files (x86)\Cypress\PSoC Creator\3.1\PSoC Creator\psoc\content\cycomponentlibrary\CyComponentLibrary.cylib\BLE_v1_20\Library\gccCyBLEStack_BLE_SOC_CENTRAL.a(mint_os_task.o)
                0x00003cb8                OS_send_signal_to_task

i.OS_send_signal_to_task_context
                0x00003cc4       0x3c
 i.OS_send_signal_to_task_context
                0x00003cc4       0x3c C:\Program Files (x86)\Cypress\PSoC Creator\3.1\PSoC Creator\psoc\content\cycomponentlibrary\CyComponentLibrary.cylib\BLE_v1_20\Library\gccCyBLEStack_BLE_SOC_CENTRAL.a(mint_os_task.o)

i.OS_task_mgmt_init
                0x00003d00       0x50
 i.OS_task_mgmt_init
                0x00003d00       0x50 C:\Program Files (x86)\Cypress\PSoC Creator\3.1\PSoC Creator\psoc\content\cycomponentlibrary\CyComponentLibrary.cylib\BLE_v1_20\Library\gccCyBLEStack_BLE_SOC_CENTRAL.a(mint_os_task.o)
                0x00003d00                OS_task_mgmt_init

i.mint_buf_mgmt_allocate_buffer
                0x00003d50       0x4c
 i.mint_buf_mgmt_allocate_buffer
                0x00003d50       0x4c C:\Program Files (x86)\Cypress\PSoC Creator\3.1\PSoC Creator\psoc\content\cycomponentlibrary\CyComponentLibrary.cylib\BLE_v1_20\Library\gccCyBLEStack_BLE_SOC_CENTRAL.a(mint_buf_mgmt.o)
                0x00003d50                mint_buf_mgmt_allocate_buffer

i.mint_buf_mgmt_create_pool
                0x00003d9c       0xd8
 i.mint_buf_mgmt_create_pool
                0x00003d9c       0xd8 C:\Program Files (x86)\Cypress\PSoC Creator\3.1\PSoC Creator\psoc\content\cycomponentlibrary\CyComponentLibrary.cylib\BLE_v1_20\Library\gccCyBLEStack_BLE_SOC_CENTRAL.a(mint_buf_mgmt.o)
                0x00003d9c                mint_buf_mgmt_create_pool

i.mint_buf_mgmt_free_buffer
                0x00003e74       0xa4
 i.mint_buf_mgmt_free_buffer
                0x00003e74       0xa4 C:\Program Files (x86)\Cypress\PSoC Creator\3.1\PSoC Creator\psoc\content\cycomponentlibrary\CyComponentLibrary.cylib\BLE_v1_20\Library\gccCyBLEStack_BLE_SOC_CENTRAL.a(mint_buf_mgmt.o)
                0x00003e74                mint_buf_mgmt_free_buffer

i.mint_buf_mgmt_get_free_heap
                0x00003f18       0x1c
 i.mint_buf_mgmt_get_free_heap
                0x00003f18       0x1c C:\Program Files (x86)\Cypress\PSoC Creator\3.1\PSoC Creator\psoc\content\cycomponentlibrary\CyComponentLibrary.cylib\BLE_v1_20\Library\gccCyBLEStack_BLE_SOC_CENTRAL.a(mint_buf_mgmt.o)
                0x00003f18                mint_buf_mgmt_get_free_heap

i.mint_buf_mgmt_init
                0x00003f34       0x44
 i.mint_buf_mgmt_init
                0x00003f34       0x44 C:\Program Files (x86)\Cypress\PSoC Creator\3.1\PSoC Creator\psoc\content\cycomponentlibrary\CyComponentLibrary.cylib\BLE_v1_20\Library\gccCyBLEStack_BLE_SOC_CENTRAL.a(mint_buf_mgmt.o)
                0x00003f34                mint_buf_mgmt_init

i.mint_buf_mgmt_malloc
                0x00003f78       0x2c
 i.mint_buf_mgmt_malloc
                0x00003f78       0x2c C:\Program Files (x86)\Cypress\PSoC Creator\3.1\PSoC Creator\psoc\content\cycomponentlibrary\CyComponentLibrary.cylib\BLE_v1_20\Library\gccCyBLEStack_BLE_SOC_CENTRAL.a(mint_buf_mgmt.o)
                0x00003f78                mint_buf_mgmt_malloc

i.mint_buf_mgmt_reset_pool
                0x00003fa4       0x70
 i.mint_buf_mgmt_reset_pool
                0x00003fa4       0x70 C:\Program Files (x86)\Cypress\PSoC Creator\3.1\PSoC Creator\psoc\content\cycomponentlibrary\CyComponentLibrary.cylib\BLE_v1_20\Library\gccCyBLEStack_BLE_SOC_CENTRAL.a(mint_buf_mgmt.o)
                0x00003fa4                mint_buf_mgmt_reset_pool

i.mint_buf_mgmt_stack_init
                0x00004014       0x24
 i.mint_buf_mgmt_stack_init
                0x00004014       0x24 C:\Program Files (x86)\Cypress\PSoC Creator\3.1\PSoC Creator\psoc\content\cycomponentlibrary\CyComponentLibrary.cylib\BLE_v1_20\Library\gccCyBLEStack_BLE_SOC_CENTRAL.a(mint_buf_mgmt.o)
                0x00004014                mint_buf_mgmt_stack_init

i.mint_buf_mgmt_stack_pop
                0x00004038       0x36
 i.mint_buf_mgmt_stack_pop
                0x00004038       0x36 C:\Program Files (x86)\Cypress\PSoC Creator\3.1\PSoC Creator\psoc\content\cycomponentlibrary\CyComponentLibrary.cylib\BLE_v1_20\Library\gccCyBLEStack_BLE_SOC_CENTRAL.a(mint_buf_mgmt.o)
                0x00004038                mint_buf_mgmt_stack_pop

i.mint_buf_mgmt_stack_push
                0x0000406e       0x36
 i.mint_buf_mgmt_stack_push
                0x0000406e       0x36 C:\Program Files (x86)\Cypress\PSoC Creator\3.1\PSoC Creator\psoc\content\cycomponentlibrary\CyComponentLibrary.cylib\BLE_v1_20\Library\gccCyBLEStack_BLE_SOC_CENTRAL.a(mint_buf_mgmt.o)
                0x0000406e                mint_buf_mgmt_stack_push

i.mint_buf_mgmt_stack_reset
                0x000040a4       0x1e
 i.mint_buf_mgmt_stack_reset
                0x000040a4       0x1e C:\Program Files (x86)\Cypress\PSoC Creator\3.1\PSoC Creator\psoc\content\cycomponentlibrary\CyComponentLibrary.cylib\BLE_v1_20\Library\gccCyBLEStack_BLE_SOC_CENTRAL.a(mint_buf_mgmt.o)
                0x000040a4                mint_buf_mgmt_stack_reset

i.mint_buf_mgmt_stack_search_item
                0x000040c2       0x30
 i.mint_buf_mgmt_stack_search_item
                0x000040c2       0x30 C:\Program Files (x86)\Cypress\PSoC Creator\3.1\PSoC Creator\psoc\content\cycomponentlibrary\CyComponentLibrary.cylib\BLE_v1_20\Library\gccCyBLEStack_BLE_SOC_CENTRAL.a(mint_buf_mgmt.o)
                0x000040c2                mint_buf_mgmt_stack_search_item

i.mint_buf_mgmt_pl_init
                0x000040f4       0x2c
 i.mint_buf_mgmt_pl_init
                0x000040f4       0x2c C:\Program Files (x86)\Cypress\PSoC Creator\3.1\PSoC Creator\psoc\content\cycomponentlibrary\CyComponentLibrary.cylib\BLE_v1_20\Library\gccCyBLEStack_BLE_SOC_CENTRAL.a(mint_buf_mgmt_pl.o)
                0x000040f4                mint_buf_mgmt_pl_init

i.CyBleControllerIP_GetPingState
                0x00004120        0xc
 i.CyBleControllerIP_GetPingState
                0x00004120        0xc C:\Program Files (x86)\Cypress\PSoC Creator\3.1\PSoC Creator\psoc\content\cycomponentlibrary\CyComponentLibrary.cylib\BLE_v1_20\Library\gccCyBLEStack_BLE_SOC_CENTRAL.a(CyBleControllerIP_Interface.o)
                0x00004120                CyBleControllerIP_GetPingState

i.CyBleController_AddDeviceToWhiteList
                0x0000412c       0x40
 i.CyBleController_AddDeviceToWhiteList
                0x0000412c       0x40 C:\Program Files (x86)\Cypress\PSoC Creator\3.1\PSoC Creator\psoc\content\cycomponentlibrary\CyComponentLibrary.cylib\BLE_v1_20\Library\gccCyBLEStack_BLE_SOC_CENTRAL.a(CyBleControllerIP_Interface.o)
                0x0000412c                CyBleController_AddDeviceToWhiteList

i.CyBleController_EnterLowPowerMode
                0x0000416c       0x2c
 i.CyBleController_EnterLowPowerMode
                0x0000416c       0x2c C:\Program Files (x86)\Cypress\PSoC Creator\3.1\PSoC Creator\psoc\content\cycomponentlibrary\CyComponentLibrary.cylib\BLE_v1_20\Library\gccCyBLEStack_BLE_SOC_CENTRAL.a(CyBleControllerIP_Interface.o)
                0x0000416c                CyBleController_EnterLowPowerMode

i.CyBleController_ExitLowPowerMode
                0x00004198       0x10
 i.CyBleController_ExitLowPowerMode
                0x00004198       0x10 C:\Program Files (x86)\Cypress\PSoC Creator\3.1\PSoC Creator\psoc\content\cycomponentlibrary\CyComponentLibrary.cylib\BLE_v1_20\Library\gccCyBLEStack_BLE_SOC_CENTRAL.a(CyBleControllerIP_Interface.o)
                0x00004198                CyBleController_ExitLowPowerMode

i.CyBleController_Init
                0x000041a8       0x3c
 i.CyBleController_Init
                0x000041a8       0x3c C:\Program Files (x86)\Cypress\PSoC Creator\3.1\PSoC Creator\psoc\content\cycomponentlibrary\CyComponentLibrary.cylib\BLE_v1_20\Library\gccCyBLEStack_BLE_SOC_CENTRAL.a(CyBleControllerIP_Interface.o)
                0x000041a8                CyBleController_Init

i.CyBleController_SetDeviceAddress
                0x000041e4       0x2e
 i.CyBleController_SetDeviceAddress
                0x000041e4       0x2e C:\Program Files (x86)\Cypress\PSoC Creator\3.1\PSoC Creator\psoc\content\cycomponentlibrary\CyComponentLibrary.cylib\BLE_v1_20\Library\gccCyBLEStack_BLE_SOC_CENTRAL.a(CyBleControllerIP_Interface.o)
                0x000041e4                CyBleController_SetDeviceAddress

i.CyBle_GetBleSsState
                0x00004212       0x10
 i.CyBle_GetBleSsState
                0x00004212       0x10 C:\Program Files (x86)\Cypress\PSoC Creator\3.1\PSoC Creator\psoc\content\cycomponentlibrary\CyComponentLibrary.cylib\BLE_v1_20\Library\gccCyBLEStack_BLE_SOC_CENTRAL.a(CyBleControllerIP_Interface.o)
                0x00004212                CyBle_GetBleSsState

i.CyBle_GetTxPowerLevel
                0x00004222       0x4e
 i.CyBle_GetTxPowerLevel
                0x00004222       0x4e C:\Program Files (x86)\Cypress\PSoC Creator\3.1\PSoC Creator\psoc\content\cycomponentlibrary\CyComponentLibrary.cylib\BLE_v1_20\Library\gccCyBLEStack_BLE_SOC_CENTRAL.a(CyBleControllerIP_Interface.o)
                0x00004222                CyBle_GetTxPowerLevel

i.CyBle_SetTxPowerLevel
                0x00004270       0x56
 i.CyBle_SetTxPowerLevel
                0x00004270       0x56 C:\Program Files (x86)\Cypress\PSoC Creator\3.1\PSoC Creator\psoc\content\cycomponentlibrary\CyComponentLibrary.cylib\BLE_v1_20\Library\gccCyBLEStack_BLE_SOC_CENTRAL.a(CyBleControllerIP_Interface.o)
                0x00004270                CyBle_SetTxPowerLevel

i.ll_check_and_mark_packet_ready_for_transmission
                0x000042c8       0x28
 i.ll_check_and_mark_packet_ready_for_transmission
                0x000042c8       0x28 C:\Program Files (x86)\Cypress\PSoC Creator\3.1\PSoC Creator\psoc\content\cycomponentlibrary\CyComponentLibrary.cylib\BLE_v1_20\Library\gccCyBLEStack_BLE_SOC_CENTRAL.a(ll.o)
                0x000042c8                ll_check_and_mark_packet_ready_for_transmission

i.ll_cleanup_pending_data_pdu
                0x000042f0       0x38
 i.ll_cleanup_pending_data_pdu
                0x000042f0       0x38 C:\Program Files (x86)\Cypress\PSoC Creator\3.1\PSoC Creator\psoc\content\cycomponentlibrary\CyComponentLibrary.cylib\BLE_v1_20\Library\gccCyBLEStack_BLE_SOC_CENTRAL.a(ll.o)
                0x000042f0                ll_cleanup_pending_data_pdu

i.ll_derive_window_offset
                0x00004328       0x20
 i.ll_derive_window_offset
                0x00004328       0x20 C:\Program Files (x86)\Cypress\PSoC Creator\3.1\PSoC Creator\psoc\content\cycomponentlibrary\CyComponentLibrary.cylib\BLE_v1_20\Library\gccCyBLEStack_BLE_SOC_CENTRAL.a(ll.o)
                0x00004328                ll_derive_window_offset

i.ll_derive_window_size
                0x00004348        0xc
 i.ll_derive_window_size
                0x00004348        0xc C:\Program Files (x86)\Cypress\PSoC Creator\3.1\PSoC Creator\psoc\content\cycomponentlibrary\CyComponentLibrary.cylib\BLE_v1_20\Library\gccCyBLEStack_BLE_SOC_CENTRAL.a(ll.o)
                0x00004348                ll_derive_window_size

i.ll_enter_dsm_mode
                0x00004354      0x194
 i.ll_enter_dsm_mode
                0x00004354      0x194 C:\Program Files (x86)\Cypress\PSoC Creator\3.1\PSoC Creator\psoc\content\cycomponentlibrary\CyComponentLibrary.cylib\BLE_v1_20\Library\gccCyBLEStack_BLE_SOC_CENTRAL.a(ll.o)
                0x00004354                ll_enter_dsm_mode

i.ll_enter_hibernate_mode
                0x000044e8       0x28
 i.ll_enter_hibernate_mode
                0x000044e8       0x28 C:\Program Files (x86)\Cypress\PSoC Creator\3.1\PSoC Creator\psoc\content\cycomponentlibrary\CyComponentLibrary.cylib\BLE_v1_20\Library\gccCyBLEStack_BLE_SOC_CENTRAL.a(ll.o)
                0x000044e8                ll_enter_hibernate_mode

i.ll_enter_sm_mode
                0x00004510       0x50
 i.ll_enter_sm_mode
                0x00004510       0x50 C:\Program Files (x86)\Cypress\PSoC Creator\3.1\PSoC Creator\psoc\content\cycomponentlibrary\CyComponentLibrary.cylib\BLE_v1_20\Library\gccCyBLEStack_BLE_SOC_CENTRAL.a(ll.o)
                0x00004510                ll_enter_sm_mode

i.ll_exit_low_power_mode
                0x00004560       0xac
 i.ll_exit_low_power_mode
                0x00004560       0xac C:\Program Files (x86)\Cypress\PSoC Creator\3.1\PSoC Creator\psoc\content\cycomponentlibrary\CyComponentLibrary.cylib\BLE_v1_20\Library\gccCyBLEStack_BLE_SOC_CENTRAL.a(ll.o)
                0x00004560                ll_exit_low_power_mode

i.ll_get_ack_status
                0x0000460c       0x3c
 i.ll_get_ack_status
                0x0000460c       0x3c C:\Program Files (x86)\Cypress\PSoC Creator\3.1\PSoC Creator\psoc\content\cycomponentlibrary\CyComponentLibrary.cylib\BLE_v1_20\Library\gccCyBLEStack_BLE_SOC_CENTRAL.a(ll.o)
                0x0000460c                ll_get_ack_status

i.ll_get_ack_status_for_all_connections
                0x00004648       0x34
 i.ll_get_ack_status_for_all_connections
                0x00004648       0x34 C:\Program Files (x86)\Cypress\PSoC Creator\3.1\PSoC Creator\psoc\content\cycomponentlibrary\CyComponentLibrary.cylib\BLE_v1_20\Library\gccCyBLEStack_BLE_SOC_CENTRAL.a(ll.o)
                0x00004648                ll_get_ack_status_for_all_connections

i.ll_get_adv_ch_tx_power
                0x0000467c       0x20
 i.ll_get_adv_ch_tx_power
                0x0000467c       0x20 C:\Program Files (x86)\Cypress\PSoC Creator\3.1\PSoC Creator\psoc\content\cycomponentlibrary\CyComponentLibrary.cylib\BLE_v1_20\Library\gccCyBLEStack_BLE_SOC_CENTRAL.a(ll.o)
                0x0000467c                ll_get_adv_ch_tx_power

i.ll_get_data_channel_map
                0x0000469c       0x24
 i.ll_get_data_channel_map
                0x0000469c       0x24 C:\Program Files (x86)\Cypress\PSoC Creator\3.1\PSoC Creator\psoc\content\cycomponentlibrary\CyComponentLibrary.cylib\BLE_v1_20\Library\gccCyBLEStack_BLE_SOC_CENTRAL.a(ll.o)
                0x0000469c                ll_get_data_channel_map

i.ll_get_max_white_list_size
                0x000046c0        0xc
 i.ll_get_max_white_list_size
                0x000046c0        0xc C:\Program Files (x86)\Cypress\PSoC Creator\3.1\PSoC Creator\psoc\content\cycomponentlibrary\CyComponentLibrary.cylib\BLE_v1_20\Library\gccCyBLEStack_BLE_SOC_CENTRAL.a(ll.o)
                0x000046c0                ll_get_max_white_list_size

i.ll_get_my_role
                0x000046cc        0xc
 i.ll_get_my_role
                0x000046cc        0xc C:\Program Files (x86)\Cypress\PSoC Creator\3.1\PSoC Creator\psoc\content\cycomponentlibrary\CyComponentLibrary.cylib\BLE_v1_20\Library\gccCyBLEStack_BLE_SOC_CENTRAL.a(ll.o)
                0x000046cc                ll_get_my_role

i.ll_get_next_available_fifo_for_data_pdu
                0x000046d8        0x8
 i.ll_get_next_available_fifo_for_data_pdu
                0x000046d8        0x8 C:\Program Files (x86)\Cypress\PSoC Creator\3.1\PSoC Creator\psoc\content\cycomponentlibrary\CyComponentLibrary.cylib\BLE_v1_20\Library\gccCyBLEStack_BLE_SOC_CENTRAL.a(ll.o)
                0x000046d8                ll_get_next_available_fifo_for_data_pdu

i.ll_get_next_available_fifo_for_ll_pdu
                0x000046e0       0x24
 i.ll_get_next_available_fifo_for_ll_pdu
                0x000046e0       0x24 C:\Program Files (x86)\Cypress\PSoC Creator\3.1\PSoC Creator\psoc\content\cycomponentlibrary\CyComponentLibrary.cylib\BLE_v1_20\Library\gccCyBLEStack_BLE_SOC_CENTRAL.a(ll.o)
                0x000046e0                ll_get_next_available_fifo_for_ll_pdu

i.ll_get_rssi_value
                0x00004704       0x26
 i.ll_get_rssi_value
                0x00004704       0x26 C:\Program Files (x86)\Cypress\PSoC Creator\3.1\PSoC Creator\psoc\content\cycomponentlibrary\CyComponentLibrary.cylib\BLE_v1_20\Library\gccCyBLEStack_BLE_SOC_CENTRAL.a(ll.o)
                0x00004704                ll_get_rssi_value

i.ll_get_transmit_power_level
                0x0000472c       0x2c
 i.ll_get_transmit_power_level
                0x0000472c       0x2c C:\Program Files (x86)\Cypress\PSoC Creator\3.1\PSoC Creator\psoc\content\cycomponentlibrary\CyComponentLibrary.cylib\BLE_v1_20\Library\gccCyBLEStack_BLE_SOC_CENTRAL.a(ll.o)
                0x0000472c                ll_get_transmit_power_level

i.ll_handle_ack_received
                0x00004758       0x74
 i.ll_handle_ack_received
                0x00004758       0x74 C:\Program Files (x86)\Cypress\PSoC Creator\3.1\PSoC Creator\psoc\content\cycomponentlibrary\CyComponentLibrary.cylib\BLE_v1_20\Library\gccCyBLEStack_BLE_SOC_CENTRAL.a(ll.o)
                0x00004758                ll_handle_ack_received

i.ll_handle_add_device_in_whitelist
                0x000047cc       0x3a
 i.ll_handle_add_device_in_whitelist
                0x000047cc       0x3a C:\Program Files (x86)\Cypress\PSoC Creator\3.1\PSoC Creator\psoc\content\cycomponentlibrary\CyComponentLibrary.cylib\BLE_v1_20\Library\gccCyBLEStack_BLE_SOC_CENTRAL.a(ll.o)
                0x000047cc                ll_handle_add_device_in_whitelist

i.ll_handle_clear_whitelist
                0x00004806       0x16
 i.ll_handle_clear_whitelist
                0x00004806       0x16 C:\Program Files (x86)\Cypress\PSoC Creator\3.1\PSoC Creator\psoc\content\cycomponentlibrary\CyComponentLibrary.cylib\BLE_v1_20\Library\gccCyBLEStack_BLE_SOC_CENTRAL.a(ll.o)
                0x00004806                ll_handle_clear_whitelist

i.ll_handle_encrypt_host_data
                0x0000481c       0x36
 i.ll_handle_encrypt_host_data
                0x0000481c       0x36 C:\Program Files (x86)\Cypress\PSoC Creator\3.1\PSoC Creator\psoc\content\cycomponentlibrary\CyComponentLibrary.cylib\BLE_v1_20\Library\gccCyBLEStack_BLE_SOC_CENTRAL.a(ll.o)
                0x0000481c                ll_handle_encrypt_host_data

i.ll_handle_host_data_packet
                0x00004852       0x54
 i.ll_handle_host_data_packet
                0x00004852       0x54 C:\Program Files (x86)\Cypress\PSoC Creator\3.1\PSoC Creator\psoc\content\cycomponentlibrary\CyComponentLibrary.cylib\BLE_v1_20\Library\gccCyBLEStack_BLE_SOC_CENTRAL.a(ll.o)
                0x00004852                ll_handle_host_data_packet

i.ll_handle_read_host_channel_map
                0x000048a6        0x4
 i.ll_handle_read_host_channel_map
                0x000048a6        0x4 C:\Program Files (x86)\Cypress\PSoC Creator\3.1\PSoC Creator\psoc\content\cycomponentlibrary\CyComponentLibrary.cylib\BLE_v1_20\Library\gccCyBLEStack_BLE_SOC_CENTRAL.a(ll.o)
                0x000048a6                ll_handle_read_host_channel_map

i.ll_handle_remove_device_in_whitelist
                0x000048aa       0x2a
 i.ll_handle_remove_device_in_whitelist
                0x000048aa       0x2a C:\Program Files (x86)\Cypress\PSoC Creator\3.1\PSoC Creator\psoc\content\cycomponentlibrary\CyComponentLibrary.cylib\BLE_v1_20\Library\gccCyBLEStack_BLE_SOC_CENTRAL.a(ll.o)
                0x000048aa                ll_handle_remove_device_in_whitelist

i.ll_handle_reset
                0x000048d4        0xe
 i.ll_handle_reset
                0x000048d4        0xe C:\Program Files (x86)\Cypress\PSoC Creator\3.1\PSoC Creator\psoc\content\cycomponentlibrary\CyComponentLibrary.cylib\BLE_v1_20\Library\gccCyBLEStack_BLE_SOC_CENTRAL.a(ll.o)
                0x000048d4                ll_handle_reset

i.ll_handle_set_host_channel_map
                0x000048e4       0x34
 i.ll_handle_set_host_channel_map
                0x000048e4       0x34 C:\Program Files (x86)\Cypress\PSoC Creator\3.1\PSoC Creator\psoc\content\cycomponentlibrary\CyComponentLibrary.cylib\BLE_v1_20\Library\gccCyBLEStack_BLE_SOC_CENTRAL.a(ll.o)
                0x000048e4                ll_handle_set_host_channel_map

i.ll_handle_set_random_address
                0x00004918       0x36
 i.ll_handle_set_random_address
                0x00004918       0x36 C:\Program Files (x86)\Cypress\PSoC Creator\3.1\PSoC Creator\psoc\content\cycomponentlibrary\CyComponentLibrary.cylib\BLE_v1_20\Library\gccCyBLEStack_BLE_SOC_CENTRAL.a(ll.o)
                0x00004918                ll_handle_set_random_address

i.ll_init       0x00004950       0x18
 i.ll_init      0x00004950       0x18 C:\Program Files (x86)\Cypress\PSoC Creator\3.1\PSoC Creator\psoc\content\cycomponentlibrary\CyComponentLibrary.cylib\BLE_v1_20\Library\gccCyBLEStack_BLE_SOC_CENTRAL.a(ll.o)
                0x00004950                ll_init

i.ll_initialize_device_attributes
                0x00004968       0x50
 i.ll_initialize_device_attributes
                0x00004968       0x50 C:\Program Files (x86)\Cypress\PSoC Creator\3.1\PSoC Creator\psoc\content\cycomponentlibrary\CyComponentLibrary.cylib\BLE_v1_20\Library\gccCyBLEStack_BLE_SOC_CENTRAL.a(ll.o)
                0x00004968                ll_initialize_device_attributes

i.ll_is_pkt_pending
                0x000049b8       0x2a
 i.ll_is_pkt_pending
                0x000049b8       0x2a C:\Program Files (x86)\Cypress\PSoC Creator\3.1\PSoC Creator\psoc\content\cycomponentlibrary\CyComponentLibrary.cylib\BLE_v1_20\Library\gccCyBLEStack_BLE_SOC_CENTRAL.a(ll.o)
                0x000049b8                ll_is_pkt_pending

i.ll_is_sent_pkt_pending
                0x000049e2       0x1a
 i.ll_is_sent_pkt_pending
                0x000049e2       0x1a C:\Program Files (x86)\Cypress\PSoC Creator\3.1\PSoC Creator\psoc\content\cycomponentlibrary\CyComponentLibrary.cylib\BLE_v1_20\Library\gccCyBLEStack_BLE_SOC_CENTRAL.a(ll.o)
                0x000049e2                ll_is_sent_pkt_pending

i.ll_isr_exit_low_power_mode
                0x000049fc       0x16
 i.ll_isr_exit_low_power_mode
                0x000049fc       0x16 C:\Program Files (x86)\Cypress\PSoC Creator\3.1\PSoC Creator\psoc\content\cycomponentlibrary\CyComponentLibrary.cylib\BLE_v1_20\Library\gccCyBLEStack_BLE_SOC_CENTRAL.a(ll.o)
                0x000049fc                ll_isr_exit_low_power_mode

i.ll_load_host_data_packet
                0x00004a12       0x4a
 i.ll_load_host_data_packet
                0x00004a12       0x4a C:\Program Files (x86)\Cypress\PSoC Creator\3.1\PSoC Creator\psoc\content\cycomponentlibrary\CyComponentLibrary.cylib\BLE_v1_20\Library\gccCyBLEStack_BLE_SOC_CENTRAL.a(ll.o)
                0x00004a12                ll_load_host_data_packet

i.ll_load_packet_to_fifo
                0x00004a5c       0x6e
 i.ll_load_packet_to_fifo
                0x00004a5c       0x6e C:\Program Files (x86)\Cypress\PSoC Creator\3.1\PSoC Creator\psoc\content\cycomponentlibrary\CyComponentLibrary.cylib\BLE_v1_20\Library\gccCyBLEStack_BLE_SOC_CENTRAL.a(ll.o)
                0x00004a5c                ll_load_packet_to_fifo

i.ll_process_acks
                0x00004aca       0x3c
 i.ll_process_acks
                0x00004aca       0x3c C:\Program Files (x86)\Cypress\PSoC Creator\3.1\PSoC Creator\psoc\content\cycomponentlibrary\CyComponentLibrary.cylib\BLE_v1_20\Library\gccCyBLEStack_BLE_SOC_CENTRAL.a(ll.o)
                0x00004aca                ll_process_acks

i.ll_process_pending_channel_update
                0x00004b08       0x30
 i.ll_process_pending_channel_update
                0x00004b08       0x30 C:\Program Files (x86)\Cypress\PSoC Creator\3.1\PSoC Creator\psoc\content\cycomponentlibrary\CyComponentLibrary.cylib\BLE_v1_20\Library\gccCyBLEStack_BLE_SOC_CENTRAL.a(ll.o)
                0x00004b08                ll_process_pending_channel_update

i.ll_reset      0x00004b38       0x12
 i.ll_reset     0x00004b38       0x12 C:\Program Files (x86)\Cypress\PSoC Creator\3.1\PSoC Creator\psoc\content\cycomponentlibrary\CyComponentLibrary.cylib\BLE_v1_20\Library\gccCyBLEStack_BLE_SOC_CENTRAL.a(ll.o)
                0x00004b38                ll_reset

i.ll_update_active_features
                0x00004b4c       0x58
 i.ll_update_active_features
                0x00004b4c       0x58 C:\Program Files (x86)\Cypress\PSoC Creator\3.1\PSoC Creator\psoc\content\cycomponentlibrary\CyComponentLibrary.cylib\BLE_v1_20\Library\gccCyBLEStack_BLE_SOC_CENTRAL.a(ll.o)
                0x00004b4c                ll_update_active_features

i.ll_update_channel_map
                0x00004ba4       0x58
 i.ll_update_channel_map
                0x00004ba4       0x58 C:\Program Files (x86)\Cypress\PSoC Creator\3.1\PSoC Creator\psoc\content\cycomponentlibrary\CyComponentLibrary.cylib\BLE_v1_20\Library\gccCyBLEStack_BLE_SOC_CENTRAL.a(ll.o)
                0x00004ba4                ll_update_channel_map

i.ll_update_device_fsm
                0x00004bfc        0x8
 i.ll_update_device_fsm
                0x00004bfc        0x8 C:\Program Files (x86)\Cypress\PSoC Creator\3.1\PSoC Creator\psoc\content\cycomponentlibrary\CyComponentLibrary.cylib\BLE_v1_20\Library\gccCyBLEStack_BLE_SOC_CENTRAL.a(ll.o)
                0x00004bfc                ll_update_device_fsm

i.pf_le_start_timer
                0x00004c04       0x16
 i.pf_le_start_timer
                0x00004c04       0x16 C:\Program Files (x86)\Cypress\PSoC Creator\3.1\PSoC Creator\psoc\content\cycomponentlibrary\CyComponentLibrary.cylib\BLE_v1_20\Library\gccCyBLEStack_BLE_SOC_CENTRAL.a(ll.o)
                0x00004c04                pf_le_start_timer

i.pf_le_stop_timer
                0x00004c1a       0x12
 i.pf_le_stop_timer
                0x00004c1a       0x12 C:\Program Files (x86)\Cypress\PSoC Creator\3.1\PSoC Creator\psoc\content\cycomponentlibrary\CyComponentLibrary.cylib\BLE_v1_20\Library\gccCyBLEStack_BLE_SOC_CENTRAL.a(ll.o)
                0x00004c1a                pf_le_stop_timer

i.is_le_connection_handle
                0x00004c2c       0x28
 i.is_le_connection_handle
                0x00004c2c       0x28 C:\Program Files (x86)\Cypress\PSoC Creator\3.1\PSoC Creator\psoc\content\cycomponentlibrary\CyComponentLibrary.cylib\BLE_v1_20\Library\gccCyBLEStack_BLE_SOC_CENTRAL.a(ll_connection.o)
                0x00004c2c                is_le_connection_handle

i.le_assign_connection_handle
                0x00004c54       0x28
 i.le_assign_connection_handle
                0x00004c54       0x28 C:\Program Files (x86)\Cypress\PSoC Creator\3.1\PSoC Creator\psoc\content\cycomponentlibrary\CyComponentLibrary.cylib\BLE_v1_20\Library\gccCyBLEStack_BLE_SOC_CENTRAL.a(ll_connection.o)
                0x00004c54                le_assign_connection_handle

i.le_get_connection_index
                0x00004c7c        0x6
 i.le_get_connection_index
                0x00004c7c        0x6 C:\Program Files (x86)\Cypress\PSoC Creator\3.1\PSoC Creator\psoc\content\cycomponentlibrary\CyComponentLibrary.cylib\BLE_v1_20\Library\gccCyBLEStack_BLE_SOC_CENTRAL.a(ll_connection.o)
                0x00004c7c                le_get_connection_index

i.ll_allocate_connection
                0x00004c84       0x44
 i.ll_allocate_connection
                0x00004c84       0x44 C:\Program Files (x86)\Cypress\PSoC Creator\3.1\PSoC Creator\psoc\content\cycomponentlibrary\CyComponentLibrary.cylib\BLE_v1_20\Library\gccCyBLEStack_BLE_SOC_CENTRAL.a(ll_connection.o)
                0x00004c84                ll_allocate_connection

i.ll_check_and_decrypt_ll_pdu
                0x00004cc8       0x68
 i.ll_check_and_decrypt_ll_pdu
                0x00004cc8       0x68 C:\Program Files (x86)\Cypress\PSoC Creator\3.1\PSoC Creator\psoc\content\cycomponentlibrary\CyComponentLibrary.cylib\BLE_v1_20\Library\gccCyBLEStack_BLE_SOC_CENTRAL.a(ll_connection.o)
                0x00004cc8                ll_check_and_decrypt_ll_pdu

i.ll_check_and_decrypt_packet
                0x00004d30       0x6a
 i.ll_check_and_decrypt_packet
                0x00004d30       0x6a C:\Program Files (x86)\Cypress\PSoC Creator\3.1\PSoC Creator\psoc\content\cycomponentlibrary\CyComponentLibrary.cylib\BLE_v1_20\Library\gccCyBLEStack_BLE_SOC_CENTRAL.a(ll_connection.o)
                0x00004d30                ll_check_and_decrypt_packet

i.ll_check_and_encrypt_ll_pdu
                0x00004d9a       0x72
 i.ll_check_and_encrypt_ll_pdu
                0x00004d9a       0x72 C:\Program Files (x86)\Cypress\PSoC Creator\3.1\PSoC Creator\psoc\content\cycomponentlibrary\CyComponentLibrary.cylib\BLE_v1_20\Library\gccCyBLEStack_BLE_SOC_CENTRAL.a(ll_connection.o)
                0x00004d9a                ll_check_and_encrypt_ll_pdu

i.ll_check_and_encrypt_packet
                0x00004e0c       0x8a
 i.ll_check_and_encrypt_packet
                0x00004e0c       0x8a C:\Program Files (x86)\Cypress\PSoC Creator\3.1\PSoC Creator\psoc\content\cycomponentlibrary\CyComponentLibrary.cylib\BLE_v1_20\Library\gccCyBLEStack_BLE_SOC_CENTRAL.a(ll_connection.o)
                0x00004e0c                ll_check_and_encrypt_packet

i.ll_check_for_access_address
                0x00004e98       0x68
 i.ll_check_for_access_address
                0x00004e98       0x68 C:\Program Files (x86)\Cypress\PSoC Creator\3.1\PSoC Creator\psoc\content\cycomponentlibrary\CyComponentLibrary.cylib\BLE_v1_20\Library\gccCyBLEStack_BLE_SOC_CENTRAL.a(ll_connection.o)
                0x00004e98                ll_check_for_access_address

i.ll_check_if_pdu_is_loaded_to_hardware
                0x00004f00       0x1c
 i.ll_check_if_pdu_is_loaded_to_hardware
                0x00004f00       0x1c C:\Program Files (x86)\Cypress\PSoC Creator\3.1\PSoC Creator\psoc\content\cycomponentlibrary\CyComponentLibrary.cylib\BLE_v1_20\Library\gccCyBLEStack_BLE_SOC_CENTRAL.a(ll_connection.o)
                0x00004f00                ll_check_if_pdu_is_loaded_to_hardware

i.ll_check_random_address_in_use_by_initiator
                0x00004f1c       0x30
 i.ll_check_random_address_in_use_by_initiator
                0x00004f1c       0x30 C:\Program Files (x86)\Cypress\PSoC Creator\3.1\PSoC Creator\psoc\content\cycomponentlibrary\CyComponentLibrary.cylib\BLE_v1_20\Library\gccCyBLEStack_BLE_SOC_CENTRAL.a(ll_connection.o)
                0x00004f1c                ll_check_random_address_in_use_by_initiator

i.ll_check_white_list_in_use_by_initiator
                0x00004f4c       0x30
 i.ll_check_white_list_in_use_by_initiator
                0x00004f4c       0x30 C:\Program Files (x86)\Cypress\PSoC Creator\3.1\PSoC Creator\psoc\content\cycomponentlibrary\CyComponentLibrary.cylib\BLE_v1_20\Library\gccCyBLEStack_BLE_SOC_CENTRAL.a(ll_connection.o)
                0x00004f4c                ll_check_white_list_in_use_by_initiator

i.ll_conn_free_enc_txn_buffer
                0x00004f7c       0x16
 i.ll_conn_free_enc_txn_buffer
                0x00004f7c       0x16 C:\Program Files (x86)\Cypress\PSoC Creator\3.1\PSoC Creator\psoc\content\cycomponentlibrary\CyComponentLibrary.cylib\BLE_v1_20\Library\gccCyBLEStack_BLE_SOC_CENTRAL.a(ll_connection.o)
                0x00004f7c                ll_conn_free_enc_txn_buffer

i.ll_conn_fsm_update_channel_map
                0x00004f92       0x62
 i.ll_conn_fsm_update_channel_map
                0x00004f92       0x62 C:\Program Files (x86)\Cypress\PSoC Creator\3.1\PSoC Creator\psoc\content\cycomponentlibrary\CyComponentLibrary.cylib\BLE_v1_20\Library\gccCyBLEStack_BLE_SOC_CENTRAL.a(ll_connection.o)
                0x00004f92                ll_conn_fsm_update_channel_map

i.ll_conn_fsm_update_conn_update_state
                0x00004ff4        0x6
 i.ll_conn_fsm_update_conn_update_state
                0x00004ff4        0x6 C:\Program Files (x86)\Cypress\PSoC Creator\3.1\PSoC Creator\psoc\content\cycomponentlibrary\CyComponentLibrary.cylib\BLE_v1_20\Library\gccCyBLEStack_BLE_SOC_CENTRAL.a(ll_connection.o)
                0x00004ff4                ll_conn_fsm_update_conn_update_state

i.ll_conn_fsm_update_state
                0x00004ffa        0x4
 i.ll_conn_fsm_update_state
                0x00004ffa        0x4 C:\Program Files (x86)\Cypress\PSoC Creator\3.1\PSoC Creator\psoc\content\cycomponentlibrary\CyComponentLibrary.cylib\BLE_v1_20\Library\gccCyBLEStack_BLE_SOC_CENTRAL.a(ll_connection.o)
                0x00004ffa                ll_conn_fsm_update_state

i.ll_conn_handle_data_pdu_from_host_when_data_paused
                0x00004ffe        0x8
 i.ll_conn_handle_data_pdu_from_host_when_data_paused
                0x00004ffe        0x8 C:\Program Files (x86)\Cypress\PSoC Creator\3.1\PSoC Creator\psoc\content\cycomponentlibrary\CyComponentLibrary.cylib\BLE_v1_20\Library\gccCyBLEStack_BLE_SOC_CENTRAL.a(ll_connection.o)
                0x00004ffe                ll_conn_handle_data_pdu_from_host_when_data_paused

i.ll_conn_handle_ping_timer_expired_interrupt
                0x00005008       0x1c
 i.ll_conn_handle_ping_timer_expired_interrupt
                0x00005008       0x1c C:\Program Files (x86)\Cypress\PSoC Creator\3.1\PSoC Creator\psoc\content\cycomponentlibrary\CyComponentLibrary.cylib\BLE_v1_20\Library\gccCyBLEStack_BLE_SOC_CENTRAL.a(ll_connection.o)
                0x00005008                ll_conn_handle_ping_timer_expired_interrupt

i.ll_conn_handle_ping_timer_nearly_expired_interrupt
                0x00005024       0x20
 i.ll_conn_handle_ping_timer_nearly_expired_interrupt
                0x00005024       0x20 C:\Program Files (x86)\Cypress\PSoC Creator\3.1\PSoC Creator\psoc\content\cycomponentlibrary\CyComponentLibrary.cylib\BLE_v1_20\Library\gccCyBLEStack_BLE_SOC_CENTRAL.a(ll_connection.o)
                0x00005024                ll_conn_handle_ping_timer_nearly_expired_interrupt

i.ll_conn_process_pending_transactions
                0x00005044       0x12
 i.ll_conn_process_pending_transactions
                0x00005044       0x12 C:\Program Files (x86)\Cypress\PSoC Creator\3.1\PSoC Creator\psoc\content\cycomponentlibrary\CyComponentLibrary.cylib\BLE_v1_20\Library\gccCyBLEStack_BLE_SOC_CENTRAL.a(ll_connection.o)
                0x00005044                ll_conn_process_pending_transactions

i.ll_conn_program_authenticated_payload_timer
                0x00005058       0x50
 i.ll_conn_program_authenticated_payload_timer
                0x00005058       0x50 C:\Program Files (x86)\Cypress\PSoC Creator\3.1\PSoC Creator\psoc\content\cycomponentlibrary\CyComponentLibrary.cylib\BLE_v1_20\Library\gccCyBLEStack_BLE_SOC_CENTRAL.a(ll_connection.o)
                0x00005058                ll_conn_program_authenticated_payload_timer

i.ll_conn_read_data_pdu_from_hardware
                0x000050a8       0x14
 i.ll_conn_read_data_pdu_from_hardware
                0x000050a8       0x14 C:\Program Files (x86)\Cypress\PSoC Creator\3.1\PSoC Creator\psoc\content\cycomponentlibrary\CyComponentLibrary.cylib\BLE_v1_20\Library\gccCyBLEStack_BLE_SOC_CENTRAL.a(ll_connection.o)
                0x000050a8                ll_conn_read_data_pdu_from_hardware

i.ll_conn_send_connection_update
                0x000050bc       0x8a
 i.ll_conn_send_connection_update
                0x000050bc       0x8a C:\Program Files (x86)\Cypress\PSoC Creator\3.1\PSoC Creator\psoc\content\cycomponentlibrary\CyComponentLibrary.cylib\BLE_v1_20\Library\gccCyBLEStack_BLE_SOC_CENTRAL.a(ll_connection.o)
                0x000050bc                ll_conn_send_connection_update

i.ll_conn_send_ping_req_pdu
                0x00005148       0x40
 i.ll_conn_send_ping_req_pdu
                0x00005148       0x40 C:\Program Files (x86)\Cypress\PSoC Creator\3.1\PSoC Creator\psoc\content\cycomponentlibrary\CyComponentLibrary.cylib\BLE_v1_20\Library\gccCyBLEStack_BLE_SOC_CENTRAL.a(ll_connection.o)
                0x00005148                ll_conn_send_ping_req_pdu

i.ll_conn_start_initiation
                0x00005188       0x14
 i.ll_conn_start_initiation
                0x00005188       0x14 C:\Program Files (x86)\Cypress\PSoC Creator\3.1\PSoC Creator\psoc\content\cycomponentlibrary\CyComponentLibrary.cylib\BLE_v1_20\Library\gccCyBLEStack_BLE_SOC_CENTRAL.a(ll_connection.o)
                0x00005188                ll_conn_start_initiation

i.ll_conn_store_pending_tx_pdu
                0x0000519c       0x1a
 i.ll_conn_store_pending_tx_pdu
                0x0000519c       0x1a C:\Program Files (x86)\Cypress\PSoC Creator\3.1\PSoC Creator\psoc\content\cycomponentlibrary\CyComponentLibrary.cylib\BLE_v1_20\Library\gccCyBLEStack_BLE_SOC_CENTRAL.a(ll_connection.o)
                0x0000519c                ll_conn_store_pending_tx_pdu

i.ll_conn_update_rssi
                0x000051b6       0x16
 i.ll_conn_update_rssi
                0x000051b6       0x16 C:\Program Files (x86)\Cypress\PSoC Creator\3.1\PSoC Creator\psoc\content\cycomponentlibrary\CyComponentLibrary.cylib\BLE_v1_20\Library\gccCyBLEStack_BLE_SOC_CENTRAL.a(ll_connection.o)
                0x000051b6                ll_conn_update_rssi

i.ll_convert_hci_llid_to_ll_llid_host_to_controller
                0x000051cc        0x8
 i.ll_convert_hci_llid_to_ll_llid_host_to_controller
                0x000051cc        0x8 C:\Program Files (x86)\Cypress\PSoC Creator\3.1\PSoC Creator\psoc\content\cycomponentlibrary\CyComponentLibrary.cylib\BLE_v1_20\Library\gccCyBLEStack_BLE_SOC_CENTRAL.a(ll_connection.o)
                0x000051cc                ll_convert_hci_llid_to_ll_llid_host_to_controller

i.ll_convert_ll_llid_to_hci_llid_controller_to_host
                0x000051d4        0x2
 i.ll_convert_ll_llid_to_hci_llid_controller_to_host
                0x000051d4        0x2 C:\Program Files (x86)\Cypress\PSoC Creator\3.1\PSoC Creator\psoc\content\cycomponentlibrary\CyComponentLibrary.cylib\BLE_v1_20\Library\gccCyBLEStack_BLE_SOC_CENTRAL.a(ll_connection.o)
                0x000051d4                ll_convert_ll_llid_to_hci_llid_controller_to_host

i.ll_count_access_code_transitions
                0x000051d6       0x2c
 i.ll_count_access_code_transitions
                0x000051d6       0x2c C:\Program Files (x86)\Cypress\PSoC Creator\3.1\PSoC Creator\psoc\content\cycomponentlibrary\CyComponentLibrary.cylib\BLE_v1_20\Library\gccCyBLEStack_BLE_SOC_CENTRAL.a(ll_connection.o)
                0x000051d6                ll_count_access_code_transitions

i.ll_derive_data_channel_map
                0x00005204       0x58
 i.ll_derive_data_channel_map
                0x00005204       0x58 C:\Program Files (x86)\Cypress\PSoC Creator\3.1\PSoC Creator\psoc\content\cycomponentlibrary\CyComponentLibrary.cylib\BLE_v1_20\Library\gccCyBLEStack_BLE_SOC_CENTRAL.a(ll_connection.o)
                0x00005204                ll_derive_data_channel_map

i.ll_enc_fsm_derive_session_key
                0x0000525c       0x46
 i.ll_enc_fsm_derive_session_key
                0x0000525c       0x46 C:\Program Files (x86)\Cypress\PSoC Creator\3.1\PSoC Creator\psoc\content\cycomponentlibrary\CyComponentLibrary.cylib\BLE_v1_20\Library\gccCyBLEStack_BLE_SOC_CENTRAL.a(ll_connection.o)
                0x0000525c                ll_enc_fsm_derive_session_key

i.ll_enc_handle_enc_complete
                0x000052a2       0x6e
 i.ll_enc_handle_enc_complete
                0x000052a2       0x6e C:\Program Files (x86)\Cypress\PSoC Creator\3.1\PSoC Creator\psoc\content\cycomponentlibrary\CyComponentLibrary.cylib\BLE_v1_20\Library\gccCyBLEStack_BLE_SOC_CENTRAL.a(ll_connection.o)
                0x000052a2                ll_enc_handle_enc_complete

i.ll_enc_handle_enc_failure
                0x00005310       0xa8
 i.ll_enc_handle_enc_failure
                0x00005310       0xa8 C:\Program Files (x86)\Cypress\PSoC Creator\3.1\PSoC Creator\psoc\content\cycomponentlibrary\CyComponentLibrary.cylib\BLE_v1_20\Library\gccCyBLEStack_BLE_SOC_CENTRAL.a(ll_connection.o)
                0x00005310                ll_enc_handle_enc_failure

i.ll_enc_handle_ll_reject_pdu_cb
                0x000053b8       0x24
 i.ll_enc_handle_ll_reject_pdu_cb
                0x000053b8       0x24 C:\Program Files (x86)\Cypress\PSoC Creator\3.1\PSoC Creator\psoc\content\cycomponentlibrary\CyComponentLibrary.cylib\BLE_v1_20\Library\gccCyBLEStack_BLE_SOC_CENTRAL.a(ll_connection.o)
                0x000053b8                ll_enc_handle_ll_reject_pdu_cb

i.ll_enc_handle_ll_terminate_pdu
                0x000053dc       0x16
 i.ll_enc_handle_ll_terminate_pdu
                0x000053dc       0x16 C:\Program Files (x86)\Cypress\PSoC Creator\3.1\PSoC Creator\psoc\content\cycomponentlibrary\CyComponentLibrary.cylib\BLE_v1_20\Library\gccCyBLEStack_BLE_SOC_CENTRAL.a(ll_connection.o)
                0x000053dc                ll_enc_handle_ll_terminate_pdu

i.ll_enc_handle_ll_unknown_resp_pdu_cb
                0x000053f2       0x24
 i.ll_enc_handle_ll_unknown_resp_pdu_cb
                0x000053f2       0x24 C:\Program Files (x86)\Cypress\PSoC Creator\3.1\PSoC Creator\psoc\content\cycomponentlibrary\CyComponentLibrary.cylib\BLE_v1_20\Library\gccCyBLEStack_BLE_SOC_CENTRAL.a(ll_connection.o)
                0x000053f2                ll_enc_handle_ll_unknown_resp_pdu_cb

i.ll_enc_handle_master_await_to_pause_cb
                0x00005418       0x40
 i.ll_enc_handle_master_await_to_pause_cb
                0x00005418       0x40 C:\Program Files (x86)\Cypress\PSoC Creator\3.1\PSoC Creator\psoc\content\cycomponentlibrary\CyComponentLibrary.cylib\BLE_v1_20\Library\gccCyBLEStack_BLE_SOC_CENTRAL.a(ll_connection.o)
                0x00005418                ll_enc_handle_master_await_to_pause_cb

i.ll_enc_handle_master_await_to_start_cb
                0x00005458       0x5c
 i.ll_enc_handle_master_await_to_start_cb
                0x00005458       0x5c C:\Program Files (x86)\Cypress\PSoC Creator\3.1\PSoC Creator\psoc\content\cycomponentlibrary\CyComponentLibrary.cylib\BLE_v1_20\Library\gccCyBLEStack_BLE_SOC_CENTRAL.a(ll_connection.o)
                0x00005458                ll_enc_handle_master_await_to_start_cb

i.ll_enc_handle_master_enc_resp_cb
                0x000054b4       0x16
 i.ll_enc_handle_master_enc_resp_cb
                0x000054b4       0x16 C:\Program Files (x86)\Cypress\PSoC Creator\3.1\PSoC Creator\psoc\content\cycomponentlibrary\CyComponentLibrary.cylib\BLE_v1_20\Library\gccCyBLEStack_BLE_SOC_CENTRAL.a(ll_connection.o)
                0x000054b4                ll_enc_handle_master_enc_resp_cb

i.ll_enc_handle_master_pause_enc_resp_ack
                0x000054ca        0xa
 i.ll_enc_handle_master_pause_enc_resp_ack
                0x000054ca        0xa C:\Program Files (x86)\Cypress\PSoC Creator\3.1\PSoC Creator\psoc\content\cycomponentlibrary\CyComponentLibrary.cylib\BLE_v1_20\Library\gccCyBLEStack_BLE_SOC_CENTRAL.a(ll_connection.o)
                0x000054ca                ll_enc_handle_master_pause_enc_resp_ack
