Archive member included because of file (symbol)

.\CortexM0\ARM_GCC_484\Debug\PSoC 4 BLE - Find Me.a(cyfitter_cfg.o)
                              .\CortexM0\ARM_GCC_484\Debug\Cm0Start.o (cyfitter_cfg)
.\CortexM0\ARM_GCC_484\Debug\PSoC 4 BLE - Find Me.a(BLE.o)
                              .\CortexM0\ARM_GCC_484\Debug\main.o (CyBle_Start)
.\CortexM0\ARM_GCC_484\Debug\PSoC 4 BLE - Find Me.a(BLE_gatt.o)
                              .\CortexM0\ARM_GCC_484\Debug\main.o (cyBle_state)
.\CortexM0\ARM_GCC_484\Debug\PSoC 4 BLE - Find Me.a(BLE_ias.o)
                              .\CortexM0\ARM_GCC_484\Debug\PSoC 4 BLE - Find Me.a(BLE.o) (CyBle_IasInit)
.\CortexM0\ARM_GCC_484\Debug\PSoC 4 BLE - Find Me.a(BLE_eventHandler.o)
                              .\CortexM0\ARM_GCC_484\Debug\PSoC 4 BLE - Find Me.a(BLE.o) (cyBle_eventHandlerFlag)
.\CortexM0\ARM_GCC_484\Debug\PSoC 4 BLE - Find Me.a(Pin_R.o)
                              .\CortexM0\ARM_GCC_484\Debug\main.o (Pin_R_Write)
.\CortexM0\ARM_GCC_484\Debug\PSoC 4 BLE - Find Me.a(Pin_B.o)
                              .\CortexM0\ARM_GCC_484\Debug\main.o (Pin_B_Write)
.\CortexM0\ARM_GCC_484\Debug\PSoC 4 BLE - Find Me.a(Pin_G.o)
                              .\CortexM0\ARM_GCC_484\Debug\main.o (Pin_G_Write)
.\CortexM0\ARM_GCC_484\Debug\PSoC 4 BLE - Find Me.a(CyLib.o)
                              .\CortexM0\ARM_GCC_484\Debug\PSoC 4 BLE - Find Me.a(cyfitter_cfg.o) (CyDelayUs)
.\CortexM0\ARM_GCC_484\Debug\PSoC 4 BLE - Find Me.a(CyBootAsmGnu.o)
                              .\CortexM0\ARM_GCC_484\Debug\PSoC 4 BLE - Find Me.a(CyLib.o) (CyDelayCycles)
C:\Program Files (x86)\Cypress\PSoC Creator\3.1\PSoC Creator\psoc\content\cycomponentlibrary\CyComponentLibrary.cylib\BLE_v1_20\Library\gccCyBLEStack_BLE_SOC_PERIPHERAL.a(CyBle.o)
                              .\CortexM0\ARM_GCC_484\Debug\main.o (CyBle_ProcessEvents)
C:\Program Files (x86)\Cypress\PSoC Creator\3.1\PSoC Creator\psoc\content\cycomponentlibrary\CyComponentLibrary.cylib\BLE_v1_20\Library\gccCyBLEStack_BLE_SOC_PERIPHERAL.a(CyBleStackMgrIP_Interface.o)
                              C:\Program Files (x86)\Cypress\PSoC Creator\3.1\PSoC Creator\psoc\content\cycomponentlibrary\CyComponentLibrary.cylib\BLE_v1_20\Library\gccCyBLEStack_BLE_SOC_PERIPHERAL.a(CyBle.o) (CyBleStackMgr_BleGetConfigData)
C:\Program Files (x86)\Cypress\PSoC Creator\3.1\PSoC Creator\psoc\content\cycomponentlibrary\CyComponentLibrary.cylib\BLE_v1_20\Library\gccCyBLEStack_BLE_SOC_PERIPHERAL.a(BT_os.o)
                              C:\Program Files (x86)\Cypress\PSoC Creator\3.1\PSoC Creator\psoc\content\cycomponentlibrary\CyComponentLibrary.cylib\BLE_v1_20\Library\gccCyBLEStack_BLE_SOC_PERIPHERAL.a(CyBleStackMgrIP_Interface.o) (bt_stack_init_os)
C:\Program Files (x86)\Cypress\PSoC Creator\3.1\PSoC Creator\psoc\content\cycomponentlibrary\CyComponentLibrary.cylib\BLE_v1_20\Library\gccCyBLEStack_BLE_SOC_PERIPHERAL.a(CyBleStackMgr_StackTaskHandler.o)
                              C:\Program Files (x86)\Cypress\PSoC Creator\3.1\PSoC Creator\psoc\content\cycomponentlibrary\CyComponentLibrary.cylib\BLE_v1_20\Library\gccCyBLEStack_BLE_SOC_PERIPHERAL.a(CyBleStackMgrIP_Interface.o) (CyBle_CreateBleStackTask)
C:\Program Files (x86)\Cypress\PSoC Creator\3.1\PSoC Creator\psoc\content\cycomponentlibrary\CyComponentLibrary.cylib\BLE_v1_20\Library\gccCyBLEStack_BLE_SOC_PERIPHERAL.a(transport_sf.o)
                              C:\Program Files (x86)\Cypress\PSoC Creator\3.1\PSoC Creator\psoc\content\cycomponentlibrary\CyComponentLibrary.cylib\BLE_v1_20\Library\gccCyBLEStack_BLE_SOC_PERIPHERAL.a(CyBleStackMgr_StackTaskHandler.o) (hci_soft_transport_notify_data_received)
C:\Program Files (x86)\Cypress\PSoC Creator\3.1\PSoC Creator\psoc\content\cycomponentlibrary\CyComponentLibrary.cylib\BLE_v1_20\Library\gccCyBLEStack_BLE_SOC_PERIPHERAL.a(CyBleStackMgr_PSoCHal.o)
                              C:\Program Files (x86)\Cypress\PSoC Creator\3.1\PSoC Creator\psoc\content\cycomponentlibrary\CyComponentLibrary.cylib\BLE_v1_20\Library\gccCyBLEStack_BLE_SOC_PERIPHERAL.a(CyBleStackMgrIP_Interface.o) (CyBleStackMgr_HalInit)
C:\Program Files (x86)\Cypress\PSoC Creator\3.1\PSoC Creator\psoc\content\cycomponentlibrary\CyComponentLibrary.cylib\BLE_v1_20\Library\gccCyBLEStack_BLE_SOC_PERIPHERAL.a(CyBleStackMgr_BleSSDriver.o)
                              C:\Program Files (x86)\Cypress\PSoC Creator\3.1\PSoC Creator\psoc\content\cycomponentlibrary\CyComponentLibrary.cylib\BLE_v1_20\Library\gccCyBLEStack_BLE_SOC_PERIPHERAL.a(CyBleStackMgrIP_Interface.o) (CyBleStackMgr_BleSSInit)
C:\Program Files (x86)\Cypress\PSoC Creator\3.1\PSoC Creator\psoc\content\cycomponentlibrary\CyComponentLibrary.cylib\BLE_v1_20\Library\gccCyBLEStack_BLE_SOC_PERIPHERAL.a(config_bin.o)
[...]
Memory Configuration

Name             Origin             Length             Attributes
rom              0x00000000         0x00020000         xr
ram              0x20000000         0x00004000         xrw
*default*        0x00000000         0xffffffff

Linker script and memory map

LOAD c:/program files (x86)/cypress/psoc creator/3.1/psoc creator/import/gnu_cs/arm/4.8.4/bin/../lib/gcc/arm-none-eabi/4.8.4/armv6-m/crti.o
LOAD c:/program files (x86)/cypress/psoc creator/3.1/psoc creator/import/gnu_cs/arm/4.8.4/bin/../lib/gcc/arm-none-eabi/4.8.4/armv6-m/crtbegin.o
LOAD c:/program files (x86)/cypress/psoc creator/3.1/psoc creator/import/gnu_cs/arm/4.8.4/bin/../lib/gcc/arm-none-eabi/4.8.4/../../../../arm-none-eabi/lib/armv6-m/crt0.o
START GROUP
LOAD .\CortexM0\ARM_GCC_484\Debug\main.o
LOAD .\CortexM0\ARM_GCC_484\Debug\cymetadata.o
LOAD .\CortexM0\ARM_GCC_484\Debug\Cm0Start.o
LOAD .\CortexM0\ARM_GCC_484\Debug\PSoC 4 BLE - Find Me.a
LOAD C:\Program Files (x86)\Cypress\PSoC Creator\3.1\PSoC Creator\psoc\content\cycomponentlibrary\CyComponentLibrary.cylib\BLE_v1_20\Library\gccCyBLEStack_BLE_SOC_PERIPHERAL.a
LOAD C:\Program Files (x86)\Cypress\PSoC Creator\3.1\PSoC Creator\psoc\content\cycomponentlibrary\CyComponentLibrary.cylib\CortexM0\ARM_GCC_484\Debug\CyComponentLibrary.a
END GROUP
START GROUP
LOAD c:/program files (x86)/cypress/psoc creator/3.1/psoc creator/import/gnu_cs/arm/4.8.4/bin/../lib/gcc/arm-none-eabi/4.8.4/armv6-m\libgcc.a
LOAD c:/program files (x86)/cypress/psoc creator/3.1/psoc creator/import/gnu_cs/arm/4.8.4/bin/../lib/gcc/arm-none-eabi/4.8.4/../../../../arm-none-eabi/lib/armv6-m\libg_s.a
LOAD c:/program files (x86)/cypress/psoc creator/3.1/psoc creator/import/gnu_cs/arm/4.8.4/bin/../lib/gcc/arm-none-eabi/4.8.4/../../../../arm-none-eabi/lib/armv6-m\libc_s.a
END GROUP
START GROUP
LOAD c:/program files (x86)/cypress/psoc creator/3.1/psoc creator/import/gnu_cs/arm/4.8.4/bin/../lib/gcc/arm-none-eabi/4.8.4/armv6-m\libgcc.a
LOAD c:/program files (x86)/cypress/psoc creator/3.1/psoc creator/import/gnu_cs/arm/4.8.4/bin/../lib/gcc/arm-none-eabi/4.8.4/../../../../arm-none-eabi/lib/armv6-m\libc_s.a
END GROUP
LOAD c:/program files (x86)/cypress/psoc creator/3.1/psoc creator/import/gnu_cs/arm/4.8.4/bin/../lib/gcc/arm-none-eabi/4.8.4/armv6-m/crtend.o
LOAD c:/program files (x86)/cypress/psoc creator/3.1/psoc creator/import/gnu_cs/arm/4.8.4/bin/../lib/gcc/arm-none-eabi/4.8.4/armv6-m/crtn.o
START GROUP
LOAD c:/program files (x86)/cypress/psoc creator/3.1/psoc creator/import/gnu_cs/arm/4.8.4/bin/../lib/gcc/arm-none-eabi/4.8.4/armv6-m\libgcc.a
LOAD c:/program files (x86)/cypress/psoc creator/3.1/psoc creator/import/gnu_cs/arm/4.8.4/bin/../lib/gcc/arm-none-eabi/4.8.4/../../../../arm-none-eabi/lib/armv6-m\libc.a
LOAD c:/program files (x86)/cypress/psoc creator/3.1/psoc creator/import/gnu_cs/arm/4.8.4/bin/../lib/gcc/arm-none-eabi/4.8.4/../../../../arm-none-eabi/lib/armv6-m\libnosys.a
END GROUP
                0x00000000                CY_APPL_ORIGIN = 0x0
                0x00000080                CY_FLASH_ROW_SIZE = 0x80
                0x00000001                CY_APPL_NUM = 0x1
                0x00000040                CY_METADATA_SIZE = 0x40
                0x200024a8                PROVIDE (__cy_heap_start, _end)
                0x00000001                PROVIDE (__cy_region_num, ((__cy_regions_end - __cy_regions) / 0x10))
                0x20004000                PROVIDE (__cy_stack, (ORIGIN (ram) + 0x4000))
                0x20003800                PROVIDE (__cy_heap_end, (__cy_stack - 0x800))

.cybootloader   0x00000000        0x0
 *(.cybootloader)
                0x00000000                appl1_start = CY_APPL_ORIGIN?CY_APPL_ORIGIN:ALIGN (CY_FLASH_ROW_SIZE)
                0x0000ff80                appl2_start = (appl1_start + ALIGN ((((0x20000 - appl1_start) - (0x2 * CY_FLASH_ROW_SIZE)) / 0x2), CY_FLASH_ROW_SIZE))
                0x00000000                appl_start = (CY_APPL_NUM == 0x1)?appl1_start:appl2_start

.text           0x00000000     0x1428
 CREATE_OBJECT_SYMBOLS
                0x00000000                PROVIDE (__cy_interrupt_vector, RomVectors)
 *(.romvectors)
 .romvectors    0x00000000       0x10 .\CortexM0\ARM_GCC_484\Debug\Cm0Start.o
                0x00000000                RomVectors
                0x00000001                ASSERT ((. != __cy_interrupt_vector), No interrupt vector)
                0x00000001                ASSERT (CY_APPL_ORIGIN?(SIZEOF (.cybootloader) <= CY_APPL_ORIGIN):0x1, Wrong image location)
                0x00000010                PROVIDE (__cy_reset, Reset)
 *(.text.Reset)
 .text.Reset    0x00000010        0x8 .\CortexM0\ARM_GCC_484\Debug\Cm0Start.o
                0x00000010                Reset
                0x00000001                ASSERT ((. != __cy_reset), No reset code)
 *(.psocinit)
 .psocinit      0x00000018      0x2a4 .\CortexM0\ARM_GCC_484\Debug\PSoC 4 BLE - Find Me.a(cyfitter_cfg.o)
                0x00000198                cyfitter_cfg
                0x000002bc                . = MAX (., 0x100)
 *(.text .text.* .gnu.linkonce.t.*)
 .text          0x000002bc       0x60 c:/program files (x86)/cypress/psoc creator/3.1/psoc creator/import/gnu_cs/arm/4.8.4/bin/../lib/gcc/arm-none-eabi/4.8.4/armv6-m/crtbegin.o
 .text.main     0x0000031c       0x38 .\CortexM0\ARM_GCC_484\Debug\main.o
                0x0000031c                main
 .text.StackEventHandler
                0x00000354       0xc4 .\CortexM0\ARM_GCC_484\Debug\main.o
                0x00000354                StackEventHandler
 .text.IasEventHandler
                0x00000418       0x44 .\CortexM0\ARM_GCC_484\Debug\main.o
                0x00000418                IasEventHandler
 .text.HandleAlertLEDs
                0x0000045c       0x60 .\CortexM0\ARM_GCC_484\Debug\main.o
                0x0000045c                HandleAlertLEDs
 .text.IntDefaultHandler
                0x000004bc        0x8 .\CortexM0\ARM_GCC_484\Debug\Cm0Start.o
                0x000004bc                IntDefaultHandler
 .text.Start_c  0x000004c4       0x98 .\CortexM0\ARM_GCC_484\Debug\Cm0Start.o
                0x000004c4                Start_c
 .text.initialize_psoc
                0x0000055c       0x70 .\CortexM0\ARM_GCC_484\Debug\Cm0Start.o
                0x0000055c                initialize_psoc
 .text.CYMEMZERO
                0x000005cc       0x20 .\CortexM0\ARM_GCC_484\Debug\PSoC 4 BLE - Find Me.a(cyfitter_cfg.o)
 .text.AnalogSetDefault
                0x000005ec       0x28 .\CortexM0\ARM_GCC_484\Debug\PSoC 4 BLE - Find Me.a(cyfitter_cfg.o)
 .text.CyBle_Init
                0x00000614       0x2c .\CortexM0\ARM_GCC_484\Debug\PSoC 4 BLE - Find Me.a(BLE.o)
                0x00000614                CyBle_Init
 .text.CyBle_ServiceInit
                0x00000640        0xc .\CortexM0\ARM_GCC_484\Debug\PSoC 4 BLE - Find Me.a(BLE.o)
                0x00000640                CyBle_ServiceInit
 .text.CyBle_Start
                0x0000064c       0x90 .\CortexM0\ARM_GCC_484\Debug\PSoC 4 BLE - Find Me.a(BLE.o)
                0x0000064c                CyBle_Start
 .text.CyBle_GappStartAdvertisement
                0x000006dc       0xc4 .\CortexM0\ARM_GCC_484\Debug\PSoC 4 BLE - Find Me.a(BLE.o)
                0x000006dc                CyBle_GappStartAdvertisement
 .text.CyBle_GappStopAdvertisement
                0x000007a0       0x20 .\CortexM0\ARM_GCC_484\Debug\PSoC 4 BLE - Find Me.a(BLE.o)
                0x000007a0                CyBle_GappStopAdvertisement
 .text.CyBle_ChangeAdDeviceAddress
                0x000007c0       0x60 .\CortexM0\ARM_GCC_484\Debug\PSoC 4 BLE - Find Me.a(BLE.o)
                0x000007c0                CyBle_ChangeAdDeviceAddress
 .text.CyBle_Get16ByPtr
                0x00000820       0x24 .\CortexM0\ARM_GCC_484\Debug\PSoC 4 BLE - Find Me.a(BLE.o)
                0x00000820                CyBle_Get16ByPtr
 .text.CyBle_GattsWriteEventHandler
                0x00000844       0xa0 .\CortexM0\ARM_GCC_484\Debug\PSoC 4 BLE - Find Me.a(BLE_gatt.o)
                0x00000844                CyBle_GattsWriteEventHandler
 .text.CyBle_IasInit
                0x000008e4        0x8 .\CortexM0\ARM_GCC_484\Debug\PSoC 4 BLE - Find Me.a(BLE_ias.o)
                0x000008e4                CyBle_IasInit
 .text.CyBle_IasRegisterAttrCallback
                0x000008ec       0x18 .\CortexM0\ARM_GCC_484\Debug\PSoC 4 BLE - Find Me.a(BLE_ias.o)
                0x000008ec                CyBle_IasRegisterAttrCallback
 .text.CyBle_IassDisconnectEventHandler
                0x00000904       0x38 .\CortexM0\ARM_GCC_484\Debug\PSoC 4 BLE - Find Me.a(BLE_ias.o)
                0x00000904                CyBle_IassDisconnectEventHandler
 .text.CyBle_IassWriteCmdEventHandler
                0x0000093c       0x90 .\CortexM0\ARM_GCC_484\Debug\PSoC 4 BLE - Find Me.a(BLE_ias.o)
                0x0000093c                CyBle_IassWriteCmdEventHandler
 .text.CyBle_WriteReqHandler
                0x000009cc       0x70 .\CortexM0\ARM_GCC_484\Debug\PSoC 4 BLE - Find Me.a(BLE_eventHandler.o)
 .text.CyBle_ValueConfirmation
                0x00000a3c       0x10 .\CortexM0\ARM_GCC_484\Debug\PSoC 4 BLE - Find Me.a(BLE_eventHandler.o)
 .text.CyBle_GattDisconnectEventHandler
                0x00000a4c       0x1c .\CortexM0\ARM_GCC_484\Debug\PSoC 4 BLE - Find Me.a(BLE_eventHandler.o)
 .text.CyBle_TimeOutEventHandler
                0x00000a68       0x10 .\CortexM0\ARM_GCC_484\Debug\PSoC 4 BLE - Find Me.a(BLE_eventHandler.o)
 .text.CyBle_GattConnectReqHandler
                0x00000a78        0x8 .\CortexM0\ARM_GCC_484\Debug\PSoC 4 BLE - Find Me.a(BLE_eventHandler.o)
 .text.CyBle_IsDeviceAddressValid
                0x00000a80       0x60 .\CortexM0\ARM_GCC_484\Debug\PSoC 4 BLE - Find Me.a(BLE_eventHandler.o)
 .text.CyBle_L2Cap_ConnParamUpdateRspEventHandler
                0x00000ae0       0x14 .\CortexM0\ARM_GCC_484\Debug\PSoC 4 BLE - Find Me.a(BLE_eventHandler.o)
 .text.CyBle_GapConnUpdateCompleteEventHandler
                0x00000af4       0x10 .\CortexM0\ARM_GCC_484\Debug\PSoC 4 BLE - Find Me.a(BLE_eventHandler.o)
 .text.CyBle_EventHandler
                0x00000b04      0x2b0 .\CortexM0\ARM_GCC_484\Debug\PSoC 4 BLE - Find Me.a(BLE_eventHandler.o)
                0x00000b04                CyBle_EventHandler
 .text.Pin_R_Write
                0x00000db4       0x4c .\CortexM0\ARM_GCC_484\Debug\PSoC 4 BLE - Find Me.a(Pin_R.o)
                0x00000db4                Pin_R_Write
 .text.Pin_B_Write
                0x00000e00       0x48 .\CortexM0\ARM_GCC_484\Debug\PSoC 4 BLE - Find Me.a(Pin_B.o)
                0x00000e00                Pin_B_Write
 .text.Pin_G_Write
                0x00000e48       0x4c .\CortexM0\ARM_GCC_484\Debug\PSoC 4 BLE - Find Me.a(Pin_G.o)
                0x00000e48                Pin_G_Write
 .text.CySysClkWcoSetHighPowerMode
                0x00000e94       0x3c .\CortexM0\ARM_GCC_484\Debug\PSoC 4 BLE - Find Me.a(CyLib.o)
 .text.CySysClkWcoSetLowPowerMode
                0x00000ed0       0x48 .\CortexM0\ARM_GCC_484\Debug\PSoC 4 BLE - Find Me.a(CyLib.o)
 .text.CySysClkEcoStart
                0x00000f18       0x74 .\CortexM0\ARM_GCC_484\Debug\PSoC 4 BLE - Find Me.a(CyLib.o)
                0x00000f18                CySysClkEcoStart
 .text.CySysClkEcoReadStatus
                0x00000f8c       0x18 .\CortexM0\ARM_GCC_484\Debug\PSoC 4 BLE - Find Me.a(CyLib.o)
                0x00000f8c                CySysClkEcoReadStatus
 .text.CySysClkWcoStart
                0x00000fa4       0x20 .\CortexM0\ARM_GCC_484\Debug\PSoC 4 BLE - Find Me.a(CyLib.o)
                0x00000fa4                CySysClkWcoStart
 .text.CySysClkWcoSetPowerMode
                0x00000fc4       0x40 .\CortexM0\ARM_GCC_484\Debug\PSoC 4 BLE - Find Me.a(CyLib.o)
                0x00000fc4                CySysClkWcoSetPowerMode
 .text.CyHalt   0x00001004       0x14 .\CortexM0\ARM_GCC_484\Debug\PSoC 4 BLE - Find Me.a(CyLib.o)
                0x00001004                CyHalt
 .text.CyDelay  0x00001018       0x48 .\CortexM0\ARM_GCC_484\Debug\PSoC 4 BLE - Find Me.a(CyLib.o)
                0x00001018                CyDelay
 .text.CyDelayUs
                0x00001060       0x28 .\CortexM0\ARM_GCC_484\Debug\PSoC 4 BLE - Find Me.a(CyLib.o)
                0x00001060                CyDelayUs
 .text          0x00001088       0x20 .\CortexM0\ARM_GCC_484\Debug\PSoC 4 BLE - Find Me.a(CyBootAsmGnu.o)
                0x00001088                CyDelayCycles
                0x0000109a                CyEnterCriticalSection
                0x000010a2                CyExitCriticalSection
 .text.CyBLE_Bless_LlRegWrite
                0x000010a8       0x1c .\CortexM0\ARM_GCC_484\Debug\PSoC 4 BLE - Find Me.a(BLE_HAL_PVT.o)
                0x000010a8                CyBLE_Bless_LlRegWrite
 .text.CyBLE_Bless_RfRegWrite
                0x000010c4       0x1c .\CortexM0\ARM_GCC_484\Debug\PSoC 4 BLE - Find Me.a(BLE_HAL_PVT.o)
                0x000010c4                CyBLE_Bless_RfRegWrite
 .text.CyBleHal_DelayUs
                0x000010e0       0x1c .\CortexM0\ARM_GCC_484\Debug\PSoC 4 BLE - Find Me.a(BLE_HAL_PVT.o)
                0x000010e0                CyBleHal_DelayUs
 .text.CyBleHal_EnableGlobalInterrupts
                0x000010fc        0xc .\CortexM0\ARM_GCC_484\Debug\PSoC 4 BLE - Find Me.a(BLE_HAL_PVT.o)
                0x000010fc                CyBleHal_EnableGlobalInterrupts
 .text.CyBleHal_DisableGlobalInterrupts
                0x00001108        0xc .\CortexM0\ARM_GCC_484\Debug\PSoC 4 BLE - Find Me.a(BLE_HAL_PVT.o)
                0x00001108                CyBleHal_DisableGlobalInterrupts
 .text.CyBle_HalInit
                0x00001114       0x20 .\CortexM0\ARM_GCC_484\Debug\PSoC 4 BLE - Find Me.a(BLE_HAL_PVT.o)
                0x00001114                CyBle_HalInit
 .text.CYBLE_BlessStart
                0x00001134       0x14 .\CortexM0\ARM_GCC_484\Debug\PSoC 4 BLE - Find Me.a(BLE_HAL_PVT.o)
                0x00001134                CYBLE_BlessStart
 .text.BLE_bless_isr_StartEx
                0x00001148       0x24 .\CortexM0\ARM_GCC_484\Debug\PSoC 4 BLE - Find Me.a(BLE_bless_isr.o)
                0x00001148                BLE_bless_isr_StartEx
 .text.BLE_bless_isr_SetVector
                0x0000116c       0x18 .\CortexM0\ARM_GCC_484\Debug\PSoC 4 BLE - Find Me.a(BLE_bless_isr.o)
                0x0000116c                BLE_bless_isr_SetVector
 .text.BLE_bless_isr_SetPriority
                0x00001184       0x50 .\CortexM0\ARM_GCC_484\Debug\PSoC 4 BLE - Find Me.a(BLE_bless_isr.o)
                0x00001184                BLE_bless_isr_SetPriority
 .text.BLE_bless_isr_Enable
                0x000011d4       0x14 .\CortexM0\ARM_GCC_484\Debug\PSoC 4 BLE - Find Me.a(BLE_bless_isr.o)
                0x000011d4                BLE_bless_isr_Enable
 .text.BLE_bless_isr_Disable
                0x000011e8       0x14 .\CortexM0\ARM_GCC_484\Debug\PSoC 4 BLE - Find Me.a(BLE_bless_isr.o)
                0x000011e8                BLE_bless_isr_Disable
 .text.CySysPmSleep
                0x000011fc       0x34 .\CortexM0\ARM_GCC_484\Debug\PSoC 4 BLE - Find Me.a(cyPm.o)
                0x000011fc                CySysPmSleep
 .text.CyBLE_Bless_Interrupt
                0x00001230        0xc .\CortexM0\ARM_GCC_484\Debug\PSoC 4 BLE - Find Me.a(BLE_HAL_INT.o)
                0x00001230                CyBLE_Bless_Interrupt
 .text          0x0000123c       0x9c c:/program files (x86)/cypress/psoc creator/3.1/psoc creator/import/gnu_cs/arm/4.8.4/bin/../lib/gcc/arm-none-eabi/4.8.4/armv6-m\libgcc.a(_udivsi3.o)
                0x0000123c                __aeabi_uidiv
                0x0000123c                __udivsi3
                0x000012c4                __aeabi_uidivmod
 .text          0x000012d8       0xc0 c:/program files (x86)/cypress/psoc creator/3.1/psoc creator/import/gnu_cs/arm/4.8.4/bin/../lib/gcc/arm-none-eabi/4.8.4/armv6-m\libgcc.a(_divsi3.o)
                0x000012d8                __divsi3
                0x000012d8                __aeabi_idiv
                0x00001384                __aeabi_idivmod
 .text          0x00001398        0x4 c:/program files (x86)/cypress/psoc creator/3.1/psoc creator/import/gnu_cs/arm/4.8.4/bin/../lib/gcc/arm-none-eabi/4.8.4/armv6-m\libgcc.a(_dvmd_tls.o)
                0x00001398                __aeabi_idiv0
                0x00001398                __aeabi_ldiv0
 .text.__libc_init_array
                0x0000139c       0x4c c:/program files (x86)/cypress/psoc creator/3.1/psoc creator/import/gnu_cs/arm/4.8.4/bin/../lib/gcc/arm-none-eabi/4.8.4/../../../../arm-none-eabi/lib/armv6-m\libg_s.a(lib_a-init.o)
                0x0000139c                __libc_init_array
 .text.memcmp   0x000013e8       0x1e c:/program files (x86)/cypress/psoc creator/3.1/psoc creator/import/gnu_cs/arm/4.8.4/bin/../lib/gcc/arm-none-eabi/4.8.4/../../../../arm-none-eabi/lib/armv6-m\libg_s.a(lib_a-memcmp.o)
                0x000013e8                memcmp
 .text.memcpy   0x00001406       0x12 c:/program files (x86)/cypress/psoc creator/3.1/psoc creator/import/gnu_cs/arm/4.8.4/bin/../lib/gcc/arm-none-eabi/4.8.4/../../../../arm-none-eabi/lib/armv6-m\libg_s.a(lib_a-memcpy-stub.o)
                0x00001406                memcpy
 .text.memset   0x00001418       0x10 c:/program files (x86)/cypress/psoc creator/3.1/psoc creator/import/gnu_cs/arm/4.8.4/bin/../lib/gcc/arm-none-eabi/4.8.4/../../../../arm-none-eabi/lib/armv6-m\libg_s.a(lib_a-memset.o)
                0x00001418                memset
 *(.plt)
 *(.gnu.warning)
 *(.glue_7t)
 .glue_7t       0x00000000        0x0 linker stubs
 *(.glue_7)
 .glue_7        0x00000000        0x0 linker stubs
 *(.vfp11_veneer)
 .vfp11_veneer  0x00000000        0x0 linker stubs
 *(.bootloader)
 *(.ARM.extab* .gnu.linkonce.armextab.*)
 *(.gcc_except_table)

.v4_bx          0x00001428        0x0
 .v4_bx         0x00000000        0x0 linker stubs

.iplt           0x00001428        0x0
 .iplt          0x00000000        0x0 c:/program files (x86)/cypress/psoc creator/3.1/psoc creator/import/gnu_cs/arm/4.8.4/bin/../lib/gcc/arm-none-eabi/4.8.4/armv6-m/crtbegin.o

i.CyBle_ExitLPM
                0x00001428        0x8
 i.CyBle_ExitLPM
                0x00001428        0x8 C:\Program Files (x86)\Cypress\PSoC Creator\3.1\PSoC Creator\psoc\content\cycomponentlibrary\CyComponentLibrary.cylib\BLE_v1_20\Library\gccCyBLEStack_BLE_SOC_PERIPHERAL.a(CyBle.o)
                0x00001428                CyBle_ExitLPM

i.CyBle_ProcessEvents
                0x00001430        0x8
 i.CyBle_ProcessEvents
                0x00001430        0x8 C:\Program Files (x86)\Cypress\PSoC Creator\3.1\PSoC Creator\psoc\content\cycomponentlibrary\CyComponentLibrary.cylib\BLE_v1_20\Library\gccCyBLEStack_BLE_SOC_PERIPHERAL.a(CyBle.o)
                0x00001430                CyBle_ProcessEvents

i.CyBle_SetDeviceAddress
                0x00001438       0x24
 i.CyBle_SetDeviceAddress
                0x00001438       0x24 C:\Program Files (x86)\Cypress\PSoC Creator\3.1\PSoC Creator\psoc\content\cycomponentlibrary\CyComponentLibrary.cylib\BLE_v1_20\Library\gccCyBLEStack_BLE_SOC_PERIPHERAL.a(CyBle.o)
                0x00001438                CyBle_SetDeviceAddress

i.CyBle_StackInit
                0x0000145c       0x84
 i.CyBle_StackInit
                0x0000145c       0x84 C:\Program Files (x86)\Cypress\PSoC Creator\3.1\PSoC Creator\psoc\content\cycomponentlibrary\CyComponentLibrary.cylib\BLE_v1_20\Library\gccCyBLEStack_BLE_SOC_PERIPHERAL.a(CyBle.o)
                0x0000145c                CyBle_StackInit

i.CyBleStackMgr_BleGetConfigData
                0x000014e0        0x4
 i.CyBleStackMgr_BleGetConfigData
                0x000014e0        0x4 C:\Program Files (x86)\Cypress\PSoC Creator\3.1\PSoC Creator\psoc\content\cycomponentlibrary\CyComponentLibrary.cylib\BLE_v1_20\Library\gccCyBLEStack_BLE_SOC_PERIPHERAL.a(CyBleStackMgrIP_Interface.o)
                0x000014e0                CyBleStackMgr_BleGetConfigData

i.CyBleStackMgr_BleSetConfigData
                0x000014e4        0x4
 i.CyBleStackMgr_BleSetConfigData
                0x000014e4        0x4 C:\Program Files (x86)\Cypress\PSoC Creator\3.1\PSoC Creator\psoc\content\cycomponentlibrary\CyComponentLibrary.cylib\BLE_v1_20\Library\gccCyBLEStack_BLE_SOC_PERIPHERAL.a(CyBleStackMgrIP_Interface.o)
                0x000014e4                CyBleStackMgr_BleSetConfigData

i.CyBleStackMgr_Init
                0x000014e8      0x104
 i.CyBleStackMgr_Init
                0x000014e8      0x104 C:\Program Files (x86)\Cypress\PSoC Creator\3.1\PSoC Creator\psoc\content\cycomponentlibrary\CyComponentLibrary.cylib\BLE_v1_20\Library\gccCyBLEStack_BLE_SOC_PERIPHERAL.a(CyBleStackMgrIP_Interface.o)
                0x000014e8                CyBleStackMgr_Init

i.CyBleStackMgr_ProcessBleEvents
                0x000015ec       0x14
 i.CyBleStackMgr_ProcessBleEvents
                0x000015ec       0x14 C:\Program Files (x86)\Cypress\PSoC Creator\3.1\PSoC Creator\psoc\content\cycomponentlibrary\CyComponentLibrary.cylib\BLE_v1_20\Library\gccCyBLEStack_BLE_SOC_PERIPHERAL.a(CyBleStackMgrIP_Interface.o)
                0x000015ec                CyBleStackMgr_ProcessBleEvents

i.ble_stack_idle_task_callback
                0x00001600        0x2
 i.ble_stack_idle_task_callback
                0x00001600        0x2 C:\Program Files (x86)\Cypress\PSoC Creator\3.1\PSoC Creator\psoc\content\cycomponentlibrary\CyComponentLibrary.cylib\BLE_v1_20\Library\gccCyBLEStack_BLE_SOC_PERIPHERAL.a(CyBleStackMgrIP_Interface.o)
                0x00001600                ble_stack_idle_task_callback

i.BT_OSFreeBuf  0x00001604       0x18
 i.BT_OSFreeBuf
                0x00001604       0x18 C:\Program Files (x86)\Cypress\PSoC Creator\3.1\PSoC Creator\psoc\content\cycomponentlibrary\CyComponentLibrary.cylib\BLE_v1_20\Library\gccCyBLEStack_BLE_SOC_PERIPHERAL.a(BT_os.o)
                0x00001604                BT_OSFreeBuf

i.BT_OSGetBuF   0x0000161c       0x1c
 i.BT_OSGetBuF  0x0000161c       0x1c C:\Program Files (x86)\Cypress\PSoC Creator\3.1\PSoC Creator\psoc\content\cycomponentlibrary\CyComponentLibrary.cylib\BLE_v1_20\Library\gccCyBLEStack_BLE_SOC_PERIPHERAL.a(BT_os.o)
                0x0000161c                BT_OSGetBuF

i.BT_OSMemCreate
                0x00001638       0x1c
 i.BT_OSMemCreate
                0x00001638       0x1c C:\Program Files (x86)\Cypress\PSoC Creator\3.1\PSoC Creator\psoc\content\cycomponentlibrary\CyComponentLibrary.cylib\BLE_v1_20\Library\gccCyBLEStack_BLE_SOC_PERIPHERAL.a(BT_os.o)
                0x00001638                BT_OSMemCreate

i.BT_alloc_mem_ext
                0x00001654       0x34
 i.BT_alloc_mem_ext
                0x00001654       0x34 C:\Program Files (x86)\Cypress\PSoC Creator\3.1\PSoC Creator\psoc\content\cycomponentlibrary\CyComponentLibrary.cylib\BLE_v1_20\Library\gccCyBLEStack_BLE_SOC_PERIPHERAL.a(BT_os.o)
                0x00001654                BT_alloc_mem_ext

i.BT_free_mem   0x00001688        0xc
 i.BT_free_mem  0x00001688        0xc C:\Program Files (x86)\Cypress\PSoC Creator\3.1\PSoC Creator\psoc\content\cycomponentlibrary\CyComponentLibrary.cylib\BLE_v1_20\Library\gccCyBLEStack_BLE_SOC_PERIPHERAL.a(BT_os.o)
                0x00001688                BT_free_mem

i.bt_stack_init_os
                0x00001694       0x34
 i.bt_stack_init_os
                0x00001694       0x34 C:\Program Files (x86)\Cypress\PSoC Creator\3.1\PSoC Creator\psoc\content\cycomponentlibrary\CyComponentLibrary.cylib\BLE_v1_20\Library\gccCyBLEStack_BLE_SOC_PERIPHERAL.a(BT_os.o)
                0x00001694                bt_stack_init_os

i.CyBle_CheckBleStackTaskStatus
                0x000016c8        0x4
 i.CyBle_CheckBleStackTaskStatus
                0x000016c8        0x4 C:\Program Files (x86)\Cypress\PSoC Creator\3.1\PSoC Creator\psoc\content\cycomponentlibrary\CyComponentLibrary.cylib\BLE_v1_20\Library\gccCyBLEStack_BLE_SOC_PERIPHERAL.a(CyBleStackMgr_StackTaskHandler.o)
                0x000016c8                CyBle_CheckBleStackTaskStatus

i.CyBle_CreateBleStackTask
                0x000016cc       0x2c
 i.CyBle_CreateBleStackTask
                0x000016cc       0x2c C:\Program Files (x86)\Cypress\PSoC Creator\3.1\PSoC Creator\psoc\content\cycomponentlibrary\CyComponentLibrary.cylib\BLE_v1_20\Library\gccCyBLEStack_BLE_SOC_PERIPHERAL.a(CyBleStackMgr_StackTaskHandler.o)
                0x000016cc                CyBle_CreateBleStackTask

i.CyBle_SignalBleStackTask
                0x000016f8       0x50
 i.CyBle_SignalBleStackTask
                0x000016f8       0x50 C:\Program Files (x86)\Cypress\PSoC Creator\3.1\PSoC Creator\psoc\content\cycomponentlibrary\CyComponentLibrary.cylib\BLE_v1_20\Library\gccCyBLEStack_BLE_SOC_PERIPHERAL.a(CyBleStackMgr_StackTaskHandler.o)
                0x000016f8                CyBle_SignalBleStackTask

i.CyBle_StackTaskHandler
                0x00001748       0x5c
 i.CyBle_StackTaskHandler
                0x00001748       0x5c C:\Program Files (x86)\Cypress\PSoC Creator\3.1\PSoC Creator\psoc\content\cycomponentlibrary\CyComponentLibrary.cylib\BLE_v1_20\Library\gccCyBLEStack_BLE_SOC_PERIPHERAL.a(CyBleStackMgr_StackTaskHandler.o)
                0x00001748                CyBle_StackTaskHandler

i.__ARM_common_switch8
                0x000017a4       0x1a
 i.__ARM_common_switch8
                0x000017a4       0x1a C:\Program Files (x86)\Cypress\PSoC Creator\3.1\PSoC Creator\psoc\content\cycomponentlibrary\CyComponentLibrary.cylib\BLE_v1_20\Library\gccCyBLEStack_BLE_SOC_PERIPHERAL.a(CyBleStackMgr_StackTaskHandler.o)
                0x000017a4                __ARM_common_switch8

i.hci_soft_transport_notify_data_received
                0x000017c0        0xc
 i.hci_soft_transport_notify_data_received
                0x000017c0        0xc C:\Program Files (x86)\Cypress\PSoC Creator\3.1\PSoC Creator\psoc\content\cycomponentlibrary\CyComponentLibrary.cylib\BLE_v1_20\Library\gccCyBLEStack_BLE_SOC_PERIPHERAL.a(transport_sf.o)
                0x000017c0                hci_soft_transport_notify_data_received

i.hci_soft_transport_rx_data
                0x000017cc       0x40
 i.hci_soft_transport_rx_data
                0x000017cc       0x40 C:\Program Files (x86)\Cypress\PSoC Creator\3.1\PSoC Creator\psoc\content\cycomponentlibrary\CyComponentLibrary.cylib\BLE_v1_20\Library\gccCyBLEStack_BLE_SOC_PERIPHERAL.a(transport_sf.o)
                0x000017cc                hci_soft_transport_rx_data

i.hci_transport_bt_init
                0x0000180c        0x2
 i.hci_transport_bt_init
                0x0000180c        0x2 C:\Program Files (x86)\Cypress\PSoC Creator\3.1\PSoC Creator\psoc\content\cycomponentlibrary\CyComponentLibrary.cylib\BLE_v1_20\Library\gccCyBLEStack_BLE_SOC_PERIPHERAL.a(transport_sf.o)
                0x0000180c                hci_transport_bt_init

i.hci_transport_init
                0x00001810       0x10
 i.hci_transport_init
                0x00001810       0x10 C:\Program Files (x86)\Cypress\PSoC Creator\3.1\PSoC Creator\psoc\content\cycomponentlibrary\CyComponentLibrary.cylib\BLE_v1_20\Library\gccCyBLEStack_BLE_SOC_PERIPHERAL.a(transport_sf.o)
                0x00001810                hci_transport_init

i.hci_transport_write_data
                0x00001820       0xd4
 i.hci_transport_write_data
                0x00001820       0xd4 C:\Program Files (x86)\Cypress\PSoC Creator\3.1\PSoC Creator\psoc\content\cycomponentlibrary\CyComponentLibrary.cylib\BLE_v1_20\Library\gccCyBLEStack_BLE_SOC_PERIPHERAL.a(transport_sf.o)
                0x00001820                hci_transport_write_data

i.pf_hci_soft_transport_write
                0x000018f4       0x44
 i.pf_hci_soft_transport_write
                0x000018f4       0x44 C:\Program Files (x86)\Cypress\PSoC Creator\3.1\PSoC Creator\psoc\content\cycomponentlibrary\CyComponentLibrary.cylib\BLE_v1_20\Library\gccCyBLEStack_BLE_SOC_PERIPHERAL.a(transport_sf.o)
                0x000018f4                pf_hci_soft_transport_write

i.pf_soft_hci_transport_init
                0x00001938        0xc
 i.pf_soft_hci_transport_init
                0x00001938        0xc C:\Program Files (x86)\Cypress\PSoC Creator\3.1\PSoC Creator\psoc\content\cycomponentlibrary\CyComponentLibrary.cylib\BLE_v1_20\Library\gccCyBLEStack_BLE_SOC_PERIPHERAL.a(transport_sf.o)
                0x00001938                pf_soft_hci_transport_init

i.CyBleStackMgr_GetTime
                0x00001944       0x14
 i.CyBleStackMgr_GetTime
                0x00001944       0x14 C:\Program Files (x86)\Cypress\PSoC Creator\3.1\PSoC Creator\psoc\content\cycomponentlibrary\CyComponentLibrary.cylib\BLE_v1_20\Library\gccCyBLEStack_BLE_SOC_PERIPHERAL.a(CyBleStackMgr_PSoCHal.o)
                0x00001944                CyBleStackMgr_GetTime

i.CyBleStackMgr_HalInit
                0x00001958       0x24
 i.CyBleStackMgr_HalInit
                0x00001958       0x24 C:\Program Files (x86)\Cypress\PSoC Creator\3.1\PSoC Creator\psoc\content\cycomponentlibrary\CyComponentLibrary.cylib\BLE_v1_20\Library\gccCyBLEStack_BLE_SOC_PERIPHERAL.a(CyBleStackMgr_PSoCHal.o)
                0x00001958                CyBleStackMgr_HalInit

i.CyBleStackMgr_HalIntrEnable
                0x0000197c        0x8
 i.CyBleStackMgr_HalIntrEnable
                0x0000197c        0x8 C:\Program Files (x86)\Cypress\PSoC Creator\3.1\PSoC Creator\psoc\content\cycomponentlibrary\CyComponentLibrary.cylib\BLE_v1_20\Library\gccCyBLEStack_BLE_SOC_PERIPHERAL.a(CyBleStackMgr_PSoCHal.o)
                0x0000197c                CyBleStackMgr_HalIntrEnable

i.CyBleStackMgr_HandleLinkLayerTick
                0x00001984       0x5c
 i.CyBleStackMgr_HandleLinkLayerTick
                0x00001984       0x5c C:\Program Files (x86)\Cypress\PSoC Creator\3.1\PSoC Creator\psoc\content\cycomponentlibrary\CyComponentLibrary.cylib\BLE_v1_20\Library\gccCyBLEStack_BLE_SOC_PERIPHERAL.a(CyBleStackMgr_PSoCHal.o)
                0x00001984                CyBleStackMgr_HandleLinkLayerTick

i.CyBleStackMgr_HciPortInit
                0x000019e0        0xc
 i.CyBleStackMgr_HciPortInit
                0x000019e0        0xc C:\Program Files (x86)\Cypress\PSoC Creator\3.1\PSoC Creator\psoc\content\cycomponentlibrary\CyComponentLibrary.cylib\BLE_v1_20\Library\gccCyBLEStack_BLE_SOC_PERIPHERAL.a(CyBleStackMgr_PSoCHal.o)
                0x000019e0                CyBleStackMgr_HciPortInit

i.CyBleStackMgr_HciPortReset
                0x000019ec        0x2
 i.CyBleStackMgr_HciPortReset
                0x000019ec        0x2 C:\Program Files (x86)\Cypress\PSoC Creator\3.1\PSoC Creator\psoc\content\cycomponentlibrary\CyComponentLibrary.cylib\BLE_v1_20\Library\gccCyBLEStack_BLE_SOC_PERIPHERAL.a(CyBleStackMgr_PSoCHal.o)
                0x000019ec                CyBleStackMgr_HciPortReset

i.CyBleStackMgr_HciPortWrite
                0x000019ee        0x8
 i.CyBleStackMgr_HciPortWrite
                0x000019ee        0x8 C:\Program Files (x86)\Cypress\PSoC Creator\3.1\PSoC Creator\psoc\content\cycomponentlibrary\CyComponentLibrary.cylib\BLE_v1_20\Library\gccCyBLEStack_BLE_SOC_PERIPHERAL.a(CyBleStackMgr_PSoCHal.o)
                0x000019ee                CyBleStackMgr_HciPortWrite

i.CyBleStackMgr_ResetLinkLayerTimerEntity
                0x000019f8       0x14
 i.CyBleStackMgr_ResetLinkLayerTimerEntity
                0x000019f8       0x14 C:\Program Files (x86)\Cypress\PSoC Creator\3.1\PSoC Creator\psoc\content\cycomponentlibrary\CyComponentLibrary.cylib\BLE_v1_20\Library\gccCyBLEStack_BLE_SOC_PERIPHERAL.a(CyBleStackMgr_PSoCHal.o)
                0x000019f8                CyBleStackMgr_ResetLinkLayerTimerEntity

i.CyBleStackMgr_TimerStart
                0x00001a0c       0x2c
 i.CyBleStackMgr_TimerStart
                0x00001a0c       0x2c C:\Program Files (x86)\Cypress\PSoC Creator\3.1\PSoC Creator\psoc\content\cycomponentlibrary\CyComponentLibrary.cylib\BLE_v1_20\Library\gccCyBLEStack_BLE_SOC_PERIPHERAL.a(CyBleStackMgr_PSoCHal.o)
                0x00001a0c                CyBleStackMgr_TimerStart

i.CyBleStackMgr_TimerStop
                0x00001a38       0x18
 i.CyBleStackMgr_TimerStop
                0x00001a38       0x18 C:\Program Files (x86)\Cypress\PSoC Creator\3.1\PSoC Creator\psoc\content\cycomponentlibrary\CyComponentLibrary.cylib\BLE_v1_20\Library\gccCyBLEStack_BLE_SOC_PERIPHERAL.a(CyBleStackMgr_PSoCHal.o)
                0x00001a38                CyBleStackMgr_TimerStop

i.CyBleStackMgr_isTimerRunning
                0x00001a50       0x10
 i.CyBleStackMgr_isTimerRunning
                0x00001a50       0x10 C:\Program Files (x86)\Cypress\PSoC Creator\3.1\PSoC Creator\psoc\content\cycomponentlibrary\CyComponentLibrary.cylib\BLE_v1_20\Library\gccCyBLEStack_BLE_SOC_PERIPHERAL.a(CyBleStackMgr_PSoCHal.o)
                0x00001a50                CyBleStackMgr_isTimerRunning

i.CyBleAtlantisRadioInit
                0x00001a60      0x1ac
 i.CyBleAtlantisRadioInit
                0x00001a60      0x1ac C:\Program Files (x86)\Cypress\PSoC Creator\3.1\PSoC Creator\psoc\content\cycomponentlibrary\CyComponentLibrary.cylib\BLE_v1_20\Library\gccCyBLEStack_BLE_SOC_PERIPHERAL.a(CyBleStackMgr_BleSSDriver.o)

i.CyBleStackMgr_BleSSFifoRead
                0x00001c0c       0x38
 i.CyBleStackMgr_BleSSFifoRead
                0x00001c0c       0x38 C:\Program Files (x86)\Cypress\PSoC Creator\3.1\PSoC Creator\psoc\content\cycomponentlibrary\CyComponentLibrary.cylib\BLE_v1_20\Library\gccCyBLEStack_BLE_SOC_PERIPHERAL.a(CyBleStackMgr_BleSSDriver.o)
                0x00001c0c                CyBleStackMgr_BleSSFifoRead

i.CyBleStackMgr_BleSSFifoWrite
                0x00001c44       0x30
 i.CyBleStackMgr_BleSSFifoWrite
                0x00001c44       0x30 C:\Program Files (x86)\Cypress\PSoC Creator\3.1\PSoC Creator\psoc\content\cycomponentlibrary\CyComponentLibrary.cylib\BLE_v1_20\Library\gccCyBLEStack_BLE_SOC_PERIPHERAL.a(CyBleStackMgr_BleSSDriver.o)
                0x00001c44                CyBleStackMgr_BleSSFifoWrite

i.CyBleStackMgr_BleSSInit
                0x00001c74       0x50
 i.CyBleStackMgr_BleSSInit
                0x00001c74       0x50 C:\Program Files (x86)\Cypress\PSoC Creator\3.1\PSoC Creator\psoc\content\cycomponentlibrary\CyComponentLibrary.cylib\BLE_v1_20\Library\gccCyBLEStack_BLE_SOC_PERIPHERAL.a(CyBleStackMgr_BleSSDriver.o)
                0x00001c74                CyBleStackMgr_BleSSInit

i.CyBleStackMgr_BleSSMemRead
                0x00001cc4       0x26
 i.CyBleStackMgr_BleSSMemRead
                0x00001cc4       0x26 C:\Program Files (x86)\Cypress\PSoC Creator\3.1\PSoC Creator\psoc\content\cycomponentlibrary\CyComponentLibrary.cylib\BLE_v1_20\Library\gccCyBLEStack_BLE_SOC_PERIPHERAL.a(CyBleStackMgr_BleSSDriver.o)
                0x00001cc4                CyBleStackMgr_BleSSMemRead

i.CyBleStackMgr_BleSSMemWrite
                0x00001cec       0x34
 i.CyBleStackMgr_BleSSMemWrite
                0x00001cec       0x34 C:\Program Files (x86)\Cypress\PSoC Creator\3.1\PSoC Creator\psoc\content\cycomponentlibrary\CyComponentLibrary.cylib\BLE_v1_20\Library\gccCyBLEStack_BLE_SOC_PERIPHERAL.a(CyBleStackMgr_BleSSDriver.o)
                0x00001cec                CyBleStackMgr_BleSSMemWrite

i.CyBleStackMgr_BleSSRegRead
                0x00001d20        0xc
 i.CyBleStackMgr_BleSSRegRead
                0x00001d20        0xc C:\Program Files (x86)\Cypress\PSoC Creator\3.1\PSoC Creator\psoc\content\cycomponentlibrary\CyComponentLibrary.cylib\BLE_v1_20\Library\gccCyBLEStack_BLE_SOC_PERIPHERAL.a(CyBleStackMgr_BleSSDriver.o)
                0x00001d20                CyBleStackMgr_BleSSRegRead

i.CyBleStackMgr_BleSSRegWrite
                0x00001d2c        0xc
 i.CyBleStackMgr_BleSSRegWrite
                0x00001d2c        0xc C:\Program Files (x86)\Cypress\PSoC Creator\3.1\PSoC Creator\psoc\content\cycomponentlibrary\CyComponentLibrary.cylib\BLE_v1_20\Library\gccCyBLEStack_BLE_SOC_PERIPHERAL.a(CyBleStackMgr_BleSSDriver.o)
                0x00001d2c                CyBleStackMgr_BleSSRegWrite

i.CyBleStackMgr_BleSSReset
                0x00001d38       0x38
 i.CyBleStackMgr_BleSSReset
                0x00001d38       0x38 C:\Program Files (x86)\Cypress\PSoC Creator\3.1\PSoC Creator\psoc\content\cycomponentlibrary\CyComponentLibrary.cylib\BLE_v1_20\Library\gccCyBLEStack_BLE_SOC_PERIPHERAL.a(CyBleStackMgr_BleSSDriver.o)
                0x00001d38                CyBleStackMgr_BleSSReset

i.CyBleStackMgr_GenericIface
                0x00001d70       0x3c
 i.CyBleStackMgr_GenericIface
                0x00001d70       0x3c C:\Program Files (x86)\Cypress\PSoC Creator\3.1\PSoC Creator\psoc\content\cycomponentlibrary\CyComponentLibrary.cylib\BLE_v1_20\Library\gccCyBLEStack_BLE_SOC_PERIPHERAL.a(CyBleStackMgr_BleSSDriver.o)
                0x00001d70                CyBleStackMgr_GenericIface

i.CyBleStackMgr_HandleBleSSIntr
                0x00001dac       0x90
 i.CyBleStackMgr_HandleBleSSIntr
                0x00001dac       0x90 C:\Program Files (x86)\Cypress\PSoC Creator\3.1\PSoC Creator\psoc\content\cycomponentlibrary\CyComponentLibrary.cylib\BLE_v1_20\Library\gccCyBLEStack_BLE_SOC_PERIPHERAL.a(CyBleStackMgr_BleSSDriver.o)
                0x00001dac                CyBleStackMgr_HandleBleSSIntr

i.CyBleStackMgr_SetClockParam
                0x00001e3c       0xb4
 i.CyBleStackMgr_SetClockParam
                0x00001e3c       0xb4 C:\Program Files (x86)\Cypress\PSoC Creator\3.1\PSoC Creator\psoc\content\cycomponentlibrary\CyComponentLibrary.cylib\BLE_v1_20\Library\gccCyBLEStack_BLE_SOC_PERIPHERAL.a(CyBleStackMgr_BleSSDriver.o)

i.CyBle_ExitDsmMode
                0x00001ef0       0x2c
 i.CyBle_ExitDsmMode
                0x00001ef0       0x2c C:\Program Files (x86)\Cypress\PSoC Creator\3.1\PSoC Creator\psoc\content\cycomponentlibrary\CyComponentLibrary.cylib\BLE_v1_20\Library\gccCyBLEStack_BLE_SOC_PERIPHERAL.a(CyBleStackMgr_BleSSDriver.o)
                0x00001ef0                CyBle_ExitDsmMode

i.CyBle_GetBleSsOperationalMode
                0x00001f1c        0xc
 i.CyBle_GetBleSsOperationalMode
                0x00001f1c        0xc C:\Program Files (x86)\Cypress\PSoC Creator\3.1\PSoC Creator\psoc\content\cycomponentlibrary\CyComponentLibrary.cylib\BLE_v1_20\Library\gccCyBLEStack_BLE_SOC_PERIPHERAL.a(CyBleStackMgr_BleSSDriver.o)
                0x00001f1c                CyBle_GetBleSsOperationalMode

i.CyBle_GetLpMode
                0x00001f28       0x26
 i.CyBle_GetLpMode
                0x00001f28       0x26 C:\Program Files (x86)\Cypress\PSoC Creator\3.1\PSoC Creator\psoc\content\cycomponentlibrary\CyComponentLibrary.cylib\BLE_v1_20\Library\gccCyBLEStack_BLE_SOC_PERIPHERAL.a(CyBleStackMgr_BleSSDriver.o)
                0x00001f28                CyBle_GetLpMode

i.CyBle_GetTxGainMode
                0x00001f50       0x2c
 i.CyBle_GetTxGainMode
                0x00001f50       0x2c C:\Program Files (x86)\Cypress\PSoC Creator\3.1\PSoC Creator\psoc\content\cycomponentlibrary\CyComponentLibrary.cylib\BLE_v1_20\Library\gccCyBLEStack_BLE_SOC_PERIPHERAL.a(CyBleStackMgr_BleSSDriver.o)
                0x00001f50                CyBle_GetTxGainMode

i.CyBle_SetBleSsOperationalMode
                0x00001f7c       0x20
 i.CyBle_SetBleSsOperationalMode
                0x00001f7c       0x20 C:\Program Files (x86)\Cypress\PSoC Creator\3.1\PSoC Creator\psoc\content\cycomponentlibrary\CyComponentLibrary.cylib\BLE_v1_20\Library\gccCyBLEStack_BLE_SOC_PERIPHERAL.a(CyBleStackMgr_BleSSDriver.o)
                0x00001f7c                CyBle_SetBleSsOperationalMode

i.CyBle_SetEventCloseState
                0x00001f9c        0xc
 i.CyBle_SetEventCloseState
                0x00001f9c        0xc C:\Program Files (x86)\Cypress\PSoC Creator\3.1\PSoC Creator\psoc\content\cycomponentlibrary\CyComponentLibrary.cylib\BLE_v1_20\Library\gccCyBLEStack_BLE_SOC_PERIPHERAL.a(CyBleStackMgr_BleSSDriver.o)
                0x00001f9c                CyBle_SetEventCloseState

i.CyBle_SetRxGainMode
                0x00001fa8       0x20
 i.CyBle_SetRxGainMode
                0x00001fa8       0x20 C:\Program Files (x86)\Cypress\PSoC Creator\3.1\PSoC Creator\psoc\content\cycomponentlibrary\CyComponentLibrary.cylib\BLE_v1_20\Library\gccCyBLEStack_BLE_SOC_PERIPHERAL.a(CyBleStackMgr_BleSSDriver.o)
                0x00001fa8                CyBle_SetRxGainMode

i.CyBle_SetTxGainMode
                0x00001fc8       0x38
 i.CyBle_SetTxGainMode
                0x00001fc8       0x38 C:\Program Files (x86)\Cypress\PSoC Creator\3.1\PSoC Creator\psoc\content\cycomponentlibrary\CyComponentLibrary.cylib\BLE_v1_20\Library\gccCyBLEStack_BLE_SOC_PERIPHERAL.a(CyBleStackMgr_BleSSDriver.o)
                0x00001fc8                CyBle_SetTxGainMode

i.pf_rf_get_abs_rssi
                0x00002000       0x24
 i.pf_rf_get_abs_rssi
                0x00002000       0x24 C:\Program Files (x86)\Cypress\PSoC Creator\3.1\PSoC Creator\psoc\content\cycomponentlibrary\CyComponentLibrary.cylib\BLE_v1_20\Library\gccCyBLEStack_BLE_SOC_PERIPHERAL.a(CyBleStackMgr_BleSSDriver.o)
                0x00002000                pf_rf_get_abs_rssi

i.OS_init       0x00002024       0x64
 i.OS_init      0x00002024       0x64 C:\Program Files (x86)\Cypress\PSoC Creator\3.1\PSoC Creator\psoc\content\cycomponentlibrary\CyComponentLibrary.cylib\BLE_v1_20\Library\gccCyBLEStack_BLE_SOC_PERIPHERAL.a(mint_os.o)
                0x00002024                OS_init

i.mintos_malloc
                0x00002088       0x34
 i.mintos_malloc
                0x00002088       0x34 C:\Program Files (x86)\Cypress\PSoC Creator\3.1\PSoC Creator\psoc\content\cycomponentlibrary\CyComponentLibrary.cylib\BLE_v1_20\Library\gccCyBLEStack_BLE_SOC_PERIPHERAL.a(mint_os.o)
                0x00002088                mintos_malloc

i.OS_create_queue
                0x000020bc       0x64
 i.OS_create_queue
                0x000020bc       0x64 C:\Program Files (x86)\Cypress\PSoC Creator\3.1\PSoC Creator\psoc\content\cycomponentlibrary\CyComponentLibrary.cylib\BLE_v1_20\Library\gccCyBLEStack_BLE_SOC_PERIPHERAL.a(mint_os_queue.o)
                0x000020bc                OS_create_queue

i.OS_enqueue_item
                0x00002120       0x8c
 i.OS_enqueue_item
                0x00002120       0x8c C:\Program Files (x86)\Cypress\PSoC Creator\3.1\PSoC Creator\psoc\content\cycomponentlibrary\CyComponentLibrary.cylib\BLE_v1_20\Library\gccCyBLEStack_BLE_SOC_PERIPHERAL.a(mint_os_queue.o)
                0x00002120                OS_enqueue_item

i.OS_queue_get_num_of_items
                0x000021ac       0x28
 i.OS_queue_get_num_of_items
                0x000021ac       0x28 C:\Program Files (x86)\Cypress\PSoC Creator\3.1\PSoC Creator\psoc\content\cycomponentlibrary\CyComponentLibrary.cylib\BLE_v1_20\Library\gccCyBLEStack_BLE_SOC_PERIPHERAL.a(mint_os_queue.o)
                0x000021ac                OS_queue_get_num_of_items

i.OS_queue_mgmt_init
                0x000021d4       0x40
 i.OS_queue_mgmt_init
                0x000021d4       0x40 C:\Program Files (x86)\Cypress\PSoC Creator\3.1\PSoC Creator\psoc\content\cycomponentlibrary\CyComponentLibrary.cylib\BLE_v1_20\Library\gccCyBLEStack_BLE_SOC_PERIPHERAL.a(mint_os_queue.o)
                0x000021d4                OS_queue_mgmt_init

i.OS_remove_item
                0x00002214       0xa0
 i.OS_remove_item
                0x00002214       0xa0 C:\Program Files (x86)\Cypress\PSoC Creator\3.1\PSoC Creator\psoc\content\cycomponentlibrary\CyComponentLibrary.cylib\BLE_v1_20\Library\gccCyBLEStack_BLE_SOC_PERIPHERAL.a(mint_os_queue.o)
                0x00002214                OS_remove_item

i.OS_create_task
                0x000022b4       0x88
 i.OS_create_task
                0x000022b4       0x88 C:\Program Files (x86)\Cypress\PSoC Creator\3.1\PSoC Creator\psoc\content\cycomponentlibrary\CyComponentLibrary.cylib\BLE_v1_20\Library\gccCyBLEStack_BLE_SOC_PERIPHERAL.a(mint_os_task.o)
                0x000022b4                OS_create_task

i.OS_isr_send_signal_to_task
                0x0000233c        0xc
 i.OS_isr_send_signal_to_task
                0x0000233c        0xc C:\Program Files (x86)\Cypress\PSoC Creator\3.1\PSoC Creator\psoc\content\cycomponentlibrary\CyComponentLibrary.cylib\BLE_v1_20\Library\gccCyBLEStack_BLE_SOC_PERIPHERAL.a(mint_os_task.o)
                0x0000233c                OS_isr_send_signal_to_task

i.OS_scheduler  0x00002348       0x64
 i.OS_scheduler
                0x00002348       0x64 C:\Program Files (x86)\Cypress\PSoC Creator\3.1\PSoC Creator\psoc\content\cycomponentlibrary\CyComponentLibrary.cylib\BLE_v1_20\Library\gccCyBLEStack_BLE_SOC_PERIPHERAL.a(mint_os_task.o)
                0x00002348                OS_scheduler

i.OS_send_signal_to_task
                0x000023ac        0xc
 i.OS_send_signal_to_task
                0x000023ac        0xc C:\Program Files (x86)\Cypress\PSoC Creator\3.1\PSoC Creator\psoc\content\cycomponentlibrary\CyComponentLibrary.cylib\BLE_v1_20\Library\gccCyBLEStack_BLE_SOC_PERIPHERAL.a(mint_os_task.o)
                0x000023ac                OS_send_signal_to_task

i.OS_send_signal_to_task_context
                0x000023b8       0x3c
 i.OS_send_signal_to_task_context
                0x000023b8       0x3c C:\Program Files (x86)\Cypress\PSoC Creator\3.1\PSoC Creator\psoc\content\cycomponentlibrary\CyComponentLibrary.cylib\BLE_v1_20\Library\gccCyBLEStack_BLE_SOC_PERIPHERAL.a(mint_os_task.o)

i.OS_task_mgmt_init
                0x000023f4       0x50
 i.OS_task_mgmt_init
                0x000023f4       0x50 C:\Program Files (x86)\Cypress\PSoC Creator\3.1\PSoC Creator\psoc\content\cycomponentlibrary\CyComponentLibrary.cylib\BLE_v1_20\Library\gccCyBLEStack_BLE_SOC_PERIPHERAL.a(mint_os_task.o)
                0x000023f4                OS_task_mgmt_init

i.mint_buf_mgmt_allocate_buffer
                0x00002444       0x4c
 i.mint_buf_mgmt_allocate_buffer
                0x00002444       0x4c C:\Program Files (x86)\Cypress\PSoC Creator\3.1\PSoC Creator\psoc\content\cycomponentlibrary\CyComponentLibrary.cylib\BLE_v1_20\Library\gccCyBLEStack_BLE_SOC_PERIPHERAL.a(mint_buf_mgmt.o)
                0x00002444                mint_buf_mgmt_allocate_buffer

i.mint_buf_mgmt_create_pool
                0x00002490       0xd8
 i.mint_buf_mgmt_create_pool
                0x00002490       0xd8 C:\Program Files (x86)\Cypress\PSoC Creator\3.1\PSoC Creator\psoc\content\cycomponentlibrary\CyComponentLibrary.cylib\BLE_v1_20\Library\gccCyBLEStack_BLE_SOC_PERIPHERAL.a(mint_buf_mgmt.o)
                0x00002490                mint_buf_mgmt_create_pool

i.mint_buf_mgmt_free_buffer
                0x00002568       0xa4
 i.mint_buf_mgmt_free_buffer
                0x00002568       0xa4 C:\Program Files (x86)\Cypress\PSoC Creator\3.1\PSoC Creator\psoc\content\cycomponentlibrary\CyComponentLibrary.cylib\BLE_v1_20\Library\gccCyBLEStack_BLE_SOC_PERIPHERAL.a(mint_buf_mgmt.o)
                0x00002568                mint_buf_mgmt_free_buffer

i.mint_buf_mgmt_get_free_heap
                0x0000260c       0x1c
 i.mint_buf_mgmt_get_free_heap
                0x0000260c       0x1c C:\Program Files (x86)\Cypress\PSoC Creator\3.1\PSoC Creator\psoc\content\cycomponentlibrary\CyComponentLibrary.cylib\BLE_v1_20\Library\gccCyBLEStack_BLE_SOC_PERIPHERAL.a(mint_buf_mgmt.o)
                0x0000260c                mint_buf_mgmt_get_free_heap

i.mint_buf_mgmt_init
                0x00002628       0x44
 i.mint_buf_mgmt_init
                0x00002628       0x44 C:\Program Files (x86)\Cypress\PSoC Creator\3.1\PSoC Creator\psoc\content\cycomponentlibrary\CyComponentLibrary.cylib\BLE_v1_20\Library\gccCyBLEStack_BLE_SOC_PERIPHERAL.a(mint_buf_mgmt.o)
                0x00002628                mint_buf_mgmt_init

i.mint_buf_mgmt_malloc
                0x0000266c       0x2c
 i.mint_buf_mgmt_malloc
                0x0000266c       0x2c C:\Program Files (x86)\Cypress\PSoC Creator\3.1\PSoC Creator\psoc\content\cycomponentlibrary\CyComponentLibrary.cylib\BLE_v1_20\Library\gccCyBLEStack_BLE_SOC_PERIPHERAL.a(mint_buf_mgmt.o)
                0x0000266c                mint_buf_mgmt_malloc

i.mint_buf_mgmt_reset_pool
                0x00002698       0x70
 i.mint_buf_mgmt_reset_pool
                0x00002698       0x70 C:\Program Files (x86)\Cypress\PSoC Creator\3.1\PSoC Creator\psoc\content\cycomponentlibrary\CyComponentLibrary.cylib\BLE_v1_20\Library\gccCyBLEStack_BLE_SOC_PERIPHERAL.a(mint_buf_mgmt.o)
                0x00002698                mint_buf_mgmt_reset_pool

i.mint_buf_mgmt_stack_init
                0x00002708       0x24
 i.mint_buf_mgmt_stack_init
                0x00002708       0x24 C:\Program Files (x86)\Cypress\PSoC Creator\3.1\PSoC Creator\psoc\content\cycomponentlibrary\CyComponentLibrary.cylib\BLE_v1_20\Library\gccCyBLEStack_BLE_SOC_PERIPHERAL.a(mint_buf_mgmt.o)
                0x00002708                mint_buf_mgmt_stack_init

i.mint_buf_mgmt_stack_pop
                0x0000272c       0x36
 i.mint_buf_mgmt_stack_pop
                0x0000272c       0x36 C:\Program Files (x86)\Cypress\PSoC Creator\3.1\PSoC Creator\psoc\content\cycomponentlibrary\CyComponentLibrary.cylib\BLE_v1_20\Library\gccCyBLEStack_BLE_SOC_PERIPHERAL.a(mint_buf_mgmt.o)
                0x0000272c                mint_buf_mgmt_stack_pop

i.mint_buf_mgmt_stack_push
                0x00002762       0x36
 i.mint_buf_mgmt_stack_push
                0x00002762       0x36 C:\Program Files (x86)\Cypress\PSoC Creator\3.1\PSoC Creator\psoc\content\cycomponentlibrary\CyComponentLibrary.cylib\BLE_v1_20\Library\gccCyBLEStack_BLE_SOC_PERIPHERAL.a(mint_buf_mgmt.o)
                0x00002762                mint_buf_mgmt_stack_push

i.mint_buf_mgmt_stack_reset
                0x00002798       0x1e
 i.mint_buf_mgmt_stack_reset
                0x00002798       0x1e C:\Program Files (x86)\Cypress\PSoC Creator\3.1\PSoC Creator\psoc\content\cycomponentlibrary\CyComponentLibrary.cylib\BLE_v1_20\Library\gccCyBLEStack_BLE_SOC_PERIPHERAL.a(mint_buf_mgmt.o)
                0x00002798                mint_buf_mgmt_stack_reset

i.mint_buf_mgmt_stack_search_item
                0x000027b6       0x30
 i.mint_buf_mgmt_stack_search_item
                0x000027b6       0x30 C:\Program Files (x86)\Cypress\PSoC Creator\3.1\PSoC Creator\psoc\content\cycomponentlibrary\CyComponentLibrary.cylib\BLE_v1_20\Library\gccCyBLEStack_BLE_SOC_PERIPHERAL.a(mint_buf_mgmt.o)
                0x000027b6                mint_buf_mgmt_stack_search_item

i.mint_buf_mgmt_pl_init
                0x000027e8       0x2c
 i.mint_buf_mgmt_pl_init
                0x000027e8       0x2c C:\Program Files (x86)\Cypress\PSoC Creator\3.1\PSoC Creator\psoc\content\cycomponentlibrary\CyComponentLibrary.cylib\BLE_v1_20\Library\gccCyBLEStack_BLE_SOC_PERIPHERAL.a(mint_buf_mgmt_pl.o)
                0x000027e8                mint_buf_mgmt_pl_init

i.CyBleControllerIP_GetPingState
                0x00002814        0xc
 i.CyBleControllerIP_GetPingState
                0x00002814        0xc C:\Program Files (x86)\Cypress\PSoC Creator\3.1\PSoC Creator\psoc\content\cycomponentlibrary\CyComponentLibrary.cylib\BLE_v1_20\Library\gccCyBLEStack_BLE_SOC_PERIPHERAL.a(CyBleControllerIP_Interface.o)
                0x00002814                CyBleControllerIP_GetPingState

i.CyBleController_AddDeviceToWhiteList
                0x00002820       0x40
 i.CyBleController_AddDeviceToWhiteList
                0x00002820       0x40 C:\Program Files (x86)\Cypress\PSoC Creator\3.1\PSoC Creator\psoc\content\cycomponentlibrary\CyComponentLibrary.cylib\BLE_v1_20\Library\gccCyBLEStack_BLE_SOC_PERIPHERAL.a(CyBleControllerIP_Interface.o)
                0x00002820                CyBleController_AddDeviceToWhiteList

i.CyBleController_ExitLowPowerMode
                0x00002860       0x10
 i.CyBleController_ExitLowPowerMode
                0x00002860       0x10 C:\Program Files (x86)\Cypress\PSoC Creator\3.1\PSoC Creator\psoc\content\cycomponentlibrary\CyComponentLibrary.cylib\BLE_v1_20\Library\gccCyBLEStack_BLE_SOC_PERIPHERAL.a(CyBleControllerIP_Interface.o)
                0x00002860                CyBleController_ExitLowPowerMode

i.CyBleController_Init
                0x00002870       0x3c
 i.CyBleController_Init
                0x00002870       0x3c C:\Program Files (x86)\Cypress\PSoC Creator\3.1\PSoC Creator\psoc\content\cycomponentlibrary\CyComponentLibrary.cylib\BLE_v1_20\Library\gccCyBLEStack_BLE_SOC_PERIPHERAL.a(CyBleControllerIP_Interface.o)
                0x00002870                CyBleController_Init

i.CyBleController_SetDeviceAddress
                0x000028ac       0x2e
 i.CyBleController_SetDeviceAddress
                0x000028ac       0x2e C:\Program Files (x86)\Cypress\PSoC Creator\3.1\PSoC Creator\psoc\content\cycomponentlibrary\CyComponentLibrary.cylib\BLE_v1_20\Library\gccCyBLEStack_BLE_SOC_PERIPHERAL.a(CyBleControllerIP_Interface.o)
                0x000028ac                CyBleController_SetDeviceAddress

i.CyBle_GetTxPowerLevel
                0x000028da       0x4e
 i.CyBle_GetTxPowerLevel
                0x000028da       0x4e C:\Program Files (x86)\Cypress\PSoC Creator\3.1\PSoC Creator\psoc\content\cycomponentlibrary\CyComponentLibrary.cylib\BLE_v1_20\Library\gccCyBLEStack_BLE_SOC_PERIPHERAL.a(CyBleControllerIP_Interface.o)
                0x000028da                CyBle_GetTxPowerLevel

i.CyBle_SetTxPowerLevel
                0x00002928       0x56
 i.CyBle_SetTxPowerLevel
                0x00002928       0x56 C:\Program Files (x86)\Cypress\PSoC Creator\3.1\PSoC Creator\psoc\content\cycomponentlibrary\CyComponentLibrary.cylib\BLE_v1_20\Library\gccCyBLEStack_BLE_SOC_PERIPHERAL.a(CyBleControllerIP_Interface.o)
                0x00002928                CyBle_SetTxPowerLevel

i.ll_check_and_mark_packet_ready_for_transmission
                0x00002980       0x28
 i.ll_check_and_mark_packet_ready_for_transmission
                0x00002980       0x28 C:\Program Files (x86)\Cypress\PSoC Creator\3.1\PSoC Creator\psoc\content\cycomponentlibrary\CyComponentLibrary.cylib\BLE_v1_20\Library\gccCyBLEStack_BLE_SOC_PERIPHERAL.a(ll.o)
                0x00002980                ll_check_and_mark_packet_ready_for_transmission

i.ll_cleanup_pending_data_pdu
                0x000029a8       0x38
 i.ll_cleanup_pending_data_pdu
                0x000029a8       0x38 C:\Program Files (x86)\Cypress\PSoC Creator\3.1\PSoC Creator\psoc\content\cycomponentlibrary\CyComponentLibrary.cylib\BLE_v1_20\Library\gccCyBLEStack_BLE_SOC_PERIPHERAL.a(ll.o)
                0x000029a8                ll_cleanup_pending_data_pdu

i.ll_exit_low_power_mode
                0x000029e0       0xac
 i.ll_exit_low_power_mode
                0x000029e0       0xac C:\Program Files (x86)\Cypress\PSoC Creator\3.1\PSoC Creator\psoc\content\cycomponentlibrary\CyComponentLibrary.cylib\BLE_v1_20\Library\gccCyBLEStack_BLE_SOC_PERIPHERAL.a(ll.o)
                0x000029e0                ll_exit_low_power_mode

i.ll_get_ack_status
                0x00002a8c       0x3c
 i.ll_get_ack_status
                0x00002a8c       0x3c C:\Program Files (x86)\Cypress\PSoC Creator\3.1\PSoC Creator\psoc\content\cycomponentlibrary\CyComponentLibrary.cylib\BLE_v1_20\Library\gccCyBLEStack_BLE_SOC_PERIPHERAL.a(ll.o)
                0x00002a8c                ll_get_ack_status

i.ll_get_adv_ch_tx_power
                0x00002ac8       0x20
 i.ll_get_adv_ch_tx_power
                0x00002ac8       0x20 C:\Program Files (x86)\Cypress\PSoC Creator\3.1\PSoC Creator\psoc\content\cycomponentlibrary\CyComponentLibrary.cylib\BLE_v1_20\Library\gccCyBLEStack_BLE_SOC_PERIPHERAL.a(ll.o)
                0x00002ac8                ll_get_adv_ch_tx_power

i.ll_get_data_channel_map
                0x00002ae8       0x24
 i.ll_get_data_channel_map
                0x00002ae8       0x24 C:\Program Files (x86)\Cypress\PSoC Creator\3.1\PSoC Creator\psoc\content\cycomponentlibrary\CyComponentLibrary.cylib\BLE_v1_20\Library\gccCyBLEStack_BLE_SOC_PERIPHERAL.a(ll.o)
                0x00002ae8                ll_get_data_channel_map

i.ll_get_max_white_list_size
                0x00002b0c        0xc
 i.ll_get_max_white_list_size
                0x00002b0c        0xc C:\Program Files (x86)\Cypress\PSoC Creator\3.1\PSoC Creator\psoc\content\cycomponentlibrary\CyComponentLibrary.cylib\BLE_v1_20\Library\gccCyBLEStack_BLE_SOC_PERIPHERAL.a(ll.o)
                0x00002b0c                ll_get_max_white_list_size

i.ll_get_my_role
                0x00002b18        0xc
 i.ll_get_my_role
                0x00002b18        0xc C:\Program Files (x86)\Cypress\PSoC Creator\3.1\PSoC Creator\psoc\content\cycomponentlibrary\CyComponentLibrary.cylib\BLE_v1_20\Library\gccCyBLEStack_BLE_SOC_PERIPHERAL.a(ll.o)
                0x00002b18                ll_get_my_role

i.ll_get_next_available_fifo_for_data_pdu
                0x00002b24        0x8
 i.ll_get_next_available_fifo_for_data_pdu
                0x00002b24        0x8 C:\Program Files (x86)\Cypress\PSoC Creator\3.1\PSoC Creator\psoc\content\cycomponentlibrary\CyComponentLibrary.cylib\BLE_v1_20\Library\gccCyBLEStack_BLE_SOC_PERIPHERAL.a(ll.o)
                0x00002b24                ll_get_next_available_fifo_for_data_pdu

i.ll_get_next_available_fifo_for_ll_pdu
                0x00002b2c       0x24
 i.ll_get_next_available_fifo_for_ll_pdu
                0x00002b2c       0x24 C:\Program Files (x86)\Cypress\PSoC Creator\3.1\PSoC Creator\psoc\content\cycomponentlibrary\CyComponentLibrary.cylib\BLE_v1_20\Library\gccCyBLEStack_BLE_SOC_PERIPHERAL.a(ll.o)
                0x00002b2c                ll_get_next_available_fifo_for_ll_pdu

i.ll_get_rssi_value
                0x00002b50       0x26
 i.ll_get_rssi_value
                0x00002b50       0x26 C:\Program Files (x86)\Cypress\PSoC Creator\3.1\PSoC Creator\psoc\content\cycomponentlibrary\CyComponentLibrary.cylib\BLE_v1_20\Library\gccCyBLEStack_BLE_SOC_PERIPHERAL.a(ll.o)
                0x00002b50                ll_get_rssi_value

i.ll_get_transmit_power_level
                0x00002b78       0x2c
 i.ll_get_transmit_power_level
                0x00002b78       0x2c C:\Program Files (x86)\Cypress\PSoC Creator\3.1\PSoC Creator\psoc\content\cycomponentlibrary\CyComponentLibrary.cylib\BLE_v1_20\Library\gccCyBLEStack_BLE_SOC_PERIPHERAL.a(ll.o)
                0x00002b78                ll_get_transmit_power_level

i.ll_handle_ack_received
                0x00002ba4       0x74
 i.ll_handle_ack_received
                0x00002ba4       0x74 C:\Program Files (x86)\Cypress\PSoC Creator\3.1\PSoC Creator\psoc\content\cycomponentlibrary\CyComponentLibrary.cylib\BLE_v1_20\Library\gccCyBLEStack_BLE_SOC_PERIPHERAL.a(ll.o)
                0x00002ba4                ll_handle_ack_received

i.ll_handle_add_device_in_whitelist
                0x00002c18       0x3a
 i.ll_handle_add_device_in_whitelist
                0x00002c18       0x3a C:\Program Files (x86)\Cypress\PSoC Creator\3.1\PSoC Creator\psoc\content\cycomponentlibrary\CyComponentLibrary.cylib\BLE_v1_20\Library\gccCyBLEStack_BLE_SOC_PERIPHERAL.a(ll.o)
                0x00002c18                ll_handle_add_device_in_whitelist

i.ll_handle_clear_whitelist
                0x00002c52       0x16
 i.ll_handle_clear_whitelist
                0x00002c52       0x16 C:\Program Files (x86)\Cypress\PSoC Creator\3.1\PSoC Creator\psoc\content\cycomponentlibrary\CyComponentLibrary.cylib\BLE_v1_20\Library\gccCyBLEStack_BLE_SOC_PERIPHERAL.a(ll.o)
                0x00002c52                ll_handle_clear_whitelist

i.ll_handle_encrypt_host_data
                0x00002c68       0x36
 i.ll_handle_encrypt_host_data
                0x00002c68       0x36 C:\Program Files (x86)\Cypress\PSoC Creator\3.1\PSoC Creator\psoc\content\cycomponentlibrary\CyComponentLibrary.cylib\BLE_v1_20\Library\gccCyBLEStack_BLE_SOC_PERIPHERAL.a(ll.o)
                0x00002c68                ll_handle_encrypt_host_data

i.ll_handle_host_data_packet
                0x00002c9e       0x54
 i.ll_handle_host_data_packet
                0x00002c9e       0x54 C:\Program Files (x86)\Cypress\PSoC Creator\3.1\PSoC Creator\psoc\content\cycomponentlibrary\CyComponentLibrary.cylib\BLE_v1_20\Library\gccCyBLEStack_BLE_SOC_PERIPHERAL.a(ll.o)
                0x00002c9e                ll_handle_host_data_packet

i.ll_handle_read_host_channel_map
                0x00002cf2        0x4
 i.ll_handle_read_host_channel_map
                0x00002cf2        0x4 C:\Program Files (x86)\Cypress\PSoC Creator\3.1\PSoC Creator\psoc\content\cycomponentlibrary\CyComponentLibrary.cylib\BLE_v1_20\Library\gccCyBLEStack_BLE_SOC_PERIPHERAL.a(ll.o)
                0x00002cf2                ll_handle_read_host_channel_map

i.ll_handle_remove_device_in_whitelist
                0x00002cf6       0x2a
 i.ll_handle_remove_device_in_whitelist
                0x00002cf6       0x2a C:\Program Files (x86)\Cypress\PSoC Creator\3.1\PSoC Creator\psoc\content\cycomponentlibrary\CyComponentLibrary.cylib\BLE_v1_20\Library\gccCyBLEStack_BLE_SOC_PERIPHERAL.a(ll.o)
                0x00002cf6                ll_handle_remove_device_in_whitelist

i.ll_handle_reset
                0x00002d20        0xe
 i.ll_handle_reset
                0x00002d20        0xe C:\Program Files (x86)\Cypress\PSoC Creator\3.1\PSoC Creator\psoc\content\cycomponentlibrary\CyComponentLibrary.cylib\BLE_v1_20\Library\gccCyBLEStack_BLE_SOC_PERIPHERAL.a(ll.o)
                0x00002d20                ll_handle_reset

i.ll_handle_set_random_address
                0x00002d2e       0x36
 i.ll_handle_set_random_address
                0x00002d2e       0x36 C:\Program Files (x86)\Cypress\PSoC Creator\3.1\PSoC Creator\psoc\content\cycomponentlibrary\CyComponentLibrary.cylib\BLE_v1_20\Library\gccCyBLEStack_BLE_SOC_PERIPHERAL.a(ll.o)
                0x00002d2e                ll_handle_set_random_address

i.ll_init       0x00002d64       0x18
 i.ll_init      0x00002d64       0x18 C:\Program Files (x86)\Cypress\PSoC Creator\3.1\PSoC Creator\psoc\content\cycomponentlibrary\CyComponentLibrary.cylib\BLE_v1_20\Library\gccCyBLEStack_BLE_SOC_PERIPHERAL.a(ll.o)
                0x00002d64                ll_init

i.ll_initialize_device_attributes
                0x00002d7c       0x4c
 i.ll_initialize_device_attributes
                0x00002d7c       0x4c C:\Program Files (x86)\Cypress\PSoC Creator\3.1\PSoC Creator\psoc\content\cycomponentlibrary\CyComponentLibrary.cylib\BLE_v1_20\Library\gccCyBLEStack_BLE_SOC_PERIPHERAL.a(ll.o)
                0x00002d7c                ll_initialize_device_attributes

i.ll_is_pkt_pending
                0x00002dc8       0x2a
 i.ll_is_pkt_pending
                0x00002dc8       0x2a C:\Program Files (x86)\Cypress\PSoC Creator\3.1\PSoC Creator\psoc\content\cycomponentlibrary\CyComponentLibrary.cylib\BLE_v1_20\Library\gccCyBLEStack_BLE_SOC_PERIPHERAL.a(ll.o)
                0x00002dc8                ll_is_pkt_pending

i.ll_is_sent_pkt_pending
                0x00002df2       0x1a
 i.ll_is_sent_pkt_pending
                0x00002df2       0x1a C:\Program Files (x86)\Cypress\PSoC Creator\3.1\PSoC Creator\psoc\content\cycomponentlibrary\CyComponentLibrary.cylib\BLE_v1_20\Library\gccCyBLEStack_BLE_SOC_PERIPHERAL.a(ll.o)
                0x00002df2                ll_is_sent_pkt_pending

i.ll_isr_exit_low_power_mode
                0x00002e0c       0x16
 i.ll_isr_exit_low_power_mode
                0x00002e0c       0x16 C:\Program Files (x86)\Cypress\PSoC Creator\3.1\PSoC Creator\psoc\content\cycomponentlibrary\CyComponentLibrary.cylib\BLE_v1_20\Library\gccCyBLEStack_BLE_SOC_PERIPHERAL.a(ll.o)
                0x00002e0c                ll_isr_exit_low_power_mode

i.ll_load_host_data_packet
                0x00002e22       0x4a
 i.ll_load_host_data_packet
                0x00002e22       0x4a C:\Program Files (x86)\Cypress\PSoC Creator\3.1\PSoC Creator\psoc\content\cycomponentlibrary\CyComponentLibrary.cylib\BLE_v1_20\Library\gccCyBLEStack_BLE_SOC_PERIPHERAL.a(ll.o)
                0x00002e22                ll_load_host_data_packet

i.ll_load_packet_to_fifo
                0x00002e6c       0x6e
 i.ll_load_packet_to_fifo
                0x00002e6c       0x6e C:\Program Files (x86)\Cypress\PSoC Creator\3.1\PSoC Creator\psoc\content\cycomponentlibrary\CyComponentLibrary.cylib\BLE_v1_20\Library\gccCyBLEStack_BLE_SOC_PERIPHERAL.a(ll.o)
                0x00002e6c                ll_load_packet_to_fifo

i.ll_process_acks
                0x00002eda       0x3c
 i.ll_process_acks
                0x00002eda       0x3c C:\Program Files (x86)\Cypress\PSoC Creator\3.1\PSoC Creator\psoc\content\cycomponentlibrary\CyComponentLibrary.cylib\BLE_v1_20\Library\gccCyBLEStack_BLE_SOC_PERIPHERAL.a(ll.o)
                0x00002eda                ll_process_acks

i.ll_reset      0x00002f16       0x12
 i.ll_reset     0x00002f16       0x12 C:\Program Files (x86)\Cypress\PSoC Creator\3.1\PSoC Creator\psoc\content\cycomponentlibrary\CyComponentLibrary.cylib\BLE_v1_20\Library\gccCyBLEStack_BLE_SOC_PERIPHERAL.a(ll.o)
                0x00002f16                ll_reset

i.ll_update_active_features
                0x00002f28       0x58
 i.ll_update_active_features
                0x00002f28       0x58 C:\Program Files (x86)\Cypress\PSoC Creator\3.1\PSoC Creator\psoc\content\cycomponentlibrary\CyComponentLibrary.cylib\BLE_v1_20\Library\gccCyBLEStack_BLE_SOC_PERIPHERAL.a(ll.o)
                0x00002f28                ll_update_active_features

i.ll_update_device_fsm
                0x00002f80        0x8
 i.ll_update_device_fsm
                0x00002f80        0x8 C:\Program Files (x86)\Cypress\PSoC Creator\3.1\PSoC Creator\psoc\content\cycomponentlibrary\CyComponentLibrary.cylib\BLE_v1_20\Library\gccCyBLEStack_BLE_SOC_PERIPHERAL.a(ll.o)
                0x00002f80                ll_update_device_fsm

i.pf_le_start_timer
                0x00002f88       0x16
 i.pf_le_start_timer
                0x00002f88       0x16 C:\Program Files (x86)\Cypress\PSoC Creator\3.1\PSoC Creator\psoc\content\cycomponentlibrary\CyComponentLibrary.cylib\BLE_v1_20\Library\gccCyBLEStack_BLE_SOC_PERIPHERAL.a(ll.o)
                0x00002f88                pf_le_start_timer

i.pf_le_stop_timer
                0x00002f9e       0x12
 i.pf_le_stop_timer
                0x00002f9e       0x12 C:\Program Files (x86)\Cypress\PSoC Creator\3.1\PSoC Creator\psoc\content\cycomponentlibrary\CyComponentLibrary.cylib\BLE_v1_20\Library\gccCyBLEStack_BLE_SOC_PERIPHERAL.a(ll.o)
                0x00002f9e                pf_le_stop_timer

i.CyBleControllerIP_TuneAdvEventInterPktSlots
                0x00002fb0       0x44
 i.CyBleControllerIP_TuneAdvEventInterPktSlots
                0x00002fb0       0x44 C:\Program Files (x86)\Cypress\PSoC Creator\3.1\PSoC Creator\psoc\content\cycomponentlibrary\CyComponentLibrary.cylib\BLE_v1_20\Library\gccCyBLEStack_BLE_SOC_PERIPHERAL.a(ll_advertiser.o)
                0x00002fb0                CyBleControllerIP_TuneAdvEventInterPktSlots

i.ll_adv_is_configured_connection_adv
                0x00002ff4       0x1e
 i.ll_adv_is_configured_connection_adv
                0x00002ff4       0x1e C:\Program Files (x86)\Cypress\PSoC Creator\3.1\PSoC Creator\psoc\content\cycomponentlibrary\CyComponentLibrary.cylib\BLE_v1_20\Library\gccCyBLEStack_BLE_SOC_PERIPHERAL.a(ll_advertiser.o)
                0x00002ff4                ll_adv_is_configured_connection_adv

i.ll_check_random_address_in_use_by_advertiser
                0x00003012       0x10
 i.ll_check_random_address_in_use_by_advertiser
                0x00003012       0x10 C:\Program Files (x86)\Cypress\PSoC Creator\3.1\PSoC Creator\psoc\content\cycomponentlibrary\CyComponentLibrary.cylib\BLE_v1_20\Library\gccCyBLEStack_BLE_SOC_PERIPHERAL.a(ll_advertiser.o)
                0x00003012                ll_check_random_address_in_use_by_advertiser

i.ll_check_whitelist_in_use_by_advertiser
                0x00003022       0x10
 i.ll_check_whitelist_in_use_by_advertiser
                0x00003022       0x10 C:\Program Files (x86)\Cypress\PSoC Creator\3.1\PSoC Creator\psoc\content\cycomponentlibrary\CyComponentLibrary.cylib\BLE_v1_20\Library\gccCyBLEStack_BLE_SOC_PERIPHERAL.a(ll_advertiser.o)
                0x00003022                ll_check_whitelist_in_use_by_advertiser

i.ll_get_adv_status
                0x00003032        0xc
 i.ll_get_adv_status
                0x00003032        0xc C:\Program Files (x86)\Cypress\PSoC Creator\3.1\PSoC Creator\psoc\content\cycomponentlibrary\CyComponentLibrary.cylib\BLE_v1_20\Library\gccCyBLEStack_BLE_SOC_PERIPHERAL.a(ll_advertiser.o)
                0x00003032                ll_get_adv_status

i.ll_get_adv_type
                0x0000303e       0x16
 i.ll_get_adv_type
                0x0000303e       0x16 C:\Program Files (x86)\Cypress\PSoC Creator\3.1\PSoC Creator\psoc\content\cycomponentlibrary\CyComponentLibrary.cylib\BLE_v1_20\Library\gccCyBLEStack_BLE_SOC_PERIPHERAL.a(ll_advertiser.o)
                0x0000303e                ll_get_adv_type

i.ll_handle_adv_intr
                0x00003054       0x50
 i.ll_handle_adv_intr
                0x00003054       0x50 C:\Program Files (x86)\Cypress\PSoC Creator\3.1\PSoC Creator\psoc\content\cycomponentlibrary\CyComponentLibrary.cylib\BLE_v1_20\Library\gccCyBLEStack_BLE_SOC_PERIPHERAL.a(ll_advertiser.o)
                0x00003054                ll_handle_adv_intr

i.ll_handle_set_adv_data
                0x000030a4       0x14
 i.ll_handle_set_adv_data
                0x000030a4       0x14 C:\Program Files (x86)\Cypress\PSoC Creator\3.1\PSoC Creator\psoc\content\cycomponentlibrary\CyComponentLibrary.cylib\BLE_v1_20\Library\gccCyBLEStack_BLE_SOC_PERIPHERAL.a(ll_advertiser.o)
                0x000030a4                ll_handle_set_adv_data

i.ll_handle_set_adv_parameters
                0x000030b8       0x84
 i.ll_handle_set_adv_parameters
                0x000030b8       0x84 C:\Program Files (x86)\Cypress\PSoC Creator\3.1\PSoC Creator\psoc\content\cycomponentlibrary\CyComponentLibrary.cylib\BLE_v1_20\Library\gccCyBLEStack_BLE_SOC_PERIPHERAL.a(ll_advertiser.o)
                0x000030b8                ll_handle_set_adv_parameters

i.ll_handle_set_advertise_enable
                0x0000313c       0x70
 i.ll_handle_set_advertise_enable
                0x0000313c       0x70 C:\Program Files (x86)\Cypress\PSoC Creator\3.1\PSoC Creator\psoc\content\cycomponentlibrary\CyComponentLibrary.cylib\BLE_v1_20\Library\gccCyBLEStack_BLE_SOC_PERIPHERAL.a(ll_advertiser.o)
                0x0000313c                ll_handle_set_advertise_enable

i.ll_handle_set_scan_resp_data
                0x000031ac       0x14
 i.ll_handle_set_scan_resp_data
                0x000031ac       0x14 C:\Program Files (x86)\Cypress\PSoC Creator\3.1\PSoC Creator\psoc\content\cycomponentlibrary\CyComponentLibrary.cylib\BLE_v1_20\Library\gccCyBLEStack_BLE_SOC_PERIPHERAL.a(ll_advertiser.o)
                0x000031ac                ll_handle_set_scan_resp_data

i.ll_init_advertiser
                0x000031c0       0x68
 i.ll_init_advertiser
                0x000031c0       0x68 C:\Program Files (x86)\Cypress\PSoC Creator\3.1\PSoC Creator\psoc\content\cycomponentlibrary\CyComponentLibrary.cylib\BLE_v1_20\Library\gccCyBLEStack_BLE_SOC_PERIPHERAL.a(ll_advertiser.o)
                0x000031c0                ll_init_advertiser

i.is_le_connection_handle
                0x00003228       0x28
 i.is_le_connection_handle
                0x00003228       0x28 C:\Program Files (x86)\Cypress\PSoC Creator\3.1\PSoC Creator\psoc\content\cycomponentlibrary\CyComponentLibrary.cylib\BLE_v1_20\Library\gccCyBLEStack_BLE_SOC_PERIPHERAL.a(ll_connection.o)
                0x00003228                is_le_connection_handle

i.le_assign_connection_handle
                0x00003250       0x28
 i.le_assign_connection_handle
                0x00003250       0x28 C:\Program Files (x86)\Cypress\PSoC Creator\3.1\PSoC Creator\psoc\content\cycomponentlibrary\CyComponentLibrary.cylib\BLE_v1_20\Library\gccCyBLEStack_BLE_SOC_PERIPHERAL.a(ll_connection.o)
                0x00003250                le_assign_connection_handle

i.le_get_connection_index
                0x00003278        0x6
 i.le_get_connection_index
                0x00003278        0x6 C:\Program Files (x86)\Cypress\PSoC Creator\3.1\PSoC Creator\psoc\content\cycomponentlibrary\CyComponentLibrary.cylib\BLE_v1_20\Library\gccCyBLEStack_BLE_SOC_PERIPHERAL.a(ll_connection.o)
                0x00003278                le_get_connection_index

i.ll_allocate_connection
                0x00003280       0x44
 i.ll_allocate_connection
                0x00003280       0x44 C:\Program Files (x86)\Cypress\PSoC Creator\3.1\PSoC Creator\psoc\content\cycomponentlibrary\CyComponentLibrary.cylib\BLE_v1_20\Library\gccCyBLEStack_BLE_SOC_PERIPHERAL.a(ll_connection.o)
                0x00003280                ll_allocate_connection

i.ll_calculate_and_program_def_win_widen_drift
                0x000032c4       0x14
 i.ll_calculate_and_program_def_win_widen_drift
                0x000032c4       0x14 C:\Program Files (x86)\Cypress\PSoC Creator\3.1\PSoC Creator\psoc\content\cycomponentlibrary\CyComponentLibrary.cylib\BLE_v1_20\Library\gccCyBLEStack_BLE_SOC_PERIPHERAL.a(ll_connection.o)
                0x000032c4                ll_calculate_and_program_def_win_widen_drift

i.ll_calculate_drift
                0x000032d8       0x2c
 i.ll_calculate_drift
                0x000032d8       0x2c C:\Program Files (x86)\Cypress\PSoC Creator\3.1\PSoC Creator\psoc\content\cycomponentlibrary\CyComponentLibrary.cylib\BLE_v1_20\Library\gccCyBLEStack_BLE_SOC_PERIPHERAL.a(ll_connection.o)
                0x000032d8                ll_calculate_drift

i.ll_check_and_decrypt_ll_pdu
                0x00003304       0x68
 i.ll_check_and_decrypt_ll_pdu
                0x00003304       0x68 C:\Program Files (x86)\Cypress\PSoC Creator\3.1\PSoC Creator\psoc\content\cycomponentlibrary\CyComponentLibrary.cylib\BLE_v1_20\Library\gccCyBLEStack_BLE_SOC_PERIPHERAL.a(ll_connection.o)
                0x00003304                ll_check_and_decrypt_ll_pdu

i.ll_check_and_decrypt_packet
                0x0000336c       0x6a
 i.ll_check_and_decrypt_packet
                0x0000336c       0x6a C:\Program Files (x86)\Cypress\PSoC Creator\3.1\PSoC Creator\psoc\content\cycomponentlibrary\CyComponentLibrary.cylib\BLE_v1_20\Library\gccCyBLEStack_BLE_SOC_PERIPHERAL.a(ll_connection.o)
                0x0000336c                ll_check_and_decrypt_packet

i.ll_check_and_encrypt_ll_pdu
                0x000033d6       0x72
 i.ll_check_and_encrypt_ll_pdu
                0x000033d6       0x72 C:\Program Files (x86)\Cypress\PSoC Creator\3.1\PSoC Creator\psoc\content\cycomponentlibrary\CyComponentLibrary.cylib\BLE_v1_20\Library\gccCyBLEStack_BLE_SOC_PERIPHERAL.a(ll_connection.o)
                0x000033d6                ll_check_and_encrypt_ll_pdu

i.ll_check_and_encrypt_packet
                0x00003448       0x8a
 i.ll_check_and_encrypt_packet
                0x00003448       0x8a C:\Program Files (x86)\Cypress\PSoC Creator\3.1\PSoC Creator\psoc\content\cycomponentlibrary\CyComponentLibrary.cylib\BLE_v1_20\Library\gccCyBLEStack_BLE_SOC_PERIPHERAL.a(ll_connection.o)
                0x00003448                ll_check_and_encrypt_packet

i.ll_check_for_allowing_incoming_connection_update
                0x000034d2       0x42
 i.ll_check_for_allowing_incoming_connection_update
                0x000034d2       0x42 C:\Program Files (x86)\Cypress\PSoC Creator\3.1\PSoC Creator\psoc\content\cycomponentlibrary\CyComponentLibrary.cylib\BLE_v1_20\Library\gccCyBLEStack_BLE_SOC_PERIPHERAL.a(ll_connection.o)
                0x000034d2                ll_check_for_allowing_incoming_connection_update

i.ll_check_if_pdu_is_loaded_to_hardware
                0x00003514       0x1c
 i.ll_check_if_pdu_is_loaded_to_hardware
                0x00003514       0x1c C:\Program Files (x86)\Cypress\PSoC Creator\3.1\PSoC Creator\psoc\content\cycomponentlibrary\CyComponentLibrary.cylib\BLE_v1_20\Library\gccCyBLEStack_BLE_SOC_PERIPHERAL.a(ll_connection.o)
                0x00003514                ll_check_if_pdu_is_loaded_to_hardware

i.ll_check_random_address_in_use_by_initiator
                0x00003530       0x30
 i.ll_check_random_address_in_use_by_initiator
                0x00003530       0x30 C:\Program Files (x86)\Cypress\PSoC Creator\3.1\PSoC Creator\psoc\content\cycomponentlibrary\CyComponentLibrary.cylib\BLE_v1_20\Library\gccCyBLEStack_BLE_SOC_PERIPHERAL.a(ll_connection.o)
                0x00003530                ll_check_random_address_in_use_by_initiator

i.ll_check_white_list_in_use_by_initiator
                0x00003560       0x30
 i.ll_check_white_list_in_use_by_initiator
                0x00003560       0x30 C:\Program Files (x86)\Cypress\PSoC Creator\3.1\PSoC Creator\psoc\content\cycomponentlibrary\CyComponentLibrary.cylib\BLE_v1_20\Library\gccCyBLEStack_BLE_SOC_PERIPHERAL.a(ll_connection.o)
                0x00003560                ll_check_white_list_in_use_by_initiator

i.ll_conn_free_enc_txn_buffer
                0x00003590       0x16
 i.ll_conn_free_enc_txn_buffer
                0x00003590       0x16 C:\Program Files (x86)\Cypress\PSoC Creator\3.1\PSoC Creator\psoc\content\cycomponentlibrary\CyComponentLibrary.cylib\BLE_v1_20\Library\gccCyBLEStack_BLE_SOC_PERIPHERAL.a(ll_connection.o)
                0x00003590                ll_conn_free_enc_txn_buffer

i.ll_conn_fsm_update_channel_state
                0x000035a6        0x6
 i.ll_conn_fsm_update_channel_state
                0x000035a6        0x6 C:\Program Files (x86)\Cypress\PSoC Creator\3.1\PSoC Creator\psoc\content\cycomponentlibrary\CyComponentLibrary.cylib\BLE_v1_20\Library\gccCyBLEStack_BLE_SOC_PERIPHERAL.a(ll_connection.o)
                0x000035a6                ll_conn_fsm_update_channel_state

i.ll_conn_fsm_update_conn_update_state
                0x000035ac        0x6
 i.ll_conn_fsm_update_conn_update_state
                0x000035ac        0x6 C:\Program Files (x86)\Cypress\PSoC Creator\3.1\PSoC Creator\psoc\content\cycomponentlibrary\CyComponentLibrary.cylib\BLE_v1_20\Library\gccCyBLEStack_BLE_SOC_PERIPHERAL.a(ll_connection.o)
                0x000035ac                ll_conn_fsm_update_conn_update_state

i.ll_conn_fsm_update_enc_state
                0x000035b2        0x6
 i.ll_conn_fsm_update_enc_state
                0x000035b2        0x6 C:\Program Files (x86)\Cypress\PSoC Creator\3.1\PSoC Creator\psoc\content\cycomponentlibrary\CyComponentLibrary.cylib\BLE_v1_20\Library\gccCyBLEStack_BLE_SOC_PERIPHERAL.a(ll_connection.o)
                0x000035b2                ll_conn_fsm_update_enc_state

i.ll_conn_fsm_update_state
                0x000035b8        0x4
 i.ll_conn_fsm_update_state
                0x000035b8        0x4 C:\Program Files (x86)\Cypress\PSoC Creator\3.1\PSoC Creator\psoc\content\cycomponentlibrary\CyComponentLibrary.cylib\BLE_v1_20\Library\gccCyBLEStack_BLE_SOC_PERIPHERAL.a(ll_connection.o)
                0x000035b8                ll_conn_fsm_update_state

i.ll_conn_handle_data_pdu_from_host_when_data_paused
                0x000035bc        0x8
 i.ll_conn_handle_data_pdu_from_host_when_data_paused
                0x000035bc        0x8 C:\Program Files (x86)\Cypress\PSoC Creator\3.1\PSoC Creator\psoc\content\cycomponentlibrary\CyComponentLibrary.cylib\BLE_v1_20\Library\gccCyBLEStack_BLE_SOC_PERIPHERAL.a(ll_connection.o)
                0x000035bc                ll_conn_handle_data_pdu_from_host_when_data_paused

i.ll_conn_handle_direct_adv_timeout
                0x000035c4       0x2a
 i.ll_conn_handle_direct_adv_timeout
                0x000035c4       0x2a C:\Program Files (x86)\Cypress\PSoC Creator\3.1\PSoC Creator\psoc\content\cycomponentlibrary\CyComponentLibrary.cylib\BLE_v1_20\Library\gccCyBLEStack_BLE_SOC_PERIPHERAL.a(ll_connection.o)
                0x000035c4                ll_conn_handle_direct_adv_timeout

i.ll_conn_handle_ping_timer_expired_interrupt
                0x000035f0       0x1c
 i.ll_conn_handle_ping_timer_expired_interrupt
                0x000035f0       0x1c C:\Program Files (x86)\Cypress\PSoC Creator\3.1\PSoC Creator\psoc\content\cycomponentlibrary\CyComponentLibrary.cylib\BLE_v1_20\Library\gccCyBLEStack_BLE_SOC_PERIPHERAL.a(ll_connection.o)
                0x000035f0                ll_conn_handle_ping_timer_expired_interrupt

i.ll_conn_handle_ping_timer_nearly_expired_interrupt
                0x0000360c       0x20
 i.ll_conn_handle_ping_timer_nearly_expired_interrupt
                0x0000360c       0x20 C:\Program Files (x86)\Cypress\PSoC Creator\3.1\PSoC Creator\psoc\content\cycomponentlibrary\CyComponentLibrary.cylib\BLE_v1_20\Library\gccCyBLEStack_BLE_SOC_PERIPHERAL.a(ll_connection.o)
                0x0000360c                ll_conn_handle_ping_timer_nearly_expired_interrupt

i.ll_conn_handle_stop_connectable_adv
                0x0000362c       0x12
 i.ll_conn_handle_stop_connectable_adv
                0x0000362c       0x12 C:\Program Files (x86)\Cypress\PSoC Creator\3.1\PSoC Creator\psoc\content\cycomponentlibrary\CyComponentLibrary.cylib\BLE_v1_20\Library\gccCyBLEStack_BLE_SOC_PERIPHERAL.a(ll_connection.o)
                0x0000362c                ll_conn_handle_stop_connectable_adv

i.ll_conn_process_pending_transactions
                0x0000363e        0x4
 i.ll_conn_process_pending_transactions
                0x0000363e        0x4 C:\Program Files (x86)\Cypress\PSoC Creator\3.1\PSoC Creator\psoc\content\cycomponentlibrary\CyComponentLibrary.cylib\BLE_v1_20\Library\gccCyBLEStack_BLE_SOC_PERIPHERAL.a(ll_connection.o)
                0x0000363e                ll_conn_process_pending_transactions

i.ll_conn_program_authenticated_payload_timer
                0x00003644       0x50
 i.ll_conn_program_authenticated_payload_timer
                0x00003644       0x50 C:\Program Files (x86)\Cypress\PSoC Creator\3.1\PSoC Creator\psoc\content\cycomponentlibrary\CyComponentLibrary.cylib\BLE_v1_20\Library\gccCyBLEStack_BLE_SOC_PERIPHERAL.a(ll_connection.o)
                0x00003644                ll_conn_program_authenticated_payload_timer

i.ll_conn_read_data_pdu_from_hardware
                0x00003694       0x14
 i.ll_conn_read_data_pdu_from_hardware
                0x00003694       0x14 C:\Program Files (x86)\Cypress\PSoC Creator\3.1\PSoC Creator\psoc\content\cycomponentlibrary\CyComponentLibrary.cylib\BLE_v1_20\Library\gccCyBLEStack_BLE_SOC_PERIPHERAL.a(ll_connection.o)
                0x00003694                ll_conn_read_data_pdu_from_hardware

i.ll_conn_send_ping_req_pdu
                0x000036a8       0x40
 i.ll_conn_send_ping_req_pdu
                0x000036a8       0x40 C:\Program Files (x86)\Cypress\PSoC Creator\3.1\PSoC Creator\psoc\content\cycomponentlibrary\CyComponentLibrary.cylib\BLE_v1_20\Library\gccCyBLEStack_BLE_SOC_PERIPHERAL.a(ll_connection.o)
                0x000036a8                ll_conn_send_ping_req_pdu

i.ll_conn_store_pending_tx_pdu
                0x000036e8       0x1a
 i.ll_conn_store_pending_tx_pdu
                0x000036e8       0x1a C:\Program Files (x86)\Cypress\PSoC Creator\3.1\PSoC Creator\psoc\content\cycomponentlibrary\CyComponentLibrary.cylib\BLE_v1_20\Library\gccCyBLEStack_BLE_SOC_PERIPHERAL.a(ll_connection.o)
                0x000036e8                ll_conn_store_pending_tx_pdu

i.ll_conn_update_rssi
                0x00003702       0x16
 i.ll_conn_update_rssi
                0x00003702       0x16 C:\Program Files (x86)\Cypress\PSoC Creator\3.1\PSoC Creator\psoc\content\cycomponentlibrary\CyComponentLibrary.cylib\BLE_v1_20\Library\gccCyBLEStack_BLE_SOC_PERIPHERAL.a(ll_connection.o)
                0x00003702                ll_conn_update_rssi

i.ll_convert_hci_llid_to_ll_llid_host_to_controller
                0x00003718        0x8
 i.ll_convert_hci_llid_to_ll_llid_host_to_controller
                0x00003718        0x8 C:\Program Files (x86)\Cypress\PSoC Creator\3.1\PSoC Creator\psoc\content\cycomponentlibrary\CyComponentLibrary.cylib\BLE_v1_20\Library\gccCyBLEStack_BLE_SOC_PERIPHERAL.a(ll_connection.o)
                0x00003718                ll_convert_hci_llid_to_ll_llid_host_to_controller

i.ll_convert_ll_llid_to_hci_llid_controller_to_host
                0x00003720        0x2
 i.ll_convert_ll_llid_to_hci_llid_controller_to_host
                0x00003720        0x2 C:\Program Files (x86)\Cypress\PSoC Creator\3.1\PSoC Creator\psoc\content\cycomponentlibrary\CyComponentLibrary.cylib\BLE_v1_20\Library\gccCyBLEStack_BLE_SOC_PERIPHERAL.a(ll_connection.o)
                0x00003720                ll_convert_ll_llid_to_hci_llid_controller_to_host

i.ll_decode_and_program_connect_req
                0x00003724       0xec
 i.ll_decode_and_program_connect_req
                0x00003724       0xec C:\Program Files (x86)\Cypress\PSoC Creator\3.1\PSoC Creator\psoc\content\cycomponentlibrary\CyComponentLibrary.cylib\BLE_v1_20\Library\gccCyBLEStack_BLE_SOC_PERIPHERAL.a(ll_connection.o)
                0x00003724                ll_decode_and_program_connect_req

i.ll_enc_fsm_derive_session_key
                0x00003810       0x46
 i.ll_enc_fsm_derive_session_key
                0x00003810       0x46 C:\Program Files (x86)\Cypress\PSoC Creator\3.1\PSoC Creator\psoc\content\cycomponentlibrary\CyComponentLibrary.cylib\BLE_v1_20\Library\gccCyBLEStack_BLE_SOC_PERIPHERAL.a(ll_connection.o)
                0x00003810                ll_enc_fsm_derive_session_key

i.ll_enc_handle_enc_complete
                0x00003856       0x68
 i.ll_enc_handle_enc_complete
                0x00003856       0x68 C:\Program Files (x86)\Cypress\PSoC Creator\3.1\PSoC Creator\psoc\content\cycomponentlibrary\CyComponentLibrary.cylib\BLE_v1_20\Library\gccCyBLEStack_BLE_SOC_PERIPHERAL.a(ll_connection.o)
                0x00003856                ll_enc_handle_enc_complete

i.ll_enc_handle_enc_failure
                0x000038c0       0xa4
 i.ll_enc_handle_enc_failure
                0x000038c0       0xa4 C:\Program Files (x86)\Cypress\PSoC Creator\3.1\PSoC Creator\psoc\content\cycomponentlibrary\CyComponentLibrary.cylib\BLE_v1_20\Library\gccCyBLEStack_BLE_SOC_PERIPHERAL.a(ll_connection.o)
                0x000038c0                ll_enc_handle_enc_failure

i.ll_enc_handle_ll_reject_pdu_cb
                0x00003964       0x24
 i.ll_enc_handle_ll_reject_pdu_cb
                0x00003964       0x24 C:\Program Files (x86)\Cypress\PSoC Creator\3.1\PSoC Creator\psoc\content\cycomponentlibrary\CyComponentLibrary.cylib\BLE_v1_20\Library\gccCyBLEStack_BLE_SOC_PERIPHERAL.a(ll_connection.o)
                0x00003964                ll_enc_handle_ll_reject_pdu_cb

i.ll_enc_handle_ll_terminate_pdu
                0x00003988       0x16
 i.ll_enc_handle_ll_terminate_pdu
                0x00003988       0x16 C:\Program Files (x86)\Cypress\PSoC Creator\3.1\PSoC Creator\psoc\content\cycomponentlibrary\CyComponentLibrary.cylib\BLE_v1_20\Library\gccCyBLEStack_BLE_SOC_PERIPHERAL.a(ll_connection.o)
                0x00003988                ll_enc_handle_ll_terminate_pdu

i.ll_enc_handle_ll_unknown_resp_pdu_cb
                0x0000399e       0x24
 i.ll_enc_handle_ll_unknown_resp_pdu_cb
                0x0000399e       0x24 C:\Program Files (x86)\Cypress\PSoC Creator\3.1\PSoC Creator\psoc\content\cycomponentlibrary\CyComponentLibrary.cylib\BLE_v1_20\Library\gccCyBLEStack_BLE_SOC_PERIPHERAL.a(ll_connection.o)
                0x0000399e                ll_enc_handle_ll_unknown_resp_pdu_cb

i.ll_enc_handle_slave_await_to_start_cb
                0x000039c4       0x80
 i.ll_enc_handle_slave_await_to_start_cb
                0x000039c4       0x80 C:\Program Files (x86)\Cypress\PSoC Creator\3.1\PSoC Creator\psoc\content\cycomponentlibrary\CyComponentLibrary.cylib\BLE_v1_20\Library\gccCyBLEStack_BLE_SOC_PERIPHERAL.a(ll_connection.o)
                0x000039c4                ll_enc_handle_slave_await_to_start_cb

i.ll_enc_handle_slave_enc_resp_ack_cb
                0x00003a44       0x28
 i.ll_enc_handle_slave_enc_resp_ack_cb
                0x00003a44       0x28 C:\Program Files (x86)\Cypress\PSoC Creator\3.1\PSoC Creator\psoc\content\cycomponentlibrary\CyComponentLibrary.cylib\BLE_v1_20\Library\gccCyBLEStack_BLE_SOC_PERIPHERAL.a(ll_connection.o)
                0x00003a44                ll_enc_handle_slave_enc_resp_ack_cb

i.ll_enc_handle_slave_ltk_neg_reply_cb
                0x00003a6c       0x60
 i.ll_enc_handle_slave_ltk_neg_reply_cb
                0x00003a6c       0x60 C:\Program Files (x86)\Cypress\PSoC Creator\3.1\PSoC Creator\psoc\content\cycomponentlibrary\CyComponentLibrary.cylib\BLE_v1_20\Library\gccCyBLEStack_BLE_SOC_PERIPHERAL.a(ll_connection.o)
                0x00003a6c                ll_enc_handle_slave_ltk_neg_reply_cb

i.ll_enc_handle_slave_pause_enc_req_cb
                0x00003acc       0x46
 i.ll_enc_handle_slave_pause_enc_req_cb
                0x00003acc       0x46 C:\Program Files (x86)\Cypress\PSoC Creator\3.1\PSoC Creator\psoc\content\cycomponentlibrary\CyComponentLibrary.cylib\BLE_v1_20\Library\gccCyBLEStack_BLE_SOC_PERIPHERAL.a(ll_connection.o)
                0x00003acc                ll_enc_handle_slave_pause_enc_req_cb

i.ll_enc_handle_slave_pause_enc_resp_cb
                0x00003b12       0x10
 i.ll_enc_handle_slave_pause_enc_resp_cb
                0x00003b12       0x10 C:\Program Files (x86)\Cypress\PSoC Creator\3.1\PSoC Creator\psoc\content\cycomponentlibrary\CyComponentLibrary.cylib\BLE_v1_20\Library\gccCyBLEStack_BLE_SOC_PERIPHERAL.a(ll_connection.o)
                0x00003b12                ll_enc_handle_slave_pause_enc_resp_cb

i.ll_enc_handle_slave_reject_ind_ack_cb
                0x00003b22       0x22
 i.ll_enc_handle_slave_reject_ind_ack_cb
                0x00003b22       0x22 C:\Program Files (x86)\Cypress\PSoC Creator\3.1\PSoC Creator\psoc\content\cycomponentlibrary\CyComponentLibrary.cylib\BLE_v1_20\Library\gccCyBLEStack_BLE_SOC_PERIPHERAL.a(ll_connection.o)
                0x00003b22                ll_enc_handle_slave_reject_ind_ack_cb

i.ll_enc_handle_slave_start_enc_resp_ack_cb
                0x00003b44        0x8
 i.ll_enc_handle_slave_start_enc_resp_ack_cb
                0x00003b44        0x8 C:\Program Files (x86)\Cypress\PSoC Creator\3.1\PSoC Creator\psoc\content\cycomponentlibrary\CyComponentLibrary.cylib\BLE_v1_20\Library\gccCyBLEStack_BLE_SOC_PERIPHERAL.a(ll_connection.o)
                0x00003b44                ll_enc_handle_slave_start_enc_resp_ack_cb

i.ll_enc_handle_slave_start_enc_resp_cb
                0x00003b4c       0x34
 i.ll_enc_handle_slave_start_enc_resp_cb
                0x00003b4c       0x34 C:\Program Files (x86)\Cypress\PSoC Creator\3.1\PSoC Creator\psoc\content\cycomponentlibrary\CyComponentLibrary.cylib\BLE_v1_20\Library\gccCyBLEStack_BLE_SOC_PERIPHERAL.a(ll_connection.o)
                0x00003b4c                ll_enc_handle_slave_start_enc_resp_cb

i.ll_enc_send_start_encryption_request
                0x00003b80       0x38
 i.ll_enc_send_start_encryption_request
                0x00003b80       0x38 C:\Program Files (x86)\Cypress\PSoC Creator\3.1\PSoC Creator\psoc\content\cycomponentlibrary\CyComponentLibrary.cylib\BLE_v1_20\Library\gccCyBLEStack_BLE_SOC_PERIPHERAL.a(ll_connection.o)
                0x00003b80                ll_enc_send_start_encryption_request

i.ll_extract_pdu_opcode
                0x00003bb8        0x4
 i.ll_extract_pdu_opcode
                0x00003bb8        0x4 C:\Program Files (x86)\Cypress\PSoC Creator\3.1\PSoC Creator\psoc\content\cycomponentlibrary\CyComponentLibrary.cylib\BLE_v1_20\Library\gccCyBLEStack_BLE_SOC_PERIPHERAL.a(ll_connection.o)
                0x00003bb8                ll_extract_pdu_opcode

i.ll_fsm_handle_conn_established_ind
                0x00003bbc       0x7c
 i.ll_fsm_handle_conn_established_ind
                0x00003bbc       0x7c C:\Program Files (x86)\Cypress\PSoC Creator\3.1\PSoC Creator\psoc\content\cycomponentlibrary\CyComponentLibrary.cylib\BLE_v1_20\Library\gccCyBLEStack_BLE_SOC_PERIPHERAL.a(ll_connection.o)
                0x00003bbc                ll_fsm_handle_conn_established_ind

i.ll_fsm_handle_conn_failure_ind
                0x00003c38        0xc
 i.ll_fsm_handle_conn_failure_ind
                0x00003c38        0xc C:\Program Files (x86)\Cypress\PSoC Creator\3.1\PSoC Creator\psoc\content\cycomponentlibrary\CyComponentLibrary.cylib\BLE_v1_20\Library\gccCyBLEStack_BLE_SOC_PERIPHERAL.a(ll_connection.o)
                0x00003c38                ll_fsm_handle_conn_failure_ind

i.ll_fsm_handle_disconnecting_state
                0x00003c44       0x16
 i.ll_fsm_handle_disconnecting_state
                0x00003c44       0x16 C:\Program Files (x86)\Cypress\PSoC Creator\3.1\PSoC Creator\psoc\content\cycomponentlibrary\CyComponentLibrary.cylib\BLE_v1_20\Library\gccCyBLEStack_BLE_SOC_PERIPHERAL.a(ll_connection.o)
                0x00003c44                ll_fsm_handle_disconnecting_state

i.ll_fsm_handle_end_of_conn_interval
                0x00003c5c       0x30
 i.ll_fsm_handle_end_of_conn_interval
                0x00003c5c       0x30 C:\Program Files (x86)\Cypress\PSoC Creator\3.1\PSoC Creator\psoc\content\cycomponentlibrary\CyComponentLibrary.cylib\BLE_v1_20\Library\gccCyBLEStack_BLE_SOC_PERIPHERAL.a(ll_connection.o)
                0x00003c5c                ll_fsm_handle_end_of_conn_interval

i.ll_fsm_handle_pdu_response_timeout
                0x00003c8c       0x20
 i.ll_fsm_handle_pdu_response_timeout
                0x00003c8c       0x20 C:\Program Files (x86)\Cypress\PSoC Creator\3.1\PSoC Creator\psoc\content\cycomponentlibrary\CyComponentLibrary.cylib\BLE_v1_20\Library\gccCyBLEStack_BLE_SOC_PERIPHERAL.a(ll_connection.o)
                0x00003c8c                ll_fsm_handle_pdu_response_timeout

i.ll_fsm_handle_sup_timeout_ind
                0x00003cac       0x22
 i.ll_fsm_handle_sup_timeout_ind
                0x00003cac       0x22 C:\Program Files (x86)\Cypress\PSoC Creator\3.1\PSoC Creator\psoc\content\cycomponentlibrary\CyComponentLibrary.cylib\BLE_v1_20\Library\gccCyBLEStack_BLE_SOC_PERIPHERAL.a(ll_connection.o)
                0x00003cac                ll_fsm_handle_sup_timeout_ind

i.ll_fsm_move_to_disconnected_state
                0x00003cce       0x94
 i.ll_fsm_move_to_disconnected_state
                0x00003cce       0x94 C:\Program Files (x86)\Cypress\PSoC Creator\3.1\PSoC Creator\psoc\content\cycomponentlibrary\CyComponentLibrary.cylib\BLE_v1_20\Library\gccCyBLEStack_BLE_SOC_PERIPHERAL.a(ll_connection.o)
                0x00003cce                ll_fsm_move_to_disconnected_state

i.ll_generate_connection_complete
                0x00003d62       0x62
 i.ll_generate_connection_complete
                0x00003d62       0x62 C:\Program Files (x86)\Cypress\PSoC Creator\3.1\PSoC Creator\psoc\content\cycomponentlibrary\CyComponentLibrary.cylib\BLE_v1_20\Library\gccCyBLEStack_BLE_SOC_PERIPHERAL.a(ll_connection.o)
                0x00003d62                ll_generate_connection_complete

i.ll_generate_disconnection_complete
                0x00003dc4        0xe
 i.ll_generate_disconnection_complete